Component: ARM Compiler 5.06 update 6 (build 750) Tool: armlink [4d35ed]

==============================================================================

Section Cross References

    startup_stm32f103xb.o(RESET) refers to startup_stm32f103xb.o(STACK) for __initial_sp
    startup_stm32f103xb.o(RESET) refers to startup_stm32f103xb.o(.text) for Reset_Handler
    startup_stm32f103xb.o(RESET) refers to stm32f1xx_it.o(i.NMI_Handler) for NMI_Handler
    startup_stm32f103xb.o(RESET) refers to stm32f1xx_it.o(i.HardFault_Handler) for HardFault_Handler
    startup_stm32f103xb.o(RESET) refers to stm32f1xx_it.o(i.MemManage_Handler) for MemManage_Handler
    startup_stm32f103xb.o(RESET) refers to stm32f1xx_it.o(i.BusFault_Handler) for BusFault_Handler
    startup_stm32f103xb.o(RESET) refers to stm32f1xx_it.o(i.UsageFault_Handler) for UsageFault_Handler
    startup_stm32f103xb.o(RESET) refers to port.o(.emb_text) for SVC_Handler
    startup_stm32f103xb.o(RESET) refers to stm32f1xx_it.o(i.DebugMon_Handler) for DebugMon_Handler
    startup_stm32f103xb.o(RESET) refers to stm32f1xx_it.o(i.SysTick_Handler) for SysTick_Handler
    startup_stm32f103xb.o(RESET) refers to stm32f1xx_it.o(i.DMA1_Channel2_IRQHandler) for DMA1_Channel2_IRQHandler
    startup_stm32f103xb.o(RESET) refers to stm32f1xx_it.o(i.DMA1_Channel7_IRQHandler) for DMA1_Channel7_IRQHandler
    startup_stm32f103xb.o(RESET) refers to stm32f1xx_it.o(i.USART2_IRQHandler) for USART2_IRQHandler
    startup_stm32f103xb.o(RESET) refers to stm32f1xx_it.o(i.USART3_IRQHandler) for USART3_IRQHandler
    startup_stm32f103xb.o(.text) refers to system_stm32f1xx.o(i.SystemInit) for SystemInit
    startup_stm32f103xb.o(.text) refers to entry.o(.ARM.Collect$$$$00000000) for __main
    st7735.o(i.ST7735_AddrSet) refers to st7735.o(i.ST7735_cmd) for ST7735_cmd
    st7735.o(i.ST7735_AddrSet) refers to stm32f1xx_hal_gpio.o(i.HAL_GPIO_WritePin) for HAL_GPIO_WritePin
    st7735.o(i.ST7735_AddrSet) refers to st7735.o(i.ST7735_write) for ST7735_write
    st7735.o(i.ST7735_Clear) refers to stm32f1xx_hal_gpio.o(i.HAL_GPIO_WritePin) for HAL_GPIO_WritePin
    st7735.o(i.ST7735_Clear) refers to st7735.o(i.ST7735_AddrSet) for ST7735_AddrSet
    st7735.o(i.ST7735_Clear) refers to st7735.o(i.ST7735_write) for ST7735_write
    st7735.o(i.ST7735_Clear) refers to st7735.o(.data) for .data
    st7735.o(i.ST7735_FillRect) refers to stm32f1xx_hal_gpio.o(i.HAL_GPIO_WritePin) for HAL_GPIO_WritePin
    st7735.o(i.ST7735_FillRect) refers to st7735.o(i.ST7735_AddrSet) for ST7735_AddrSet
    st7735.o(i.ST7735_FillRect) refers to st7735.o(i.ST7735_write) for ST7735_write
    st7735.o(i.ST7735_HLine) refers to stm32f1xx_hal_gpio.o(i.HAL_GPIO_WritePin) for HAL_GPIO_WritePin
    st7735.o(i.ST7735_HLine) refers to st7735.o(i.ST7735_AddrSet) for ST7735_AddrSet
    st7735.o(i.ST7735_HLine) refers to st7735.o(i.ST7735_write) for ST7735_write
    st7735.o(i.ST7735_Init) refers to stm32f1xx_hal_gpio.o(i.HAL_GPIO_WritePin) for HAL_GPIO_WritePin
    st7735.o(i.ST7735_Init) refers to stm32f1xx_hal.o(i.HAL_Delay) for HAL_Delay
    st7735.o(i.ST7735_Init) refers to st7735.o(i.ST7735_cmd) for ST7735_cmd
    st7735.o(i.ST7735_Init) refers to st7735.o(i.ST7735_write) for ST7735_write
    st7735.o(i.ST7735_Init) refers to st7735.o(i.ST7735_data) for ST7735_data
    st7735.o(i.ST7735_Init) refers to st7735.o(i.ST7735_Orientation) for ST7735_Orientation
    st7735.o(i.ST7735_Line) refers to st7735.o(i.ST7735_VLine) for ST7735_VLine
    st7735.o(i.ST7735_Line) refers to st7735.o(i.ST7735_HLine) for ST7735_HLine
    st7735.o(i.ST7735_Line) refers to st7735.o(i.ST7735_Pixel) for ST7735_Pixel
    st7735.o(i.ST7735_Orientation) refers to stm32f1xx_hal_gpio.o(i.HAL_GPIO_WritePin) for HAL_GPIO_WritePin
    st7735.o(i.ST7735_Orientation) refers to st7735.o(i.ST7735_cmd) for ST7735_cmd
    st7735.o(i.ST7735_Orientation) refers to st7735.o(i.ST7735_data) for ST7735_data
    st7735.o(i.ST7735_Orientation) refers to st7735.o(.data) for .data
    st7735.o(i.ST7735_Pixel) refers to stm32f1xx_hal_gpio.o(i.HAL_GPIO_WritePin) for HAL_GPIO_WritePin
    st7735.o(i.ST7735_Pixel) refers to st7735.o(i.ST7735_AddrSet) for ST7735_AddrSet
    st7735.o(i.ST7735_Pixel) refers to st7735.o(i.ST7735_write) for ST7735_write
    st7735.o(i.ST7735_PutChar5x7) refers to stm32f1xx_hal_gpio.o(i.HAL_GPIO_WritePin) for HAL_GPIO_WritePin
    st7735.o(i.ST7735_PutChar5x7) refers to st7735.o(i.ST7735_AddrSet) for ST7735_AddrSet
    st7735.o(i.ST7735_PutChar5x7) refers to st7735.o(i.ST7735_write) for ST7735_write
    st7735.o(i.ST7735_PutChar5x7) refers to st7735.o(i.ST7735_FillRect) for ST7735_FillRect
    st7735.o(i.ST7735_PutChar5x7) refers to st7735.o(.constdata) for .constdata
    st7735.o(i.ST7735_PutChar7x11) refers to stm32f1xx_hal_gpio.o(i.HAL_GPIO_WritePin) for HAL_GPIO_WritePin
    st7735.o(i.ST7735_PutChar7x11) refers to st7735.o(i.ST7735_AddrSet) for ST7735_AddrSet
    st7735.o(i.ST7735_PutChar7x11) refers to st7735.o(i.ST7735_write) for ST7735_write
[...]
    i.HAL_SPI_Transmit                       0x0800170c   Section        0  stm32f1xx_hal_spi.o(i.HAL_SPI_Transmit)
    i.HAL_SYSTICK_Config                     0x08001872   Section        0  stm32f1xx_hal_cortex.o(i.HAL_SYSTICK_Config)
    i.HAL_UART_ErrorCallback                 0x0800189a   Section        0  stm32f1xx_hal_uart.o(i.HAL_UART_ErrorCallback)
    i.HAL_UART_IRQHandler                    0x0800189c   Section        0  stm32f1xx_hal_uart.o(i.HAL_UART_IRQHandler)
    i.HAL_UART_Init                          0x080019f8   Section        0  stm32f1xx_hal_uart.o(i.HAL_UART_Init)
    i.HAL_UART_MspInit                       0x08001a5c   Section        0  usart.o(i.HAL_UART_MspInit)
    i.HAL_UART_Receive                       0x08001be8   Section        0  stm32f1xx_hal_uart.o(i.HAL_UART_Receive)
    i.HAL_UART_Receive_IT                    0x08001ca4   Section        0  stm32f1xx_hal_uart.o(i.HAL_UART_Receive_IT)
    i.HAL_UART_RxCpltCallback                0x08001cf8   Section        0  main.o(i.HAL_UART_RxCpltCallback)
    i.HAL_UART_Transmit                      0x08001d34   Section        0  stm32f1xx_hal_uart.o(i.HAL_UART_Transmit)
    i.HAL_UART_Transmit_DMA                  0x08001de8   Section        0  stm32f1xx_hal_uart.o(i.HAL_UART_Transmit_DMA)
    i.HAL_UART_TxCpltCallback                0x08001e68   Section        0  stm32f1xx_hal_uart.o(i.HAL_UART_TxCpltCallback)
    i.HAL_UART_TxHalfCpltCallback            0x08001e6a   Section        0  stm32f1xx_hal_uart.o(i.HAL_UART_TxHalfCpltCallback)
    i.HardFault_Handler                      0x08001e6c   Section        0  stm32f1xx_it.o(i.HardFault_Handler)
    i.Init_PM25                              0x08001e6e   Section        0  pm25.o(i.Init_PM25)
    i.Init_Voc                               0x08001e8c   Section        0  voc.o(i.Init_Voc)
    i.MX_DMA_Init                            0x08001eac   Section        0  dma.o(i.MX_DMA_Init)
    i.MX_FREERTOS_Init                       0x08001ee8   Section        0  freertos.o(i.MX_FREERTOS_Init)
    i.MX_GPIO_Init                           0x08001fa0   Section        0  gpio.o(i.MX_GPIO_Init)
    i.MX_SPI1_Init                           0x08002080   Section        0  spi.o(i.MX_SPI1_Init)
    i.MX_USART1_UART_Init                    0x080020c8   Section        0  usart.o(i.MX_USART1_UART_Init)
    i.MX_USART2_UART_Init                    0x08002100   Section        0  usart.o(i.MX_USART2_UART_Init)
    i.MX_USART3_UART_Init                    0x08002138   Section        0  usart.o(i.MX_USART3_UART_Init)
    i.MemManage_Handler                      0x08002170   Section        0  stm32f1xx_it.o(i.MemManage_Handler)
    i.NMI_Handler                            0x08002172   Section        0  stm32f1xx_it.o(i.NMI_Handler)
    i.PM25_Set_Read_Mod                      0x08002174   Section        0  pm25.o(i.PM25_Set_Read_Mod)
    i.Read_Key                               0x080021f4   Section        0  key.o(i.Read_Key)
    i.Read_SHT2x_Data                        0x080022bc   Section        0  sht2x_i2c.o(i.Read_SHT2x_Data)
    i.SHT2x_SoftReset                        0x08002352   Section        0  sht2x_i2c.o(i.SHT2x_SoftReset)
    i.SPI_EndRxTxTransaction                 0x08002376   Section        0  stm32f1xx_hal_spi.o(i.SPI_EndRxTxTransaction)
    SPI_EndRxTxTransaction                   0x08002377   Thumb Code    32  stm32f1xx_hal_spi.o(i.SPI_EndRxTxTransaction)
    i.SPI_WaitFlagStateUntilTimeout          0x08002398   Section        0  stm32f1xx_hal_spi.o(i.SPI_WaitFlagStateUntilTimeout)
    SPI_WaitFlagStateUntilTimeout            0x08002399   Thumb Code   180  stm32f1xx_hal_spi.o(i.SPI_WaitFlagStateUntilTimeout)
    i.ST7735_AddrSet                         0x08002450   Section        0  st7735.o(i.ST7735_AddrSet)
    i.ST7735_Clear                           0x080024c8   Section        0  st7735.o(i.ST7735_Clear)
    i.ST7735_HLine                           0x0800253c   Section        0  st7735.o(i.ST7735_HLine)
    i.ST7735_Init                            0x080025a4   Section        0  st7735.o(i.ST7735_Init)
    i.ST7735_Orientation                     0x080026d0   Section        0  st7735.o(i.ST7735_Orientation)
    i.ST7735_PutChar7x11                     0x08002730   Section        0  st7735.o(i.ST7735_PutChar7x11)
    i.ST7735_PutStr7x11                      0x08002834   Section        0  st7735.o(i.ST7735_PutStr7x11)
    i.ST7735_Rect                            0x08002888   Section        0  st7735.o(i.ST7735_Rect)
    i.ST7735_VLine                           0x080028c8   Section        0  st7735.o(i.ST7735_VLine)
    i.ST7735_cmd                             0x08002930   Section        0  st7735.o(i.ST7735_cmd)
    i.ST7735_data                            0x0800294c   Section        0  st7735.o(i.ST7735_data)
    i.ST7735_write                           0x08002968   Section        0  st7735.o(i.ST7735_write)
    i.Standby_PM25                           0x0800297c   Section        0  pm25.o(i.Standby_PM25)
    i.StartDefaultTask                       0x080029a8   Section        0  freertos.o(i.StartDefaultTask)
    i.StartTask_Atmosphere                   0x080029ec   Section        0  freertos.o(i.StartTask_Atmosphere)
    i.StartTask_LCD_Display                  0x08002ac4   Section        0  freertos.o(i.StartTask_LCD_Display)
    i.StartTask_Modbus                       0x08002c58   Section        0  freertos.o(i.StartTask_Modbus)
    i.StartTask_TH_Sensor                    0x08002c60   Section        0  freertos.o(i.StartTask_TH_Sensor)
    i.Sum_Compute                            0x08002c6c   Section        0  pm25.o(i.Sum_Compute)
    i.SysTick_Handler                        0x08002c84   Section        0  stm32f1xx_it.o(i.SysTick_Handler)
    i.SystemClock_Config                     0x08002c9c   Section        0  main.o(i.SystemClock_Config)
    i.SystemInit                             0x08002cea   Section        0  system_stm32f1xx.o(i.SystemInit)
    i.Task_TH_Sensor                         0x08002cec   Section        0  sht2x_i2c.o(i.Task_TH_Sensor)
    i.UART_DMAAbortOnError                   0x08002d64   Section        0  stm32f1xx_hal_uart.o(i.UART_DMAAbortOnError)
    UART_DMAAbortOnError                     0x08002d65   Thumb Code    16  stm32f1xx_hal_uart.o(i.UART_DMAAbortOnError)
    i.UART_DMAError                          0x08002d74   Section        0  stm32f1xx_hal_uart.o(i.UART_DMAError)
    UART_DMAError                            0x08002d75   Thumb Code    74  stm32f1xx_hal_uart.o(i.UART_DMAError)
    i.UART_DMATransmitCplt                   0x08002dbe   Section        0  stm32f1xx_hal_uart.o(i.UART_DMATransmitCplt)
    UART_DMATransmitCplt                     0x08002dbf   Thumb Code    46  stm32f1xx_hal_uart.o(i.UART_DMATransmitCplt)
    i.UART_DMATxHalfCplt                     0x08002dec   Section        0  stm32f1xx_hal_uart.o(i.UART_DMATxHalfCplt)
    UART_DMATxHalfCplt                       0x08002ded   Thumb Code    10  stm32f1xx_hal_uart.o(i.UART_DMATxHalfCplt)
    i.UART_EndRxTransfer                     0x08002df6   Section        0  stm32f1xx_hal_uart.o(i.UART_EndRxTransfer)
    UART_EndRxTransfer                       0x08002df7   Thumb Code    28  stm32f1xx_hal_uart.o(i.UART_EndRxTransfer)
    i.UART_EndTxTransfer                     0x08002e12   Section        0  stm32f1xx_hal_uart.o(i.UART_EndTxTransfer)
    UART_EndTxTransfer                       0x08002e13   Thumb Code    18  stm32f1xx_hal_uart.o(i.UART_EndTxTransfer)
    i.UART_Receive_IT                        0x08002e24   Section        0  stm32f1xx_hal_uart.o(i.UART_Receive_IT)
    UART_Receive_IT                          0x08002e25   Thumb Code   140  stm32f1xx_hal_uart.o(i.UART_Receive_IT)
    i.UART_SetConfig                         0x08002eb0   Section        0  stm32f1xx_hal_uart.o(i.UART_SetConfig)
    UART_SetConfig                           0x08002eb1   Thumb Code   178  stm32f1xx_hal_uart.o(i.UART_SetConfig)
    i.UART_WaitOnFlagUntilTimeout            0x08002f68   Section        0  stm32f1xx_hal_uart.o(i.UART_WaitOnFlagUntilTimeout)
    UART_WaitOnFlagUntilTimeout              0x08002f69   Thumb Code   100  stm32f1xx_hal_uart.o(i.UART_WaitOnFlagUntilTimeout)
    i.USART2_IRQHandler                      0x08002fcc   Section        0  stm32f1xx_it.o(i.USART2_IRQHandler)
    i.USART3_IRQHandler                      0x08002fd8   Section        0  stm32f1xx_it.o(i.USART3_IRQHandler)
    i.UsageFault_Handler                     0x08002fe4   Section        0  stm32f1xx_it.o(i.UsageFault_Handler)
    i.Voc_Set_Read_Mod                       0x08002fe8   Section        0  voc.o(i.Voc_Set_Read_Mod)
    i.Work_PM25                              0x0800306c   Section        0  pm25.o(i.Work_PM25)
    i.__0sprintf                             0x08003098   Section        0  printfa.o(i.__0sprintf)
    i.__NVIC_SetPriority                     0x080030c0   Section        0  stm32f1xx_hal_cortex.o(i.__NVIC_SetPriority)
    __NVIC_SetPriority                       0x080030c1   Thumb Code    32  stm32f1xx_hal_cortex.o(i.__NVIC_SetPriority)
    i.__scatterload_copy                     0x080030e0   Section       14  handlers.o(i.__scatterload_copy)
    i.__scatterload_null                     0x080030ee   Section        2  handlers.o(i.__scatterload_null)
    i.__scatterload_zeroinit                 0x080030f0   Section       14  handlers.o(i.__scatterload_zeroinit)
    i._fp_digits                             0x08003100   Section        0  printfa.o(i._fp_digits)
    _fp_digits                               0x08003101   Thumb Code   366  printfa.o(i._fp_digits)
    i._printf_core                           0x08003284   Section        0  printfa.o(i._printf_core)
    _printf_core                             0x08003285   Thumb Code  1744  printfa.o(i._printf_core)
    i._printf_post_padding                   0x08003960   Section        0  printfa.o(i._printf_post_padding)
    _printf_post_padding                     0x08003961   Thumb Code    36  printfa.o(i._printf_post_padding)
    i._printf_pre_padding                    0x08003984   Section        0  printfa.o(i._printf_pre_padding)
    _printf_pre_padding                      0x08003985   Thumb Code    46  printfa.o(i._printf_pre_padding)
    i._sputc                                 0x080039b2   Section        0  printfa.o(i._sputc)
    _sputc                                   0x080039b3   Thumb Code    10  printfa.o(i._sputc)
    i.i2c_Ack                                0x080039bc   Section        0  bsp_i2c_gpio.o(i.i2c_Ack)
    i.i2c_CfgGpio                            0x080039e8   Section        0  bsp_i2c_gpio.o(i.i2c_CfgGpio)
    i.i2c_Delay                              0x08003a38   Section        0  bsp_i2c_gpio.o(i.i2c_Delay)
    i2c_Delay                                0x08003a39   Thumb Code    12  bsp_i2c_gpio.o(i.i2c_Delay)
    i.i2c_NAck                               0x08003a44   Section        0  bsp_i2c_gpio.o(i.i2c_NAck)
    i.i2c_ReadByte                           0x08003a6c   Section        0  bsp_i2c_gpio.o(i.i2c_ReadByte)
    i.i2c_SendByte                           0x08003ab4   Section        0  bsp_i2c_gpio.o(i.i2c_SendByte)
    i.i2c_Start                              0x08003b08   Section        0  bsp_i2c_gpio.o(i.i2c_Start)
    i.i2c_Stop                               0x08003b34   Section        0  bsp_i2c_gpio.o(i.i2c_Stop)
    i.i2c_WaitAck                            0x08003b54   Section        0  bsp_i2c_gpio.o(i.i2c_WaitAck)
    i.inHandlerMode                          0x08003b8c   Section        0  cmsis_os.o(i.inHandlerMode)
    inHandlerMode                            0x08003b8d   Thumb Code    12  cmsis_os.o(i.inHandlerMode)
    i.main                                   0x08003b98   Section        0  main.o(i.main)
    i.makeFreeRtosPriority                   0x08003f14   Section        0  cmsis_os.o(i.makeFreeRtosPriority)
    makeFreeRtosPriority                     0x08003f15   Thumb Code    12  cmsis_os.o(i.makeFreeRtosPriority)
    i.osDelay                                0x08003f20   Section        0  cmsis_os.o(i.osDelay)
    i.osKernelStart                          0x08003f2e   Section        0  cmsis_os.o(i.osKernelStart)
    i.osSemaphoreCreate                      0x08003f38   Section        0  cmsis_os.o(i.osSemaphoreCreate)
    i.osSemaphoreRelease                     0x08003f78   Section        0  cmsis_os.o(i.osSemaphoreRelease)
    i.osSemaphoreWait                        0x08003fc8   Section        0  cmsis_os.o(i.osSemaphoreWait)
    i.osThreadCreate                         0x0800402c   Section        0  cmsis_os.o(i.osThreadCreate)
    i.prvAddCurrentTaskToDelayedList         0x08004080   Section        0  tasks.o(i.prvAddCurrentTaskToDelayedList)
    prvAddCurrentTaskToDelayedList           0x08004081   Thumb Code   102  tasks.o(i.prvAddCurrentTaskToDelayedList)
    i.prvAddNewTaskToReadyList               0x080040f0   Section        0  tasks.o(i.prvAddNewTaskToReadyList)
    prvAddNewTaskToReadyList                 0x080040f1   Thumb Code   194  tasks.o(i.prvAddNewTaskToReadyList)
    i.prvCopyDataFromQueue                   0x080041c0   Section        0  queue.o(i.prvCopyDataFromQueue)
    prvCopyDataFromQueue                     0x080041c1   Thumb Code    38  queue.o(i.prvCopyDataFromQueue)
    i.prvCopyDataToQueue                     0x080041e6   Section        0  queue.o(i.prvCopyDataToQueue)
    prvCopyDataToQueue                       0x080041e7   Thumb Code   108  queue.o(i.prvCopyDataToQueue)
    i.prvDeleteTCB                           0x08004252   Section        0  tasks.o(i.prvDeleteTCB)
    prvDeleteTCB                             0x08004253   Thumb Code    52  tasks.o(i.prvDeleteTCB)
    i.prvHeapInit                            0x08004288   Section        0  heap_4.o(i.prvHeapInit)
    prvHeapInit                              0x08004289   Thumb Code    66  heap_4.o(i.prvHeapInit)
    i.prvIdleTask                            0x080042d4   Section        0  tasks.o(i.prvIdleTask)
    prvIdleTask                              0x080042d5   Thumb Code    82  tasks.o(i.prvIdleTask)
    i.prvInitialiseNewQueue                  0x08004334   Section        0  queue.o(i.prvInitialiseNewQueue)
    prvInitialiseNewQueue                    0x08004335   Thumb Code    22  queue.o(i.prvInitialiseNewQueue)
    i.prvInitialiseNewTask                   0x0800434a   Section        0  tasks.o(i.prvInitialiseNewTask)
    prvInitialiseNewTask                     0x0800434b   Thumb Code   142  tasks.o(i.prvInitialiseNewTask)
    i.prvInsertBlockIntoFreeList             0x080043d8   Section        0  heap_4.o(i.prvInsertBlockIntoFreeList)
    prvInsertBlockIntoFreeList               0x080043d9   Thumb Code    72  heap_4.o(i.prvInsertBlockIntoFreeList)
    i.prvIsQueueEmpty                        0x08004424   Section        0  queue.o(i.prvIsQueueEmpty)
    prvIsQueueEmpty                          0x08004425   Thumb Code    28  queue.o(i.prvIsQueueEmpty)
    i.prvResetNextTaskUnblockTime            0x08004440   Section        0  tasks.o(i.prvResetNextTaskUnblockTime)
    prvResetNextTaskUnblockTime              0x08004441   Thumb Code    26  tasks.o(i.prvResetNextTaskUnblockTime)
    i.prvTaskExitError                       0x08004460   Section        0  port.o(i.prvTaskExitError)
    prvTaskExitError                         0x08004461   Thumb Code    36  port.o(i.prvTaskExitError)
    i.prvUnlockQueue                         0x08004488   Section        0  queue.o(i.prvUnlockQueue)
    prvUnlockQueue                           0x08004489   Thumb Code   106  queue.o(i.prvUnlockQueue)
    i.pvPortMalloc                           0x080044f4   Section        0  heap_4.o(i.pvPortMalloc)
    i.pvTaskIncrementMutexHeldCount          0x080045cc   Section        0  tasks.o(i.pvTaskIncrementMutexHeldCount)
    i.pxPortInitialiseStack                  0x080045e4   Section        0  port.o(i.pxPortInitialiseStack)
    i.uxListRemove                           0x08004608   Section        0  list.o(i.uxListRemove)
    i.vApplicationGetIdleTaskMemory          0x08004630   Section        0  freertos.o(i.vApplicationGetIdleTaskMemory)
    i.vListInitialise                        0x08004644   Section        0  list.o(i.vListInitialise)
    i.vListInitialiseItem                    0x0800465a   Section        0  list.o(i.vListInitialiseItem)
    i.vListInsert                            0x08004660   Section        0  list.o(i.vListInsert)
    i.vListInsertEnd                         0x08004690   Section        0  list.o(i.vListInsertEnd)
    i.vPortEnterCritical                     0x080046a8   Section        0  port.o(i.vPortEnterCritical)
    i.vPortExitCritical                      0x080046e8   Section        0  port.o(i.vPortExitCritical)
    i.vPortFree                              0x08004710   Section        0  heap_4.o(i.vPortFree)
    i.vPortSetupTimerInterrupt               0x0800476c   Section        0  port.o(i.vPortSetupTimerInterrupt)
    i.vPortValidateInterruptPriority         0x08004790   Section        0  port.o(i.vPortValidateInterruptPriority)
    i.vTaskDelay                             0x080047e4   Section        0  tasks.o(i.vTaskDelay)
    i.vTaskInternalSetTimeOutState           0x08004830   Section        0  tasks.o(i.vTaskInternalSetTimeOutState)
    i.vTaskMissedYield                       0x08004840   Section        0  tasks.o(i.vTaskMissedYield)
    i.vTaskPlaceOnEventList                  0x0800484c   Section        0  tasks.o(i.vTaskPlaceOnEventList)
    i.vTaskPriorityDisinheritAfterTimeout    0x0800487c   Section        0  tasks.o(i.vTaskPriorityDisinheritAfterTimeout)
    i.vTaskStartScheduler                    0x08004924   Section        0  tasks.o(i.vTaskStartScheduler)
    i.vTaskSuspendAll                        0x08004990   Section        0  tasks.o(i.vTaskSuspendAll)
    i.vTaskSwitchContext                     0x080049a0   Section        0  tasks.o(i.vTaskSwitchContext)
    i.xPortStartScheduler                    0x080049fc   Section        0  port.o(i.xPortStartScheduler)
    i.xPortSysTickHandler                    0x08004aa4   Section        0  port.o(i.xPortSysTickHandler)
    i.xQueueGenericCreate                    0x08004ad0   Section        0  queue.o(i.xQueueGenericCreate)
    i.xQueueGenericCreateStatic              0x08004b18   Section        0  queue.o(i.xQueueGenericCreateStatic)
    i.xQueueGenericReset                     0x08004b80   Section        0  queue.o(i.xQueueGenericReset)
    i.xQueueGenericSend                      0x08004c08   Section        0  queue.o(i.xQueueGenericSend)
    i.xQueueGiveFromISR                      0x08004d68   Section        0  queue.o(i.xQueueGiveFromISR)
    i.xQueueReceiveFromISR                   0x08004e04   Section        0  queue.o(i.xQueueReceiveFromISR)
    i.xQueueSemaphoreTake                    0x08004ea0   Section        0  queue.o(i.xQueueSemaphoreTake)
    i.xTaskCheckForTimeOut                   0x08005018   Section        0  tasks.o(i.xTaskCheckForTimeOut)
    i.xTaskCreate                            0x0800508c   Section        0  tasks.o(i.xTaskCreate)
    i.xTaskCreateStatic                      0x080050e6   Section        0  tasks.o(i.xTaskCreateStatic)
    i.xTaskGetSchedulerState                 0x0800513c   Section        0  tasks.o(i.xTaskGetSchedulerState)
    i.xTaskIncrementTick                     0x08005158   Section        0  tasks.o(i.xTaskIncrementTick)
    i.xTaskPriorityDisinherit                0x08005220   Section        0  tasks.o(i.xTaskPriorityDisinherit)
    i.xTaskPriorityInherit                   0x080052b8   Section        0  tasks.o(i.xTaskPriorityInherit)
    i.xTaskRemoveFromEventList               0x0800534c   Section        0  tasks.o(i.xTaskRemoveFromEventList)
    i.xTaskResumeAll                         0x080053c0   Section        0  tasks.o(i.xTaskResumeAll)
    .constdata                               0x08005484   Section     3072  st7735.o(.constdata)
    Font5x7                                  0x08005484   Data         960  st7735.o(.constdata)
    Font7x11                                 0x08005844   Data        2112  st7735.o(.constdata)
    .constdata                               0x08006084   Section      164  freertos.o(.constdata)
    .constdata                               0x08006128   Section       16  system_stm32f1xx.o(.constdata)
    .constdata                               0x08006138   Section        8  system_stm32f1xx.o(.constdata)
    .conststring                             0x08006140   Section       56  freertos.o(.conststring)
    .data                                    0x20000000   Section        4  st7735.o(.data)
    .data                                    0x20000004   Section        9  voc.o(.data)
    .data                                    0x2000000d   Section        6  voc.o(.data)
    .data                                    0x20000013   Section        7  pm25.o(.data)
    .data                                    0x2000001a   Section        4  pm25.o(.data)
    .data                                    0x2000001e   Section        4  sht2x_i2c.o(.data)
    .data                                    0x20000022   Section        1  key.o(.data)
    .data                                    0x20000024   Section       14  main.o(.data)
    .data                                    0x20000034   Section       40  freertos.o(.data)
    .data                                    0x2000005c   Section       12  stm32f1xx_hal.o(.data)
    .data                                    0x20000068   Section        4  system_stm32f1xx.o(.data)
    .data                                    0x2000006c   Section       60  tasks.o(.data)
    pxDelayedTaskList                        0x20000070   Data           4  tasks.o(.data)
    pxOverflowDelayedTaskList                0x20000074   Data           4  tasks.o(.data)
    uxDeletedTasksWaitingCleanUp             0x20000078   Data           4  tasks.o(.data)
    uxCurrentNumberOfTasks                   0x2000007c   Data           4  tasks.o(.data)
    xTickCount                               0x20000080   Data           4  tasks.o(.data)
    uxTopReadyPriority                       0x20000084   Data           4  tasks.o(.data)
    xSchedulerRunning                        0x20000088   Data           4  tasks.o(.data)
    uxPendedTicks                            0x2000008c   Data           4  tasks.o(.data)
    xYieldPending                            0x20000090   Data           4  tasks.o(.data)
    xNumOfOverflows                          0x20000094   Data           4  tasks.o(.data)
    uxTaskNumber                             0x20000098   Data           4  tasks.o(.data)
    xNextTaskUnblockTime                     0x2000009c   Data           4  tasks.o(.data)
    xIdleTaskHandle                          0x200000a0   Data           4  tasks.o(.data)
    uxSchedulerSuspended                     0x200000a4   Data           4  tasks.o(.data)
    .data                                    0x200000a8   Section       24  heap_4.o(.data)
    pxEnd                                    0x200000a8   Data           4  heap_4.o(.data)
    xFreeBytesRemaining                      0x200000ac   Data           4  heap_4.o(.data)
    xMinimumEverFreeBytesRemaining           0x200000b0   Data           4  heap_4.o(.data)
    xBlockAllocatedBit                       0x200000b4   Data           4  heap_4.o(.data)
    xStart                                   0x200000b8   Data           8  heap_4.o(.data)
    .data                                    0x200000c0   Section       12  port.o(.data)
    ucMaxSysCallPriority                     0x200000c0   Data           1  port.o(.data)
    uxCriticalNesting                        0x200000c4   Data           4  port.o(.data)
    ulMaxPRIGROUPValue                       0x200000c8   Data           4  port.o(.data)
    .bss                                     0x200000cc   Section       20  voc.o(.bss)
    .bss                                     0x200000e0   Section       34  pm25.o(.bss)
    .bss                                     0x20000104   Section       72  freertos.o(.bss)
    .bss                                     0x2000014c   Section       72  freertos.o(.bss)
    .bss                                     0x20000194   Section       72  freertos.o(.bss)
    .bss                                     0x200001dc   Section      340  freertos.o(.bss)
    xIdleTaskTCBBuffer                       0x200001dc   Data          84  freertos.o(.bss)
    xIdleStack                               0x20000230   Data         256  freertos.o(.bss)
    .bss                                     0x20000330   Section       88  spi.o(.bss)
    .bss                                     0x20000388   Section      328  usart.o(.bss)
    .bss                                     0x200004d0   Section      240  tasks.o(.bss)
    pxReadyTasksLists                        0x200004d0   Data         140  tasks.o(.bss)
    xDelayedTaskList1                        0x2000055c   Data          20  tasks.o(.bss)
    xDelayedTaskList2                        0x20000570   Data          20  tasks.o(.bss)
    xPendingReadyList                        0x20000584   Data          20  tasks.o(.bss)
    xTasksWaitingTermination                 0x20000598   Data          20  tasks.o(.bss)
    xSuspendedTaskList                       0x200005ac   Data          20  tasks.o(.bss)
    .bss                                     0x200005c0   Section     3072  heap_4.o(.bss)
    ucHeap                                   0x200005c0   Data        3072  heap_4.o(.bss)
    STACK                                    0x200011c0   Section     1024  startup_stm32f103xb.o(STACK)

    Global Symbols

    Symbol Name                              Value     Ov Type        Size  Object(Section)

    BuildAttributes$$THM_ISAv4$P$D$K$B$S$PE$A:L22UL41UL21$X:L11$S22US41US21$IEEE1$IW$USESV6$~STKCKD$USESV7$~SHL$OTIME$ROPI$EBA8$MICROLIB$REQ8$PRES8$EABIv2 0x00000000   Number         0  anon$$obj.o ABSOLUTE
    __ARM_use_no_argv                        0x00000000   Number         0  main.o ABSOLUTE
    _printf_a                                0x00000000   Number         0  stubs.o ABSOLUTE
    _printf_c                                0x00000000   Number         0  stubs.o ABSOLUTE
    _printf_charcount                        0x00000000   Number         0  stubs.o ABSOLUTE
    _printf_d                                0x00000000   Number         0  stubs.o ABSOLUTE
    _printf_e                                0x00000000   Number         0  stubs.o ABSOLUTE
    _printf_f                                0x00000000   Number         0  stubs.o ABSOLUTE
    _printf_flags                            0x00000000   Number         0  stubs.o ABSOLUTE
    _printf_fp_dec                           0x00000000   Number         0  stubs.o ABSOLUTE
    _printf_fp_hex                           0x00000000   Number         0  stubs.o ABSOLUTE
    _printf_g                                0x00000000   Number         0  stubs.o ABSOLUTE
    _printf_i                                0x00000000   Number         0  stubs.o ABSOLUTE
    _printf_int_dec                          0x00000000   Number         0  stubs.o ABSOLUTE
    _printf_l                                0x00000000   Number         0  stubs.o ABSOLUTE
    _printf_lc                               0x00000000   Number         0  stubs.o ABSOLUTE
    _printf_ll                               0x00000000   Number         0  stubs.o ABSOLUTE
    _printf_lld                              0x00000000   Number         0  stubs.o ABSOLUTE
    _printf_lli                              0x00000000   Number         0  stubs.o ABSOLUTE
    _printf_llo                              0x00000000   Number         0  stubs.o ABSOLUTE
    _printf_llu                              0x00000000   Number         0  stubs.o ABSOLUTE
    _printf_llx                              0x00000000   Number         0  stubs.o ABSOLUTE
    _printf_longlong_dec                     0x00000000   Number         0  stubs.o ABSOLUTE
    _printf_longlong_hex                     0x00000000   Number         0  stubs.o ABSOLUTE
    _printf_longlong_oct                     0x00000000   Number         0  stubs.o ABSOLUTE
    _printf_ls                               0x00000000   Number         0  stubs.o ABSOLUTE
    _printf_mbtowc                           0x00000000   Number         0  stubs.o ABSOLUTE
    _printf_n                                0x00000000   Number         0  stubs.o ABSOLUTE
    _printf_o                                0x00000000   Number         0  stubs.o ABSOLUTE
    _printf_p                                0x00000000   Number         0  stubs.o ABSOLUTE
    _printf_percent                          0x00000000   Number         0  stubs.o ABSOLUTE
    _printf_pre_padding                      0x00000000   Number         0  stubs.o ABSOLUTE
    _printf_return_value                     0x00000000   Number         0  stubs.o ABSOLUTE
    _printf_s                                0x00000000   Number         0  stubs.o ABSOLUTE
    _printf_sizespec                         0x00000000   Number         0  stubs.o ABSOLUTE
    _printf_str                              0x00000000   Number         0  stubs.o ABSOLUTE
    _printf_truncate_signed                  0x00000000   Number         0  stubs.o ABSOLUTE
    _printf_truncate_unsigned                0x00000000   Number         0  stubs.o ABSOLUTE
    _printf_u                                0x00000000   Number         0  stubs.o ABSOLUTE
    _printf_wc                               0x00000000   Number         0  stubs.o ABSOLUTE
    _printf_wctomb                           0x00000000   Number         0  stubs.o ABSOLUTE
    _printf_widthprec                        0x00000000   Number         0  stubs.o ABSOLUTE
    _printf_x                                0x00000000   Number         0  stubs.o ABSOLUTE
    __cpp_initialize__aeabi_                  - Undefined Weak Reference
    __cxa_finalize                            - Undefined Weak Reference
    __decompress                              - Undefined Weak Reference
    _clock_init                               - Undefined Weak Reference
    _microlib_exit                            - Undefined Weak Reference
    __Vectors_Size                           0x000000ec   Number         0  startup_stm32f103xb.o ABSOLUTE
    __Vectors                                0x08000000   Data           4  startup_stm32f103xb.o(RESET)
    __Vectors_End                            0x080000ec   Data           0  startup_stm32f103xb.o(RESET)
    __main                                   0x080000ed   Thumb Code     0  entry.o(.ARM.Collect$$$$00000000)
    _main_stk                                0x080000ed   Thumb Code     0  entry2.o(.ARM.Collect$$$$00000001)
    _main_scatterload                        0x080000f1   Thumb Code     0  entry5.o(.ARM.Collect$$$$00000004)
    __main_after_scatterload                 0x080000f5   Thumb Code     0  entry5.o(.ARM.Collect$$$$00000004)
    _main_clock                              0x080000f5   Thumb Code     0  entry7b.o(.ARM.Collect$$$$00000008)
    _main_cpp_init                           0x080000f5   Thumb Code     0  entry8b.o(.ARM.Collect$$$$0000000A)
    _main_init                               0x080000f5   Thumb Code     0  entry9a.o(.ARM.Collect$$$$0000000B)
    __rt_final_cpp                           0x080000fd   Thumb Code     0  entry10a.o(.ARM.Collect$$$$0000000D)
    __rt_final_exit                          0x080000fd   Thumb Code     0  entry11a.o(.ARM.Collect$$$$0000000F)
    SVC_Handler                              0x08000101   Thumb Code    32  port.o(.emb_text)
    __asm___6_port_c_39a90d8d__prvStartFirstTask 0x08000125   Thumb Code    28  port.o(.emb_text)
    PendSV_Handler                           0x08000145   Thumb Code    72  port.o(.emb_text)
    vPortGetIPSR                             0x08000191   Thumb Code     6  port.o(.emb_text)
    Reset_Handler                            0x08000199   Thumb Code     8  startup_stm32f103xb.o(.text)
    ADC1_2_IRQHandler                        0x080001b3   Thumb Code     0  startup_stm32f103xb.o(.text)
    CAN1_RX1_IRQHandler                      0x080001b3   Thumb Code     0  startup_stm32f103xb.o(.text)
    CAN1_SCE_IRQHandler                      0x080001b3   Thumb Code     0  startup_stm32f103xb.o(.text)
    DMA1_Channel1_IRQHandler                 0x080001b3   Thumb Code     0  startup_stm32f103xb.o(.text)
    DMA1_Channel3_IRQHandler                 0x080001b3   Thumb Code     0  startup_stm32f103xb.o(.text)
    DMA1_Channel4_IRQHandler                 0x080001b3   Thumb Code     0  startup_stm32f103xb.o(.text)
    DMA1_Channel5_IRQHandler                 0x080001b3   Thumb Code     0  startup_stm32f103xb.o(.text)
    DMA1_Channel6_IRQHandler                 0x080001b3   Thumb Code     0  startup_stm32f103xb.o(.text)
    EXTI0_IRQHandler                         0x080001b3   Thumb Code     0  startup_stm32f103xb.o(.text)
    EXTI15_10_IRQHandler                     0x080001b3   Thumb Code     0  startup_stm32f103xb.o(.text)
    EXTI1_IRQHandler                         0x080001b3   Thumb Code     0  startup_stm32f103xb.o(.text)
    EXTI2_IRQHandler                         0x080001b3   Thumb Code     0  startup_stm32f103xb.o(.text)
    EXTI3_IRQHandler                         0x080001b3   Thumb Code     0  startup_stm32f103xb.o(.text)
    EXTI4_IRQHandler                         0x080001b3   Thumb Code     0  startup_stm32f103xb.o(.text)
    EXTI9_5_IRQHandler                       0x080001b3   Thumb Code     0  startup_stm32f103xb.o(.text)
    FLASH_IRQHandler                         0x080001b3   Thumb Code     0  startup_stm32f103xb.o(.text)
    I2C1_ER_IRQHandler                       0x080001b3   Thumb Code     0  startup_stm32f103xb.o(.text)
    I2C1_EV_IRQHandler                       0x080001b3   Thumb Code     0  startup_stm32f103xb.o(.text)
    I2C2_ER_IRQHandler                       0x080001b3   Thumb Code     0  startup_stm32f103xb.o(.text)
    I2C2_EV_IRQHandler                       0x080001b3   Thumb Code     0  startup_stm32f103xb.o(.text)
    PVD_IRQHandler                           0x080001b3   Thumb Code     0  startup_stm32f103xb.o(.text)
    RCC_IRQHandler                           0x080001b3   Thumb Code     0  startup_stm32f103xb.o(.text)
    RTC_Alarm_IRQHandler                     0x080001b3   Thumb Code     0  startup_stm32f103xb.o(.text)
    RTC_IRQHandler                           0x080001b3   Thumb Code     0  startup_stm32f103xb.o(.text)
    SPI1_IRQHandler                          0x080001b3   Thumb Code     0  startup_stm32f103xb.o(.text)
    SPI2_IRQHandler                          0x080001b3   Thumb Code     0  startup_stm32f103xb.o(.text)
    TAMPER_IRQHandler                        0x080001b3   Thumb Code     0  startup_stm32f103xb.o(.text)
    TIM1_BRK_IRQHandler                      0x080001b3   Thumb Code     0  startup_stm32f103xb.o(.text)
    TIM1_CC_IRQHandler                       0x080001b3   Thumb Code     0  startup_stm32f103xb.o(.text)
    TIM1_TRG_COM_IRQHandler                  0x080001b3   Thumb Code     0  startup_stm32f103xb.o(.text)
    TIM1_UP_IRQHandler                       0x080001b3   Thumb Code     0  startup_stm32f103xb.o(.text)
    TIM2_IRQHandler                          0x080001b3   Thumb Code     0  startup_stm32f103xb.o(.text)
    TIM3_IRQHandler                          0x080001b3   Thumb Code     0  startup_stm32f103xb.o(.text)
    TIM4_IRQHandler                          0x080001b3   Thumb Code     0  startup_stm32f103xb.o(.text)
    USART1_IRQHandler                        0x080001b3   Thumb Code     0  startup_stm32f103xb.o(.text)
    USBWakeUp_IRQHandler                     0x080001b3   Thumb Code     0  startup_stm32f103xb.o(.text)
    USB_HP_CAN1_TX_IRQHandler                0x080001b3   Thumb Code     0  startup_stm32f103xb.o(.text)
    USB_LP_CAN1_RX0_IRQHandler               0x080001b3   Thumb Code     0  startup_stm32f103xb.o(.text)
    WWDG_IRQHandler                          0x080001b3   Thumb Code     0  startup_stm32f103xb.o(.text)
    __aeabi_llsr                             0x080001bd   Thumb Code    32  llushr.o(.text)
    _ll_ushift_r                             0x080001bd   Thumb Code     0  llushr.o(.text)
    __aeabi_memcpy                           0x080001dd   Thumb Code    36  memcpya.o(.text)
    __aeabi_memcpy4                          0x080001dd   Thumb Code     0  memcpya.o(.text)
    __aeabi_memcpy8                          0x080001dd   Thumb Code     0  memcpya.o(.text)
    __aeabi_memset                           0x08000201   Thumb Code    14  memseta.o(.text)
    __aeabi_memset4                          0x08000201   Thumb Code     0  memseta.o(.text)
    __aeabi_memset8                          0x08000201   Thumb Code     0  memseta.o(.text)
    __aeabi_memclr                           0x0800020f   Thumb Code     4  memseta.o(.text)
    __aeabi_memclr4                          0x0800020f   Thumb Code     0  memseta.o(.text)
    __aeabi_memclr8                          0x0800020f   Thumb Code     0  memseta.o(.text)
    memset                                   0x08000213   Thumb Code    18  memseta.o(.text)
    __aeabi_fdiv                             0x08000225   Thumb Code   124  fdiv.o(.text)
    __aeabi_i2f                              0x080002a1   Thumb Code    18  fflti.o(.text)
    __aeabi_f2d                              0x080002b3   Thumb Code    38  f2d.o(.text)
    __aeabi_uidiv                            0x080002d9   Thumb Code     0  uidiv.o(.text)
    __aeabi_uidivmod                         0x080002d9   Thumb Code    44  uidiv.o(.text)
    __aeabi_uldivmod                         0x08000305   Thumb Code    98  uldiv.o(.text)
    __I$use$fp                               0x08000367   Thumb Code     0  iusefp.o(.text)
    _float_round                             0x08000367   Thumb Code    18  fepilogue.o(.text)
    _float_epilogue                          0x08000379   Thumb Code    92  fepilogue.o(.text)
    __aeabi_dadd                             0x080003d5   Thumb Code   322  dadd.o(.text)
    __aeabi_dsub                             0x08000517   Thumb Code     6  dadd.o(.text)
    __aeabi_drsub                            0x0800051d   Thumb Code     6  dadd.o(.text)
    __aeabi_dmul                             0x08000523   Thumb Code   228  dmul.o(.text)
    __aeabi_ddiv                             0x08000607   Thumb Code   222  ddiv.o(.text)
    __aeabi_d2ulz                            0x080006e5   Thumb Code    48  dfixul.o(.text)
    __aeabi_cdrcmple                         0x08000715   Thumb Code    48  cdrcmple.o(.text)
    __scatterload                            0x08000745   Thumb Code    28  init.o(.text)
    __scatterload_rt2                        0x08000745   Thumb Code     0  init.o(.text)
    __aeabi_llsl                             0x08000769   Thumb Code    30  llshl.o(.text)
    _ll_shift_l                              0x08000769   Thumb Code     0  llshl.o(.text)
    __aeabi_lasr                             0x08000787   Thumb Code    36  llsshr.o(.text)
    _ll_sshift_r                             0x08000787   Thumb Code     0  llsshr.o(.text)
    _double_round                            0x080007ab   Thumb Code    30  depilogue.o(.text)
    _double_epilogue                         0x080007c9   Thumb Code   156  depilogue.o(.text)
    BusFault_Handler                         0x08000865   Thumb Code     2  stm32f1xx_it.o(i.BusFault_Handler)
    CRC_Compute                              0x08000867   Thumb Code    52  voc.o(i.CRC_Compute)
    DMA1_Channel2_IRQHandler                 0x0800089d   Thumb Code     6  stm32f1xx_it.o(i.DMA1_Channel2_IRQHandler)
    DMA1_Channel7_IRQHandler                 0x080008a9   Thumb Code     6  stm32f1xx_it.o(i.DMA1_Channel7_IRQHandler)
    DebugMon_Handler                         0x080008df   Thumb Code     2  stm32f1xx_it.o(i.DebugMon_Handler)
    Error_Handler                            0x080008e1   Thumb Code     2  main.o(i.Error_Handler)
    Get_CRC8                                 0x080008e3   Thumb Code    48  sht2x_i2c.o(i.Get_CRC8)
    Get_PM25                                 0x08000915   Thumb Code   156  pm25.o(i.Get_PM25)
    Get_SHT2x_Rh                             0x080009c1   Thumb Code    36  sht2x_i2c.o(i.Get_SHT2x_Rh)
    Get_SHT2x_Temp                           0x080009e9   Thumb Code    38  sht2x_i2c.o(i.Get_SHT2x_Temp)
    Get_Voc                                  0x08000a15   Thumb Code   164  voc.o(i.Get_Voc)
    HAL_DMA_Abort_IT                         0x08000ac9   Thumb Code   148  stm32f1xx_hal_dma.o(i.HAL_DMA_Abort_IT)
    HAL_DMA_IRQHandler                       0x08000b61   Thumb Code   316  stm32f1xx_hal_dma.o(i.HAL_DMA_IRQHandler)
    HAL_DMA_Init                             0x08000cb5   Thumb Code    84  stm32f1xx_hal_dma.o(i.HAL_DMA_Init)
    HAL_DMA_Start_IT                         0x08000d11   Thumb Code   112  stm32f1xx_hal_dma.o(i.HAL_DMA_Start_IT)
    HAL_Delay                                0x08000d81   Thumb Code    32  stm32f1xx_hal.o(i.HAL_Delay)
    HAL_GPIO_Init                            0x08000da5   Thumb Code   446  stm32f1xx_hal_gpio.o(i.HAL_GPIO_Init)
    HAL_GPIO_ReadPin                         0x08000f85   Thumb Code    10  stm32f1xx_hal_gpio.o(i.HAL_GPIO_ReadPin)
    HAL_GPIO_TogglePin                       0x08000f8f   Thumb Code    16  stm32f1xx_hal_gpio.o(i.HAL_GPIO_TogglePin)
    HAL_GPIO_WritePin                        0x08000f9f   Thumb Code    10  stm32f1xx_hal_gpio.o(i.HAL_GPIO_WritePin)
    HAL_GetTick                              0x08000fa9   Thumb Code     6  stm32f1xx_hal.o(i.HAL_GetTick)
    HAL_IncTick                              0x08000fb5   Thumb Code    12  stm32f1xx_hal.o(i.HAL_IncTick)
    HAL_Init                                 0x08000fc5   Thumb Code    32  stm32f1xx_hal.o(i.HAL_Init)
    HAL_InitTick                             0x08000fe9   Thumb Code    54  stm32f1xx_hal.o(i.HAL_InitTick)
    HAL_MspInit                              0x08001029   Thumb Code    62  stm32f1xx_hal_msp.o(i.HAL_MspInit)
    HAL_NVIC_EnableIRQ                       0x08001071   Thumb Code    26  stm32f1xx_hal_cortex.o(i.HAL_NVIC_EnableIRQ)
    HAL_NVIC_SetPriority                     0x0800108d   Thumb Code    60  stm32f1xx_hal_cortex.o(i.HAL_NVIC_SetPriority)
    HAL_NVIC_SetPriorityGrouping             0x080010cd   Thumb Code    26  stm32f1xx_hal_cortex.o(i.HAL_NVIC_SetPriorityGrouping)
    HAL_RCC_ClockConfig                      0x080010f1   Thumb Code   280  stm32f1xx_hal_rcc.o(i.HAL_RCC_ClockConfig)
    HAL_RCC_GetPCLK1Freq                     0x0800121d   Thumb Code    20  stm32f1xx_hal_rcc.o(i.HAL_RCC_GetPCLK1Freq)
    HAL_RCC_GetPCLK2Freq                     0x0800123d   Thumb Code    20  stm32f1xx_hal_rcc.o(i.HAL_RCC_GetPCLK2Freq)
    HAL_RCC_GetSysClockFreq                  0x0800125d   Thumb Code    74  stm32f1xx_hal_rcc.o(i.HAL_RCC_GetSysClockFreq)
    HAL_RCC_OscConfig                        0x080012c9   Thumb Code   778  stm32f1xx_hal_rcc.o(i.HAL_RCC_OscConfig)
    HAL_SPI_Init                             0x080015e9   Thumb Code   178  stm32f1xx_hal_spi.o(i.HAL_SPI_Init)
    HAL_SPI_MspInit                          0x0800169d   Thumb Code    94  spi.o(i.HAL_SPI_MspInit)
    HAL_SPI_Transmit                         0x0800170d   Thumb Code   358  stm32f1xx_hal_spi.o(i.HAL_SPI_Transmit)
    HAL_SYSTICK_Config                       0x08001873   Thumb Code    40  stm32f1xx_hal_cortex.o(i.HAL_SYSTICK_Config)
    HAL_UART_ErrorCallback                   0x0800189b   Thumb Code     2  stm32f1xx_hal_uart.o(i.HAL_UART_ErrorCallback)
    HAL_UART_IRQHandler                      0x0800189d   Thumb Code   344  stm32f1xx_hal_uart.o(i.HAL_UART_IRQHandler)
    HAL_UART_Init                            0x080019f9   Thumb Code    98  stm32f1xx_hal_uart.o(i.HAL_UART_Init)
    HAL_UART_MspInit                         0x08001a5d   Thumb Code   364  usart.o(i.HAL_UART_MspInit)
    HAL_UART_Receive                         0x08001be9   Thumb Code   188  stm32f1xx_hal_uart.o(i.HAL_UART_Receive)
    HAL_UART_Receive_IT                      0x08001ca5   Thumb Code    82  stm32f1xx_hal_uart.o(i.HAL_UART_Receive_IT)
    HAL_UART_RxCpltCallback                  0x08001cf9   Thumb Code    42  main.o(i.HAL_UART_RxCpltCallback)
    HAL_UART_Transmit                        0x08001d35   Thumb Code   178  stm32f1xx_hal_uart.o(i.HAL_UART_Transmit)
    HAL_UART_Transmit_DMA                    0x08001de9   Thumb Code   114  stm32f1xx_hal_uart.o(i.HAL_UART_Transmit_DMA)
    HAL_UART_TxCpltCallback                  0x08001e69   Thumb Code     2  stm32f1xx_hal_uart.o(i.HAL_UART_TxCpltCallback)
    HAL_UART_TxHalfCpltCallback              0x08001e6b   Thumb Code     2  stm32f1xx_hal_uart.o(i.HAL_UART_TxHalfCpltCallback)
    HardFault_Handler                        0x08001e6d   Thumb Code     2  stm32f1xx_it.o(i.HardFault_Handler)
    Init_PM25                                0x08001e6f   Thumb Code    30  pm25.o(i.Init_PM25)
    Init_Voc                                 0x08001e8d   Thumb Code    30  voc.o(i.Init_Voc)
    MX_DMA_Init                              0x08001ead   Thumb Code    56  dma.o(i.MX_DMA_Init)
    MX_FREERTOS_Init                         0x08001ee9   Thumb Code   176  freertos.o(i.MX_FREERTOS_Init)
    MX_GPIO_Init                             0x08001fa1   Thumb Code   208  gpio.o(i.MX_GPIO_Init)
    MX_SPI1_Init                             0x08002081   Thumb Code    62  spi.o(i.MX_SPI1_Init)
    MX_USART1_UART_Init                      0x080020c9   Thumb Code    48  usart.o(i.MX_USART1_UART_Init)
    MX_USART2_UART_Init                      0x08002101   Thumb Code    48  usart.o(i.MX_USART2_UART_Init)
    MX_USART3_UART_Init                      0x08002139   Thumb Code    48  usart.o(i.MX_USART3_UART_Init)
    MemManage_Handler                        0x08002171   Thumb Code     2  stm32f1xx_it.o(i.MemManage_Handler)
    NMI_Handler                              0x08002173   Thumb Code     2  stm32f1xx_it.o(i.NMI_Handler)
    PM25_Set_Read_Mod                        0x08002175   Thumb Code   110  pm25.o(i.PM25_Set_Read_Mod)
    Read_Key                                 0x080021f5   Thumb Code   190  key.o(i.Read_Key)
    Read_SHT2x_Data                          0x080022bd   Thumb Code   150  sht2x_i2c.o(i.Read_SHT2x_Data)
    SHT2x_SoftReset                          0x08002353   Thumb Code    36  sht2x_i2c.o(i.SHT2x_SoftReset)
    ST7735_AddrSet                           0x08002451   Thumb Code   114  st7735.o(i.ST7735_AddrSet)
    ST7735_Clear                             0x080024c9   Thumb Code   102  st7735.o(i.ST7735_Clear)
    ST7735_HLine                             0x0800253d   Thumb Code    96  st7735.o(i.ST7735_HLine)
    ST7735_Init                              0x080025a5   Thumb Code   292  st7735.o(i.ST7735_Init)
    ST7735_Orientation                       0x080026d1   Thumb Code    88  st7735.o(i.ST7735_Orientation)
    ST7735_PutChar7x11                       0x08002731   Thumb Code   248  st7735.o(i.ST7735_PutChar7x11)
    ST7735_PutStr7x11                        0x08002835   Thumb Code    80  st7735.o(i.ST7735_PutStr7x11)
    ST7735_Rect                              0x08002889   Thumb Code    64  st7735.o(i.ST7735_Rect)
    ST7735_VLine                             0x080028c9   Thumb Code    96  st7735.o(i.ST7735_VLine)
    ST7735_cmd                               0x08002931   Thumb Code    24  st7735.o(i.ST7735_cmd)
    ST7735_data                              0x0800294d   Thumb Code    24  st7735.o(i.ST7735_data)
    ST7735_write                             0x08002969   Thumb Code    16  st7735.o(i.ST7735_write)
    Standby_PM25                             0x0800297d   Thumb Code    30  pm25.o(i.Standby_PM25)
    StartDefaultTask                         0x080029a9   Thumb Code    64  freertos.o(i.StartDefaultTask)
    StartTask_Atmosphere                     0x080029ed   Thumb Code   184  freertos.o(i.StartTask_Atmosphere)
    StartTask_LCD_Display                    0x08002ac5   Thumb Code   326  freertos.o(i.StartTask_LCD_Display)
    StartTask_Modbus                         0x08002c59   Thumb Code     8  freertos.o(i.StartTask_Modbus)
    StartTask_TH_Sensor                      0x08002c61   Thumb Code    12  freertos.o(i.StartTask_TH_Sensor)
    Sum_Compute                              0x08002c6d   Thumb Code    24  pm25.o(i.Sum_Compute)
    SysTick_Handler                          0x08002c85   Thumb Code    24  stm32f1xx_it.o(i.SysTick_Handler)
    SystemClock_Config                       0x08002c9d   Thumb Code    78  main.o(i.SystemClock_Config)
    SystemInit                               0x08002ceb   Thumb Code     2  system_stm32f1xx.o(i.SystemInit)
    Task_TH_Sensor                           0x08002ced   Thumb Code   110  sht2x_i2c.o(i.Task_TH_Sensor)
    USART2_IRQHandler                        0x08002fcd   Thumb Code     6  stm32f1xx_it.o(i.USART2_IRQHandler)
    USART3_IRQHandler                        0x08002fd9   Thumb Code     6  stm32f1xx_it.o(i.USART3_IRQHandler)
    UsageFault_Handler                       0x08002fe5   Thumb Code     2  stm32f1xx_it.o(i.UsageFault_Handler)
    Voc_Set_Read_Mod                         0x08002fe9   Thumb Code   112  voc.o(i.Voc_Set_Read_Mod)
    Work_PM25                                0x0800306d   Thumb Code    30  pm25.o(i.Work_PM25)
    __0sprintf                               0x08003099   Thumb Code    34  printfa.o(i.__0sprintf)
    __1sprintf                               0x08003099   Thumb Code     0  printfa.o(i.__0sprintf)
    __2sprintf                               0x08003099   Thumb Code     0  printfa.o(i.__0sprintf)
    __c89sprintf                             0x08003099   Thumb Code     0  printfa.o(i.__0sprintf)
    sprintf                                  0x08003099   Thumb Code     0  printfa.o(i.__0sprintf)
    __scatterload_copy                       0x080030e1   Thumb Code    14  handlers.o(i.__scatterload_copy)
    __scatterload_null                       0x080030ef   Thumb Code     2  handlers.o(i.__scatterload_null)
    __scatterload_zeroinit                   0x080030f1   Thumb Code    14  handlers.o(i.__scatterload_zeroinit)
    i2c_Ack                                  0x080039bd   Thumb Code    38  bsp_i2c_gpio.o(i.i2c_Ack)
    i2c_CfgGpio                              0x080039e9   Thumb Code    72  bsp_i2c_gpio.o(i.i2c_CfgGpio)
    i2c_NAck                                 0x08003a45   Thumb Code    34  bsp_i2c_gpio.o(i.i2c_NAck)
    i2c_ReadByte                             0x08003a6d   Thumb Code    68  bsp_i2c_gpio.o(i.i2c_ReadByte)
    i2c_SendByte                             0x08003ab5   Thumb Code    80  bsp_i2c_gpio.o(i.i2c_SendByte)
    i2c_Start                                0x08003b09   Thumb Code    38  bsp_i2c_gpio.o(i.i2c_Start)
    i2c_Stop                                 0x08003b35   Thumb Code    26  bsp_i2c_gpio.o(i.i2c_Stop)
    i2c_WaitAck                              0x08003b55   Thumb Code    52  bsp_i2c_gpio.o(i.i2c_WaitAck)
    main                                     0x08003b99   Thumb Code   750  main.o(i.main)
    osDelay                                  0x08003f21   Thumb Code    14  cmsis_os.o(i.osDelay)
    osKernelStart                            0x08003f2f   Thumb Code    10  cmsis_os.o(i.osKernelStart)
    osSemaphoreCreate                        0x08003f39   Thumb Code    62  cmsis_os.o(i.osSemaphoreCreate)
    osSemaphoreRelease                       0x08003f79   Thumb Code    74  cmsis_os.o(i.osSemaphoreRelease)
    osSemaphoreWait                          0x08003fc9   Thumb Code    96  cmsis_os.o(i.osSemaphoreWait)
    osThreadCreate                           0x0800402d   Thumb Code    84  cmsis_os.o(i.osThreadCreate)
    pvPortMalloc                             0x080044f5   Thumb Code   210  heap_4.o(i.pvPortMalloc)
    pvTaskIncrementMutexHeldCount            0x080045cd   Thumb Code    18  tasks.o(i.pvTaskIncrementMutexHeldCount)
    pxPortInitialiseStack                    0x080045e5   Thumb Code    32  port.o(i.pxPortInitialiseStack)
    uxListRemove                             0x08004609   Thumb Code    38  list.o(i.uxListRemove)
    vApplicationGetIdleTaskMemory            0x08004631   Thumb Code    16  freertos.o(i.vApplicationGetIdleTaskMemory)
    vListInitialise                          0x08004645   Thumb Code    22  list.o(i.vListInitialise)
    vListInitialiseItem                      0x0800465b   Thumb Code     6  list.o(i.vListInitialiseItem)
    vListInsert                              0x08004661   Thumb Code    48  list.o(i.vListInsert)
    vListInsertEnd                           0x08004691   Thumb Code    24  list.o(i.vListInsertEnd)
    vPortEnterCritical                       0x080046a9   Thumb Code    54  port.o(i.vPortEnterCritical)
    vPortExitCritical                        0x080046e9   Thumb Code    34  port.o(i.vPortExitCritical)
    vPortFree                                0x08004711   Thumb Code    88  heap_4.o(i.vPortFree)
    vPortSetupTimerInterrupt                 0x0800476d   Thumb Code    32  port.o(i.vPortSetupTimerInterrupt)
    vPortValidateInterruptPriority           0x08004791   Thumb Code    74  port.o(i.vPortValidateInterruptPriority)
    vTaskDelay                               0x080047e5   Thumb Code    66  tasks.o(i.vTaskDelay)
    vTaskInternalSetTimeOutState             0x08004831   Thumb Code    12  tasks.o(i.vTaskInternalSetTimeOutState)
    vTaskMissedYield                         0x08004841   Thumb Code     8  tasks.o(i.vTaskMissedYield)
    vTaskPlaceOnEventList                    0x0800484d   Thumb Code    44  tasks.o(i.vTaskPlaceOnEventList)
    vTaskPriorityDisinheritAfterTimeout      0x0800487d   Thumb Code   160  tasks.o(i.vTaskPriorityDisinheritAfterTimeout)
    vTaskStartScheduler                      0x08004925   Thumb Code    90  tasks.o(i.vTaskStartScheduler)
    vTaskSuspendAll                          0x08004991   Thumb Code    10  tasks.o(i.vTaskSuspendAll)
    vTaskSwitchContext                       0x080049a1   Thumb Code    82  tasks.o(i.vTaskSwitchContext)
    xPortStartScheduler                      0x080049fd   Thumb Code   154  port.o(i.xPortStartScheduler)
    xPortSysTickHandler                      0x08004aa5   Thumb Code    38  port.o(i.xPortSysTickHandler)
    xQueueGenericCreate                      0x08004ad1   Thumb Code    72  queue.o(i.xQueueGenericCreate)
    xQueueGenericCreateStatic                0x08004b19   Thumb Code   102  queue.o(i.xQueueGenericCreateStatic)
    xQueueGenericReset                       0x08004b81   Thumb Code   132  queue.o(i.xQueueGenericReset)
    xQueueGenericSend                        0x08004c09   Thumb Code   346  queue.o(i.xQueueGenericSend)
    xQueueGiveFromISR                        0x08004d69   Thumb Code   156  queue.o(i.xQueueGiveFromISR)
    xQueueReceiveFromISR                     0x08004e05   Thumb Code   154  queue.o(i.xQueueReceiveFromISR)
    xQueueSemaphoreTake                      0x08004ea1   Thumb Code   372  queue.o(i.xQueueSemaphoreTake)
    xTaskCheckForTimeOut                     0x08005019   Thumb Code   112  tasks.o(i.xTaskCheckForTimeOut)
    xTaskCreate                              0x0800508d   Thumb Code    90  tasks.o(i.xTaskCreate)
    xTaskCreateStatic                        0x080050e7   Thumb Code    86  tasks.o(i.xTaskCreateStatic)
    xTaskGetSchedulerState                   0x0800513d   Thumb Code    22  tasks.o(i.xTaskGetSchedulerState)
    xTaskIncrementTick                       0x08005159   Thumb Code   192  tasks.o(i.xTaskIncrementTick)
    xTaskPriorityDisinherit                  0x08005221   Thumb Code   144  tasks.o(i.xTaskPriorityDisinherit)
    xTaskPriorityInherit                     0x080052b9   Thumb Code   138  tasks.o(i.xTaskPriorityInherit)
    xTaskRemoveFromEventList                 0x0800534d   Thumb Code   108  tasks.o(i.xTaskRemoveFromEventList)
    xTaskResumeAll                           0x080053c1   Thumb Code   182  tasks.o(i.xTaskResumeAll)
    AHBPrescTable                            0x08006128   Data          16  system_stm32f1xx.o(.constdata)
    APBPrescTable                            0x08006138   Data           8  system_stm32f1xx.o(.constdata)
    Region$$Table$$Base                      0x08006178   Number         0  anon$$obj.o(Region$$Table)
    Region$$Table$$Limit                     0x08006198   Number         0  anon$$obj.o(Region$$Table)
    scr_width                                0x20000000   Data           2  st7735.o(.data)
    scr_height                               0x20000002   Data           2  st7735.o(.data)
    Voc_DMA_Command_Buff                     0x20000004   Data           9  voc.o(.data)
    Voc_Data_Buff                            0x2000000d   Data           6  voc.o(.data)
    PM25_DMA_Command_Buff                    0x20000013   Data           7  pm25.o(.data)
    PM25_Data_Buff                           0x2000001a   Data           4  pm25.o(.data)
    Actual_Temperature_Data                  0x2000001e   Data           2  sht2x_i2c.o(.data)
    Actual_Humidity_Data                     0x20000020   Data           2  sht2x_i2c.o(.data)
    Key_State                                0x20000022   Data           1  key.o(.data)
    ECO2_Data                                0x20000024   Data           2  main.o(.data)
    TVOC_Data                                0x20000026   Data           2  main.o(.data)
    CH2O_Data                                0x20000028   Data           2  main.o(.data)
    Temperature_Data                         0x2000002a   Data           2  main.o(.data)
    Humidity_Data                            0x2000002c   Data           2  main.o(.data)
    PM25_Data                                0x2000002e   Data           2  main.o(.data)
    PM10_Data                                0x20000030   Data           2  main.o(.data)
    defaultTaskHandle                        0x20000034   Data           4  freertos.o(.data)
    LCD_DisplayHandle                        0x20000038   Data           4  freertos.o(.data)
    TH_SensorHandle                          0x2000003c   Data           4  freertos.o(.data)
    AtmosphereHandle                         0x20000040   Data           4  freertos.o(.data)
    ModbusHandle                             0x20000044   Data           4  freertos.o(.data)
    MODBUS_RX_CPLHandle                      0x20000048   Data           4  freertos.o(.data)
    VOC_RX_CPLHandle                         0x2000004c   Data           4  freertos.o(.data)
    PM25_RX_CPLHandle                        0x20000050   Data           4  freertos.o(.data)
    Lcd_Display_Buff                         0x20000054   Data           8  freertos.o(.data)
    uwTickFreq                               0x2000005c   Data           1  stm32f1xx_hal.o(.data)
    uwTickPrio                               0x20000060   Data           4  stm32f1xx_hal.o(.data)
    uwTick                                   0x20000064   Data           4  stm32f1xx_hal.o(.data)
    SystemCoreClock                          0x20000068   Data           4  system_stm32f1xx.o(.data)
    pxCurrentTCB                             0x2000006c   Data           4  tasks.o(.data)
    Voc_Read_Uart_Buff                       0x200000cc   Data          20  voc.o(.bss)
    PM25_Read_Uart_Buff                      0x200000e0   Data          34  pm25.o(.bss)
    MODBUS_RX_CPL_ControlBlock               0x20000104   Data          72  freertos.o(.bss)
    VOC_RX_CPLControlBlock                   0x2000014c   Data          72  freertos.o(.bss)
    PM25_RX_CPLControlBlock                  0x20000194   Data          72  freertos.o(.bss)
    hspi1                                    0x20000330   Data          88  spi.o(.bss)
    huart1                                   0x20000388   Data          64  usart.o(.bss)
    huart2                                   0x200003c8   Data          64  usart.o(.bss)
    huart3                                   0x20000408   Data          64  usart.o(.bss)
    hdma_usart2_tx                           0x20000448   Data          68  usart.o(.bss)
    hdma_usart3_tx                           0x2000048c   Data          68  usart.o(.bss)
    __initial_sp                             0x200015c0   Data           0  startup_stm32f103xb.o(STACK)



==============================================================================

Memory Map of the image

  Image Entry point : 0x080000ed

  Load Region LR_IROM1 (Base: 0x08000000, Size: 0x00006264, Max: 0x00010000, ABSOLUTE)

    Execution Region ER_IROM1 (Exec base: 0x08000000, Load base: 0x08000000, Size: 0x00006198, Max: 0x00010000, ABSOLUTE)

    Exec Addr    Load Addr    Size         Type   Attr      Idx    E Section Name        Object

    0x08000000   0x08000000   0x000000ec   Data   RO            3    RESET               startup_stm32f103xb.o
    0x080000ec   0x080000ec   0x00000000   Code   RO         3970  * .ARM.Collect$$$$00000000  mc_w.l(entry.o)
    0x080000ec   0x080000ec   0x00000004   Code   RO         4250    .ARM.Collect$$$$00000001  mc_w.l(entry2.o)
    0x080000f0   0x080000f0   0x00000004   Code   RO         4253    .ARM.Collect$$$$00000004  mc_w.l(entry5.o)
    0x080000f4   0x080000f4   0x00000000   Code   RO         4255    .ARM.Collect$$$$00000008  mc_w.l(entry7b.o)
    0x080000f4   0x080000f4   0x00000000   Code   RO         4257    .ARM.Collect$$$$0000000A  mc_w.l(entry8b.o)
    0x080000f4   0x080000f4   0x00000008   Code   RO         4258    .ARM.Collect$$$$0000000B  mc_w.l(entry9a.o)
    0x080000fc   0x080000fc   0x00000000   Code   RO         4260    .ARM.Collect$$$$0000000D  mc_w.l(entry10a.o)
    0x080000fc   0x080000fc   0x00000000   Code   RO         4262    .ARM.Collect$$$$0000000F  mc_w.l(entry11a.o)
    0x080000fc   0x080000fc   0x00000004   Code   RO         4251    .ARM.Collect$$$$00002712  mc_w.l(entry2.o)
    0x08000100   0x08000100   0x00000096   Code   RO         3893    .emb_text           port.o
    0x08000196   0x08000196   0x00000002   PAD
    0x08000198   0x08000198   0x00000024   Code   RO            4    .text               startup_stm32f103xb.o
    0x080001bc   0x080001bc   0x00000020   Code   RO         3973    .text               mc_w.l(llushr.o)
    0x080001dc   0x080001dc   0x00000024   Code   RO         3975    .text               mc_w.l(memcpya.o)
    0x08000200   0x08000200   0x00000024   Code   RO         3979    .text               mc_w.l(memseta.o)
    0x08000224   0x08000224   0x0000007c   Code   RO         4244    .text               mf_w.l(fdiv.o)
    0x080002a0   0x080002a0   0x00000012   Code   RO         4246    .text               mf_w.l(fflti.o)
    0x080002b2   0x080002b2   0x00000026   Code   RO         4248    .text               mf_w.l(f2d.o)
    0x080002d8   0x080002d8   0x0000002c   Code   RO         4267    .text               mc_w.l(uidiv.o)
    0x08000304   0x08000304   0x00000062   Code   RO         4269    .text               mc_w.l(uldiv.o)
    0x08000366   0x08000366   0x00000000   Code   RO         4271    .text               mc_w.l(iusefp.o)
    0x08000366   0x08000366   0x0000006e   Code   RO         4272    .text               mf_w.l(fepilogue.o)
    0x080003d4   0x080003d4   0x0000014e   Code   RO         4274    .text               mf_w.l(dadd.o)
    0x08000522   0x08000522   0x000000e4   Code   RO         4276    .text               mf_w.l(dmul.o)
    0x08000606   0x08000606   0x000000de   Code   RO         4278    .text               mf_w.l(ddiv.o)
    0x080006e4   0x080006e4   0x00000030   Code   RO         4280    .text               mf_w.l(dfixul.o)
    0x08000714   0x08000714   0x00000030   Code   RO         4282    .text               mf_w.l(cdrcmple.o)
    0x08000744   0x08000744   0x00000024   Code   RO         4284    .text               mc_w.l(init.o)
    0x08000768   0x08000768   0x0000001e   Code   RO         4287    .text               mc_w.l(llshl.o)
    0x08000786   0x08000786   0x00000024   Code   RO         4289    .text               mc_w.l(llsshr.o)
    0x080007aa   0x080007aa   0x000000ba   Code   RO         4292    .text               mf_w.l(depilogue.o)
    0x08000864   0x08000864   0x00000002   Code   RO          866    i.BusFault_Handler  stm32f1xx_it.o
    0x08000866   0x08000866   0x00000034   Code   RO          241    i.CRC_Compute       voc.o
    0x0800089a   0x0800089a   0x00000002   PAD
    0x0800089c   0x0800089c   0x0000000c   Code   RO          867    i.DMA1_Channel2_IRQHandler  stm32f1xx_it.o
    0x080008a8   0x080008a8   0x0000000c   Code   RO          868    i.DMA1_Channel7_IRQHandler  stm32f1xx_it.o
    0x080008b4   0x080008b4   0x0000002a   Code   RO         1392    i.DMA_SetConfig     stm32f1xx_hal_dma.o
    0x080008de   0x080008de   0x00000002   Code   RO          869    i.DebugMon_Handler  stm32f1xx_it.o
    0x080008e0   0x080008e0   0x00000002   Code   RO          586    i.Error_Handler     main.o
    0x080008e2   0x080008e2   0x00000030   Code   RO          486    i.Get_CRC8          sht2x_i2c.o
    0x08000912   0x08000912   0x00000002   PAD
    0x08000914   0x08000914   0x000000ac   Code   RO          338    i.Get_PM25          pm25.o
    0x080009c0   0x080009c0   0x00000028   Code   RO          487    i.Get_SHT2x_Rh      sht2x_i2c.o
    0x080009e8   0x080009e8   0x0000002c   Code   RO          488    i.Get_SHT2x_Temp    sht2x_i2c.o
    0x08000a14   0x08000a14   0x000000b4   Code   RO          242    i.Get_Voc           voc.o
    0x08000ac8   0x08000ac8   0x00000098   Code   RO         1394    i.HAL_DMA_Abort_IT  stm32f1xx_hal_dma.o
    0x08000b60   0x08000b60   0x00000154   Code   RO         1398    i.HAL_DMA_IRQHandler  stm32f1xx_hal_dma.o
    0x08000cb4   0x08000cb4   0x0000005c   Code   RO         1399    i.HAL_DMA_Init      stm32f1xx_hal_dma.o
    0x08000d10   0x08000d10   0x00000070   Code   RO         1403    i.HAL_DMA_Start_IT  stm32f1xx_hal_dma.o
    0x08000d80   0x08000d80   0x00000024   Code   RO         1021    i.HAL_Delay         stm32f1xx_hal.o
    0x08000da4   0x08000da4   0x000001e0   Code   RO         1329    i.HAL_GPIO_Init     stm32f1xx_hal_gpio.o
    0x08000f84   0x08000f84   0x0000000a   Code   RO         1331    i.HAL_GPIO_ReadPin  stm32f1xx_hal_gpio.o
    0x08000f8e   0x08000f8e   0x00000010   Code   RO         1332    i.HAL_GPIO_TogglePin  stm32f1xx_hal_gpio.o
    0x08000f9e   0x08000f9e   0x0000000a   Code   RO         1333    i.HAL_GPIO_WritePin  stm32f1xx_hal_gpio.o
    0x08000fa8   0x08000fa8   0x0000000c   Code   RO         1025    i.HAL_GetTick       stm32f1xx_hal.o
    0x08000fb4   0x08000fb4   0x00000010   Code   RO         1031    i.HAL_IncTick       stm32f1xx_hal.o
    0x08000fc4   0x08000fc4   0x00000024   Code   RO         1032    i.HAL_Init          stm32f1xx_hal.o
    0x08000fe8   0x08000fe8   0x00000040   Code   RO         1033    i.HAL_InitTick      stm32f1xx_hal.o
    0x08001028   0x08001028   0x00000048   Code   RO          954    i.HAL_MspInit       stm32f1xx_hal_msp.o
    0x08001070   0x08001070   0x0000001a   Code   RO         1489    i.HAL_NVIC_EnableIRQ  stm32f1xx_hal_cortex.o
    0x0800108a   0x0800108a   0x00000002   PAD
    0x0800108c   0x0800108c   0x00000040   Code   RO         1495    i.HAL_NVIC_SetPriority  stm32f1xx_hal_cortex.o
    0x080010cc   0x080010cc   0x00000024   Code   RO         1496    i.HAL_NVIC_SetPriorityGrouping  stm32f1xx_hal_cortex.o
    0x080010f0   0x080010f0   0x0000012c   Code   RO         1189    i.HAL_RCC_ClockConfig  stm32f1xx_hal_rcc.o
    0x0800121c   0x0800121c   0x00000020   Code   RO         1196    i.HAL_RCC_GetPCLK1Freq  stm32f1xx_hal_rcc.o
    0x0800123c   0x0800123c   0x00000020   Code   RO         1197    i.HAL_RCC_GetPCLK2Freq  stm32f1xx_hal_rcc.o
    0x0800125c   0x0800125c   0x0000006c   Code   RO         1198    i.HAL_RCC_GetSysClockFreq  stm32f1xx_hal_rcc.o
    0x080012c8   0x080012c8   0x00000320   Code   RO         1201    i.HAL_RCC_OscConfig  stm32f1xx_hal_rcc.o
    0x080015e8   0x080015e8   0x000000b2   Code   RO         2000    i.HAL_SPI_Init      stm32f1xx_hal_spi.o
    0x0800169a   0x0800169a   0x00000002   PAD
    0x0800169c   0x0800169c   0x00000070   Code   RO          771    i.HAL_SPI_MspInit   spi.o
    0x0800170c   0x0800170c   0x00000166   Code   RO         2008    i.HAL_SPI_Transmit  stm32f1xx_hal_spi.o
    0x08001872   0x08001872   0x00000028   Code   RO         1500    i.HAL_SYSTICK_Config  stm32f1xx_hal_cortex.o
    0x0800189a   0x0800189a   0x00000002   Code   RO         2368    i.HAL_UART_ErrorCallback  stm32f1xx_hal_uart.o
    0x0800189c   0x0800189c   0x0000015c   Code   RO         2371    i.HAL_UART_IRQHandler  stm32f1xx_hal_uart.o
    0x080019f8   0x080019f8   0x00000062   Code   RO         2372    i.HAL_UART_Init     stm32f1xx_hal_uart.o
    0x08001a5a   0x08001a5a   0x00000002   PAD
    0x08001a5c   0x08001a5c   0x0000018c   Code   RO          813    i.HAL_UART_MspInit  usart.o
    0x08001be8   0x08001be8   0x000000bc   Code   RO         2375    i.HAL_UART_Receive  stm32f1xx_hal_uart.o
    0x08001ca4   0x08001ca4   0x00000052   Code   RO         2377    i.HAL_UART_Receive_IT  stm32f1xx_hal_uart.o
    0x08001cf6   0x08001cf6   0x00000002   PAD
    0x08001cf8   0x08001cf8   0x0000003c   Code   RO          587    i.HAL_UART_RxCpltCallback  main.o
    0x08001d34   0x08001d34   0x000000b2   Code   RO         2380    i.HAL_UART_Transmit  stm32f1xx_hal_uart.o
    0x08001de6   0x08001de6   0x00000002   PAD
    0x08001de8   0x08001de8   0x00000080   Code   RO         2381    i.HAL_UART_Transmit_DMA  stm32f1xx_hal_uart.o
    0x08001e68   0x08001e68   0x00000002   Code   RO         2383    i.HAL_UART_TxCpltCallback  stm32f1xx_hal_uart.o
    0x08001e6a   0x08001e6a   0x00000002   Code   RO         2384    i.HAL_UART_TxHalfCpltCallback  stm32f1xx_hal_uart.o
    0x08001e6c   0x08001e6c   0x00000002   Code   RO          870    i.HardFault_Handler  stm32f1xx_it.o
    0x08001e6e   0x08001e6e   0x0000001e   Code   RO          339    i.Init_PM25         pm25.o
    0x08001e8c   0x08001e8c   0x0000001e   Code   RO          243    i.Init_Voc          voc.o
    0x08001eaa   0x08001eaa   0x00000002   PAD
    0x08001eac   0x08001eac   0x0000003c   Code   RO          667    i.MX_DMA_Init       dma.o
    0x08001ee8   0x08001ee8   0x000000b8   Code   RO          691    i.MX_FREERTOS_Init  freertos.o
    0x08001fa0   0x08001fa0   0x000000e0   Code   RO          643    i.MX_GPIO_Init      gpio.o
    0x08002080   0x08002080   0x00000048   Code   RO          772    i.MX_SPI1_Init      spi.o
    0x080020c8   0x080020c8   0x00000038   Code   RO          814    i.MX_USART1_UART_Init  usart.o
    0x08002100   0x08002100   0x00000038   Code   RO          815    i.MX_USART2_UART_Init  usart.o
    0x08002138   0x08002138   0x00000038   Code   RO          816    i.MX_USART3_UART_Init  usart.o
    0x08002170   0x08002170   0x00000002   Code   RO          871    i.MemManage_Handler  stm32f1xx_it.o
    0x08002172   0x08002172   0x00000002   Code   RO          872    i.NMI_Handler       stm32f1xx_it.o
    0x08002174   0x08002174   0x00000080   Code   RO          340    i.PM25_Set_Read_Mod  pm25.o
    0x080021f4   0x080021f4   0x000000c8   Code   RO          556    i.Read_Key          key.o
    0x080022bc   0x080022bc   0x00000096   Code   RO          489    i.Read_SHT2x_Data   sht2x_i2c.o
    0x08002352   0x08002352   0x00000024   Code   RO          491    i.SHT2x_SoftReset   sht2x_i2c.o
    0x08002376   0x08002376   0x00000020   Code   RO         2038    i.SPI_EndRxTxTransaction  stm32f1xx_hal_spi.o
    0x08002396   0x08002396   0x00000002   PAD
    0x08002398   0x08002398   0x000000b8   Code   RO         2043    i.SPI_WaitFlagStateUntilTimeout  stm32f1xx_hal_spi.o
    0x08002450   0x08002450   0x00000078   Code   RO           14    i.ST7735_AddrSet    st7735.o
    0x080024c8   0x080024c8   0x00000074   Code   RO           15    i.ST7735_Clear      st7735.o
    0x0800253c   0x0800253c   0x00000068   Code   RO           17    i.ST7735_HLine      st7735.o
    0x080025a4   0x080025a4   0x0000012c   Code   RO           18    i.ST7735_Init       st7735.o
    0x080026d0   0x080026d0   0x00000060   Code   RO           20    i.ST7735_Orientation  st7735.o
    0x08002730   0x08002730   0x00000104   Code   RO           23    i.ST7735_PutChar7x11  st7735.o
    0x08002834   0x08002834   0x00000054   Code   RO           25    i.ST7735_PutStr7x11  st7735.o
    0x08002888   0x08002888   0x00000040   Code   RO           26    i.ST7735_Rect       st7735.o
    0x080028c8   0x080028c8   0x00000068   Code   RO           27    i.ST7735_VLine      st7735.o
    0x08002930   0x08002930   0x0000001c   Code   RO           28    i.ST7735_cmd        st7735.o
    0x0800294c   0x0800294c   0x0000001c   Code   RO           29    i.ST7735_data       st7735.o
    0x08002968   0x08002968   0x00000014   Code   RO           30    i.ST7735_write      st7735.o
    0x0800297c   0x0800297c   0x0000002c   Code   RO          342    i.Standby_PM25      pm25.o
    0x080029a8   0x080029a8   0x00000044   Code   RO          692    i.StartDefaultTask  freertos.o
    0x080029ec   0x080029ec   0x000000d8   Code   RO          693    i.StartTask_Atmosphere  freertos.o
    0x08002ac4   0x08002ac4   0x00000194   Code   RO          694    i.StartTask_LCD_Display  freertos.o
    0x08002c58   0x08002c58   0x00000008   Code   RO          695    i.StartTask_Modbus  freertos.o
    0x08002c60   0x08002c60   0x0000000c   Code   RO          696    i.StartTask_TH_Sensor  freertos.o
    0x08002c6c   0x08002c6c   0x00000018   Code   RO          343    i.Sum_Compute       pm25.o
    0x08002c84   0x08002c84   0x00000018   Code   RO          873    i.SysTick_Handler   stm32f1xx_it.o
    0x08002c9c   0x08002c9c   0x0000004e   Code   RO          588    i.SystemClock_Config  main.o
    0x08002cea   0x08002cea   0x00000002   Code   RO         2669    i.SystemInit        system_stm32f1xx.o
    0x08002cec   0x08002cec   0x00000078   Code   RO          492    i.Task_TH_Sensor    sht2x_i2c.o
    0x08002d64   0x08002d64   0x00000010   Code   RO         2385    i.UART_DMAAbortOnError  stm32f1xx_hal_uart.o
    0x08002d74   0x08002d74   0x0000004a   Code   RO         2386    i.UART_DMAError     stm32f1xx_hal_uart.o
    0x08002dbe   0x08002dbe   0x0000002e   Code   RO         2391    i.UART_DMATransmitCplt  stm32f1xx_hal_uart.o
    0x08002dec   0x08002dec   0x0000000a   Code   RO         2393    i.UART_DMATxHalfCplt  stm32f1xx_hal_uart.o
    0x08002df6   0x08002df6   0x0000001c   Code   RO         2395    i.UART_EndRxTransfer  stm32f1xx_hal_uart.o
    0x08002e12   0x08002e12   0x00000012   Code   RO         2396    i.UART_EndTxTransfer  stm32f1xx_hal_uart.o
    0x08002e24   0x08002e24   0x0000008c   Code   RO         2397    i.UART_Receive_IT   stm32f1xx_hal_uart.o
    0x08002eb0   0x08002eb0   0x000000b8   Code   RO         2398    i.UART_SetConfig    stm32f1xx_hal_uart.o
    0x08002f68   0x08002f68   0x00000064   Code   RO         2399    i.UART_WaitOnFlagUntilTimeout  stm32f1xx_hal_uart.o
    0x08002fcc   0x08002fcc   0x0000000c   Code   RO          874    i.USART2_IRQHandler  stm32f1xx_it.o
    0x08002fd8   0x08002fd8   0x0000000c   Code   RO          875    i.USART3_IRQHandler  stm32f1xx_it.o
    0x08002fe4   0x08002fe4   0x00000002   Code   RO          876    i.UsageFault_Handler  stm32f1xx_it.o
    0x08002fe6   0x08002fe6   0x00000002   PAD
    0x08002fe8   0x08002fe8   0x00000084   Code   RO          244    i.Voc_Set_Read_Mod  voc.o
    0x0800306c   0x0800306c   0x0000002c   Code   RO          344    i.Work_PM25         pm25.o
    0x08003098   0x08003098   0x00000028   Code   RO         4218    i.__0sprintf        mc_w.l(printfa.o)
    0x080030c0   0x080030c0   0x00000020   Code   RO         1502    i.__NVIC_SetPriority  stm32f1xx_hal_cortex.o
    0x080030e0   0x080030e0   0x0000000e   Code   RO         4296    i.__scatterload_copy  mc_w.l(handlers.o)
    0x080030ee   0x080030ee   0x00000002   Code   RO         4297    i.__scatterload_null  mc_w.l(handlers.o)
    0x080030f0   0x080030f0   0x0000000e   Code   RO         4298    i.__scatterload_zeroinit  mc_w.l(handlers.o)
    0x080030fe   0x080030fe   0x00000002   PAD
    0x08003100   0x08003100   0x00000184   Code   RO         4223    i._fp_digits        mc_w.l(printfa.o)
    0x08003284   0x08003284   0x000006dc   Code   RO         4224    i._printf_core      mc_w.l(printfa.o)
    0x08003960   0x08003960   0x00000024   Code   RO         4225    i._printf_post_padding  mc_w.l(printfa.o)
    0x08003984   0x08003984   0x0000002e   Code   RO         4226    i._printf_pre_padding  mc_w.l(printfa.o)
    0x080039b2   0x080039b2   0x0000000a   Code   RO         4228    i._sputc            mc_w.l(printfa.o)
    0x080039bc   0x080039bc   0x0000002c   Code   RO          406    i.i2c_Ack           bsp_i2c_gpio.o
    0x080039e8   0x080039e8   0x00000050   Code   RO          407    i.i2c_CfgGpio       bsp_i2c_gpio.o
    0x08003a38   0x08003a38   0x0000000c   Code   RO          408    i.i2c_Delay         bsp_i2c_gpio.o
    0x08003a44   0x08003a44   0x00000028   Code   RO          409    i.i2c_NAck          bsp_i2c_gpio.o
    0x08003a6c   0x08003a6c   0x00000048   Code   RO          410    i.i2c_ReadByte      bsp_i2c_gpio.o
    0x08003ab4   0x08003ab4   0x00000054   Code   RO          411    i.i2c_SendByte      bsp_i2c_gpio.o
    0x08003b08   0x08003b08   0x0000002c   Code   RO          412    i.i2c_Start         bsp_i2c_gpio.o
    0x08003b34   0x08003b34   0x00000020   Code   RO          413    i.i2c_Stop          bsp_i2c_gpio.o
    0x08003b54   0x08003b54   0x00000038   Code   RO          414    i.i2c_WaitAck       bsp_i2c_gpio.o
    0x08003b8c   0x08003b8c   0x0000000c   Code   RO         3463    i.inHandlerMode     cmsis_os.o
    0x08003b98   0x08003b98   0x0000037c   Code   RO          589    i.main              main.o
    0x08003f14   0x08003f14   0x0000000c   Code   RO         3465    i.makeFreeRtosPriority  cmsis_os.o
    0x08003f20   0x08003f20   0x0000000e   Code   RO         3467    i.osDelay           cmsis_os.o
    0x08003f2e   0x08003f2e   0x0000000a   Code   RO         3470    i.osKernelStart     cmsis_os.o
    0x08003f38   0x08003f38   0x0000003e   Code   RO         3496    i.osSemaphoreCreate  cmsis_os.o
    0x08003f76   0x08003f76   0x00000002   PAD
    0x08003f78   0x08003f78   0x00000050   Code   RO         3499    i.osSemaphoreRelease  cmsis_os.o
    0x08003fc8   0x08003fc8   0x00000064   Code   RO         3500    i.osSemaphoreWait   cmsis_os.o
    0x0800402c   0x0800402c   0x00000054   Code   RO         3504    i.osThreadCreate    cmsis_os.o
    0x08004080   0x08004080   0x00000070   Code   RO         3162    i.prvAddCurrentTaskToDelayedList  tasks.o
    0x080040f0   0x080040f0   0x000000d0   Code   RO         3163    i.prvAddNewTaskToReadyList  tasks.o
    0x080041c0   0x080041c0   0x00000026   Code   RO         2847    i.prvCopyDataFromQueue  queue.o
    0x080041e6   0x080041e6   0x0000006c   Code   RO         2848    i.prvCopyDataToQueue  queue.o
    0x08004252   0x08004252   0x00000034   Code   RO         3164    i.prvDeleteTCB      tasks.o
    0x08004286   0x08004286   0x00000002   PAD
    0x08004288   0x08004288   0x0000004c   Code   RO         3832    i.prvHeapInit       heap_4.o
    0x080042d4   0x080042d4   0x00000060   Code   RO         3165    i.prvIdleTask       tasks.o
    0x08004334   0x08004334   0x00000016   Code   RO         2850    i.prvInitialiseNewQueue  queue.o
    0x0800434a   0x0800434a   0x0000008e   Code   RO         3166    i.prvInitialiseNewTask  tasks.o
    0x080043d8   0x080043d8   0x0000004c   Code   RO         3833    i.prvInsertBlockIntoFreeList  heap_4.o
    0x08004424   0x08004424   0x0000001c   Code   RO         2851    i.prvIsQueueEmpty   queue.o
    0x08004440   0x08004440   0x00000020   Code   RO         3167    i.prvResetNextTaskUnblockTime  tasks.o
    0x08004460   0x08004460   0x00000028   Code   RO         3894    i.prvTaskExitError  port.o
    0x08004488   0x08004488   0x0000006a   Code   RO         2852    i.prvUnlockQueue    queue.o
    0x080044f2   0x080044f2   0x00000002   PAD
    0x080044f4   0x080044f4   0x000000d8   Code   RO         3834    i.pvPortMalloc      heap_4.o
    0x080045cc   0x080045cc   0x00000018   Code   RO         3169    i.pvTaskIncrementMutexHeldCount  tasks.o
    0x080045e4   0x080045e4   0x00000024   Code   RO         3895    i.pxPortInitialiseStack  port.o
    0x08004608   0x08004608   0x00000026   Code   RO         2807    i.uxListRemove      list.o
    0x0800462e   0x0800462e   0x00000002   PAD
    0x08004630   0x08004630   0x00000014   Code   RO          697    i.vApplicationGetIdleTaskMemory  freertos.o
    0x08004644   0x08004644   0x00000016   Code   RO         2808    i.vListInitialise   list.o
    0x0800465a   0x0800465a   0x00000006   Code   RO         2809    i.vListInitialiseItem  list.o
    0x08004660   0x08004660   0x00000030   Code   RO         2810    i.vListInsert       list.o
    0x08004690   0x08004690   0x00000018   Code   RO         2811    i.vListInsertEnd    list.o
    0x080046a8   0x080046a8   0x00000040   Code   RO         3897    i.vPortEnterCritical  port.o
    0x080046e8   0x080046e8   0x00000028   Code   RO         3898    i.vPortExitCritical  port.o
    0x08004710   0x08004710   0x0000005c   Code   RO         3835    i.vPortFree         heap_4.o
    0x0800476c   0x0800476c   0x00000024   Code   RO         3899    i.vPortSetupTimerInterrupt  port.o
    0x08004790   0x08004790   0x00000054   Code   RO         3900    i.vPortValidateInterruptPriority  port.o
    0x080047e4   0x080047e4   0x0000004c   Code   RO         3175    i.vTaskDelay        tasks.o
    0x08004830   0x08004830   0x00000010   Code   RO         3178    i.vTaskInternalSetTimeOutState  tasks.o
    0x08004840   0x08004840   0x0000000c   Code   RO         3179    i.vTaskMissedYield  tasks.o
    0x0800484c   0x0800484c   0x00000030   Code   RO         3181    i.vTaskPlaceOnEventList  tasks.o
    0x0800487c   0x0800487c   0x000000a8   Code   RO         3183    i.vTaskPriorityDisinheritAfterTimeout  tasks.o
    0x08004924   0x08004924   0x0000006c   Code   RO         3188    i.vTaskStartScheduler  tasks.o
    0x08004990   0x08004990   0x00000010   Code   RO         3190    i.vTaskSuspendAll   tasks.o
    0x080049a0   0x080049a0   0x0000005c   Code   RO         3191    i.vTaskSwitchContext  tasks.o
    0x080049fc   0x080049fc   0x000000a8   Code   RO         3901    i.xPortStartScheduler  port.o
    0x08004aa4   0x08004aa4   0x0000002c   Code   RO         3902    i.xPortSysTickHandler  port.o
    0x08004ad0   0x08004ad0   0x00000048   Code   RO         2861    i.xQueueGenericCreate  queue.o
    0x08004b18   0x08004b18   0x00000066   Code   RO         2862    i.xQueueGenericCreateStatic  queue.o
    0x08004b7e   0x08004b7e   0x00000002   PAD
    0x08004b80   0x08004b80   0x00000088   Code   RO         2863    i.xQueueGenericReset  queue.o
    0x08004c08   0x08004c08   0x00000160   Code   RO         2864    i.xQueueGenericSend  queue.o
    0x08004d68   0x08004d68   0x0000009c   Code   RO         2866    i.xQueueGiveFromISR  queue.o
    0x08004e04   0x08004e04   0x0000009a   Code   RO         2872    i.xQueueReceiveFromISR  queue.o
    0x08004e9e   0x08004e9e   0x00000002   PAD
    0x08004ea0   0x08004ea0   0x00000178   Code   RO         2873    i.xQueueSemaphoreTake  queue.o
    0x08005018   0x08005018   0x00000074   Code   RO         3192    i.xTaskCheckForTimeOut  tasks.o
    0x0800508c   0x0800508c   0x0000005a   Code   RO         3193    i.xTaskCreate       tasks.o
    0x080050e6   0x080050e6   0x00000056   Code   RO         3194    i.xTaskCreateStatic  tasks.o
    0x0800513c   0x0800513c   0x0000001c   Code   RO         3198    i.xTaskGetSchedulerState  tasks.o
    0x08005158   0x08005158   0x000000c8   Code   RO         3201    i.xTaskIncrementTick  tasks.o
    0x08005220   0x08005220   0x00000098   Code   RO         3204    i.xTaskPriorityDisinherit  tasks.o
    0x080052b8   0x080052b8   0x00000094   Code   RO         3205    i.xTaskPriorityInherit  tasks.o
    0x0800534c   0x0800534c   0x00000074   Code   RO         3206    i.xTaskRemoveFromEventList  tasks.o
    0x080053c0   0x080053c0   0x000000c4   Code   RO         3207    i.xTaskResumeAll    tasks.o
    0x08005484   0x08005484   0x00000c00   Data   RO           31    .constdata          st7735.o
    0x08006084   0x08006084   0x000000a4   Data   RO          702    .constdata          freertos.o
    0x08006128   0x08006128   0x00000010   Data   RO         2670    .constdata          system_stm32f1xx.o
    0x08006138   0x08006138   0x00000008   Data   RO         2671    .constdata          system_stm32f1xx.o
    0x08006140   0x08006140   0x00000038   Data   RO          703    .conststring        freertos.o
    0x08006178   0x08006178   0x00000020   Data   RO         4294    Region$$Table       anon$$obj.o


    Execution Region RW_IRAM1 (Exec base: 0x20000000, Load base: 0x08006198, Size: 0x000015c0, Max: 0x00005000, ABSOLUTE)

    Exec Addr    Load Addr    Size         Type   Attr      Idx    E Section Name        Object

    0x20000000   0x08006198   0x00000004   Data   RW           32    .data               st7735.o
    0x20000004   0x0800619c   0x00000009   Data   RW          246    .data               voc.o
    0x2000000d   0x080061a5   0x00000006   Data   RW          247    .data               voc.o
    0x20000013   0x080061ab   0x00000007   Data   RW          346    .data               pm25.o
    0x2000001a   0x080061b2   0x00000004   Data   RW          347    .data               pm25.o
    0x2000001e   0x080061b6   0x00000004   Data   RW          493    .data               sht2x_i2c.o
    0x20000022   0x080061ba   0x00000001   Data   RW          557    .data               key.o
    0x20000023   0x080061bb   0x00000001   PAD
    0x20000024   0x080061bc   0x0000000e   Data   RW          590    .data               main.o
    0x20000032   0x080061ca   0x00000002   PAD
    0x20000034   0x080061cc   0x00000028   Data   RW          705    .data               freertos.o
    0x2000005c   0x080061f4   0x0000000c   Data   RW         1039    .data               stm32f1xx_hal.o
    0x20000068   0x08006200   0x00000004   Data   RW         2672    .data               system_stm32f1xx.o
    0x2000006c   0x08006204   0x0000003c   Data   RW         3210    .data               tasks.o
    0x200000a8   0x08006240   0x00000018   Data   RW         3840    .data               heap_4.o
    0x200000c0   0x08006258   0x0000000c   Data   RW         3903    .data               port.o
    0x200000cc        -       0x00000014   Zero   RW          245    .bss                voc.o
    0x200000e0        -       0x00000022   Zero   RW          345    .bss                pm25.o
    0x20000102   0x08006264   0x00000002   PAD
    0x20000104        -       0x00000048   Zero   RW          698    .bss                freertos.o
    0x2000014c        -       0x00000048   Zero   RW          699    .bss                freertos.o
    0x20000194        -       0x00000048   Zero   RW          700    .bss                freertos.o
    0x200001dc        -       0x00000154   Zero   RW          701    .bss                freertos.o
    0x20000330        -       0x00000058   Zero   RW          773    .bss                spi.o
    0x20000388        -       0x00000148   Zero   RW          817    .bss                usart.o
    0x200004d0        -       0x000000f0   Zero   RW         3209    .bss                tasks.o
    0x200005c0        -       0x00000c00   Zero   RW         3839    .bss                heap_4.o
    0x200011c0        -       0x00000400   Zero   RW            1    STACK               startup_stm32f103xb.o


==============================================================================

Image component sizes


      Code (inc. data)   RO Data    RW Data    ZI Data      Debug   Object Name

       464         44          0          0          0       5074   bsp_i2c_gpio.o
       374         10          0          0          0      28944   cmsis_os.o
        60          4          0          0          0        758   dma.o
         0          0          0          0          0      18216   event_groups.o
       912        126        220         40        556       6263   freertos.o
       224         16          0          0          0        975   gpio.o
       460         24          0         24       3072       7283   heap_4.o
       200         10          0          1          0        883   key.o
       138          0          0          0          0       3438   list.o
      1032        160          0         14          0       3703   main.o
       442         62          0         11         34       4593   pm25.o
       662         70          0         12          0      11253   port.o
      1650         14          0          0          0      15252   queue.o
       438         20          0          4          0       4880   sht2x_i2c.o
       184         28          0          0         88       1657   spi.o
      1324         80       3072          4          0     409281   st7735.o
        36          8        236          0       1024        808   startup_stm32f103xb.o
       164         28          0         12          0       5945   stm32f1xx_hal.o
       198         14          0          0          0      28983   stm32f1xx_hal_cortex.o
       738         36          0          0          0       4358   stm32f1xx_hal_dma.o
       516         34          0          0          0       4160   stm32f1xx_hal_gpio.o
        72         10          0          0          0        858   stm32f1xx_hal_msp.o
      1272        100          0          0          0       5236   stm32f1xx_hal_rcc.o
       752          4          0          0          0       4430   stm32f1xx_hal_spi.o
      1644         24          0          0          0      13840   stm32f1xx_hal_uart.o
        84         24          0          0          0       4833   stm32f1xx_it.o
         0          0          0          0          0        392   stream_buffer.o
         2          0         24          4          0       1111   system_stm32f1xx.o
      2334        172          0         60        240      24203   tasks.o
       564         56          0          0        328       3194   usart.o
       394         36          0         15         20      34585   voc.o

    ----------------------------------------------------------------------
     17368       1214       3584        204       5364     659389   Object Totals
         0          0         32          0          0          0   (incl. Generated)
        34          0          0          3          2          0   (incl. Padding)

    ----------------------------------------------------------------------

      Code (inc. data)   RO Data    RW Data    ZI Data      Debug   Library Member Name

         0          0          0          0          0          0   entry.o
         0          0          0          0          0          0   entry10a.o
         0          0          0          0          0          0   entry11a.o
         8          4          0          0          0          0   entry2.o
         4          0          0          0          0          0   entry5.o
         0          0          0          0          0          0   entry7b.o
         0          0          0          0          0          0   entry8b.o
         8          4          0          0          0          0   entry9a.o
        30          0          0          0          0          0   handlers.o
        36          8          0          0          0         68   init.o
         0          0          0          0          0          0   iusefp.o
        30          0          0          0          0         68   llshl.o
        36          0          0          0          0         68   llsshr.o
        32          0          0          0          0         68   llushr.o
        36          0          0          0          0         68   memcpya.o
        36          0          0          0          0        108   memseta.o
      2276         86          0          0          0        520   printfa.o
        44          0          0          0          0         80   uidiv.o
        98          0          0          0          0         92   uldiv.o
        48          0          0          0          0         68   cdrcmple.o
       334          0          0          0          0        148   dadd.o
       222          0          0          0          0        100   ddiv.o
       186          0          0          0          0        176   depilogue.o
        48          0          0          0          0         68   dfixul.o
       228          0          0          0          0         96   dmul.o
        38          0          0          0          0         68   f2d.o
       124          0          0          0          0         88   fdiv.o
       110          0          0          0          0        168   fepilogue.o
        18          0          0          0          0         68   fflti.o

    ----------------------------------------------------------------------
      4032        102          0          0          0       2188   Library Totals
         2          0          0          0          0          0   (incl. Padding)

    ----------------------------------------------------------------------

      Code (inc. data)   RO Data    RW Data    ZI Data      Debug   Library Name

      2674        102          0          0          0       1140   mc_w.l
      1356          0          0          0          0       1048   mf_w.l

    ----------------------------------------------------------------------
      4032        102          0          0          0       2188   Library Totals

    ----------------------------------------------------------------------

==============================================================================


      Code (inc. data)   RO Data    RW Data    ZI Data      Debug   

     21400       1316       3584        204       5364     651433   Grand Totals
     21400       1316       3584        204       5364     651433   ELF Image Totals
     21400       1316       3584        204          0          0   ROM Totals

==============================================================================

    Total RO  Size (Code + RO Data)                24984 (  24.40kB)
    Total RW  Size (RW Data + ZI Data)              5568 (   5.44kB)
    Total ROM Size (Code + RO Data + RW Data)      25188 (  24.60kB)

==============================================================================

