Component: ARM Compiler 5.06 update 6 (build 750) Tool: armlink [4d35ed]

==============================================================================

Section Cross References

    startup_stm32f103xb.o(RESET) refers to startup_stm32f103xb.o(STACK) for __initial_sp
    startup_stm32f103xb.o(RESET) refers to startup_stm32f103xb.o(.text) for Reset_Handler
    startup_stm32f103xb.o(RESET) refers to stm32f1xx_it.o(i.NMI_Handler) for NMI_Handler
    startup_stm32f103xb.o(RESET) refers to stm32f1xx_it.o(i.HardFault_Handler) for HardFault_Handler
    startup_stm32f103xb.o(RESET) refers to stm32f1xx_it.o(i.MemManage_Handler) for MemManage_Handler
    startup_stm32f103xb.o(RESET) refers to stm32f1xx_it.o(i.BusFault_Handler) for BusFault_Handler
    startup_stm32f103xb.o(RESET) refers to stm32f1xx_it.o(i.UsageFault_Handler) for UsageFault_Handler
    startup_stm32f103xb.o(RESET) refers to port.o(.emb_text) for SVC_Handler
    startup_stm32f103xb.o(RESET) refers to stm32f1xx_it.o(i.DebugMon_Handler) for DebugMon_Handler
    startup_stm32f103xb.o(RESET) refers to port.o(i.SysTick_Handler) for SysTick_Handler
    startup_stm32f103xb.o(RESET) refers to stm32f1xx_it.o(i.DMA1_Channel2_IRQHandler) for DMA1_Channel2_IRQHandler
    startup_stm32f103xb.o(RESET) refers to stm32f1xx_it.o(i.DMA1_Channel4_IRQHandler) for DMA1_Channel4_IRQHandler
    startup_stm32f103xb.o(RESET) refers to stm32f1xx_it.o(i.DMA1_Channel7_IRQHandler) for DMA1_Channel7_IRQHandler
    startup_stm32f103xb.o(RESET) refers to stm32f1xx_it.o(i.TIM1_UP_IRQHandler) for TIM1_UP_IRQHandler
    startup_stm32f103xb.o(RESET) refers to stm32f1xx_it.o(i.TIM4_IRQHandler) for TIM4_IRQHandler
    startup_stm32f103xb.o(RESET) refers to stm32f1xx_it.o(i.USART1_IRQHandler) for USART1_IRQHandler
    startup_stm32f103xb.o(RESET) refers to stm32f1xx_it.o(i.USART2_IRQHandler) for USART2_IRQHandler
    startup_stm32f103xb.o(RESET) refers to stm32f1xx_it.o(i.USART3_IRQHandler) for USART3_IRQHandler
    startup_stm32f103xb.o(.text) refers to system_stm32f1xx.o(i.SystemInit) for SystemInit
    startup_stm32f103xb.o(.text) refers to entry.o(.ARM.Collect$$$$00000000) for __main
    main.o(i.HAL_TIM_PeriodElapsedCallback) refers to stm32f1xx_hal.o(i.HAL_IncTick) for HAL_IncTick
    main.o(i.HAL_TIM_PeriodElapsedCallback) refers to modbus.o(i.Modbus_Timer_Process) for Modbus_Timer_Process
    main.o(i.HAL_UART_RxCpltCallback) refers to modbus.o(i.Modbus_Uart_Rx_Int_Process) for Modbus_Uart_Rx_Int_Process
    main.o(i.HAL_UART_RxCpltCallback) refers to cmsis_os.o(i.osSemaphoreRelease) for osSemaphoreRelease
    main.o(i.HAL_UART_RxCpltCallback) refers to freertos.o(.data) for PM25_RX_CPLHandle
    main.o(i.HAL_UART_TxCpltCallback) refers to modbus.o(i.Modbus_Uart_Tx_Complete_Process) for Modbus_Uart_Tx_Complete_Process
    main.o(i.SystemClock_Config) refers to memseta.o(.text) for __aeabi_memclr4
    main.o(i.SystemClock_Config) refers to stm32f1xx_hal_rcc.o(i.HAL_RCC_OscConfig) for HAL_RCC_OscConfig
    main.o(i.SystemClock_Config) refers to stm32f1xx_hal_rcc.o(i.HAL_RCC_ClockConfig) for HAL_RCC_ClockConfig
    main.o(i.main) refers to stm32f1xx_hal.o(i.HAL_Init) for HAL_Init
    main.o(i.main) refers to main.o(i.SystemClock_Config) for SystemClock_Config
    main.o(i.main) refers to gpio.o(i.MX_GPIO_Init) for MX_GPIO_Init
    main.o(i.main) refers to dma.o(i.MX_DMA_Init) for MX_DMA_Init
    main.o(i.main) refers to usart.o(i.MX_USART1_UART_Init) for MX_USART1_UART_Init
    main.o(i.main) refers to usart.o(i.MX_USART2_UART_Init) for MX_USART2_UART_Init
    main.o(i.main) refers to usart.o(i.MX_USART3_UART_Init) for MX_USART3_UART_Init
    main.o(i.main) refers to spi.o(i.MX_SPI1_Init) for MX_SPI1_Init
    main.o(i.main) refers to tim.o(i.MX_TIM4_Init) for MX_TIM4_Init
    main.o(i.main) refers to modbus.o(i.Init_Modbus) for Init_Modbus
    main.o(i.main) refers to stm32f1xx_hal_tim.o(i.HAL_TIM_Base_Start_IT) for HAL_TIM_Base_Start_IT
    main.o(i.main) refers to st7735.o(i.ST7735_Init) for ST7735_Init
    main.o(i.main) refers to st7735.o(i.ST7735_Clear) for ST7735_Clear
    main.o(i.main) refers to st7735.o(i.ST7735_Rect) for ST7735_Rect
    main.o(i.main) refers to st7735.o(i.ST7735_HLine) for ST7735_HLine
    main.o(i.main) refers to stm32f1xx_hal_gpio.o(i.HAL_GPIO_WritePin) for HAL_GPIO_WritePin
    main.o(i.main) refers to stm32f1xx_hal.o(i.HAL_Delay) for HAL_Delay
    main.o(i.main) refers to tvoc.o(i.Init_Tvoc) for Init_Tvoc
    main.o(i.main) refers to pm25.o(i.Init_Pm25) for Init_Pm25
    main.o(i.main) refers to freertos.o(i.MX_FREERTOS_Init) for MX_FREERTOS_Init
    main.o(i.main) refers to cmsis_os.o(i.osKernelStart) for osKernelStart
    main.o(i.main) refers to tvoc.o(i.Get_Tvoc) for Get_Tvoc
    main.o(i.main) refers to pm25.o(i.Get_Pm25) for Get_Pm25
    main.o(i.main) refers to fflti.o(.text) for __aeabi_i2f
    main.o(i.main) refers to fdiv.o(.text) for __aeabi_fdiv
    main.o(i.main) refers to f2d.o(.text) for __aeabi_f2d
[...]
    prvInitialiseNewQueue                    0x08004f4d   Thumb Code    22  queue.o(i.prvInitialiseNewQueue)
    i.prvInitialiseNewTask                   0x08004f62   Section        0  tasks.o(i.prvInitialiseNewTask)
    prvInitialiseNewTask                     0x08004f63   Thumb Code   142  tasks.o(i.prvInitialiseNewTask)
    i.prvInsertBlockIntoFreeList             0x08004ff0   Section        0  heap_4.o(i.prvInsertBlockIntoFreeList)
    prvInsertBlockIntoFreeList               0x08004ff1   Thumb Code    72  heap_4.o(i.prvInsertBlockIntoFreeList)
    i.prvIsQueueEmpty                        0x0800503c   Section        0  queue.o(i.prvIsQueueEmpty)
    prvIsQueueEmpty                          0x0800503d   Thumb Code    28  queue.o(i.prvIsQueueEmpty)
    i.prvResetNextTaskUnblockTime            0x08005058   Section        0  tasks.o(i.prvResetNextTaskUnblockTime)
    prvResetNextTaskUnblockTime              0x08005059   Thumb Code    26  tasks.o(i.prvResetNextTaskUnblockTime)
    i.prvTaskExitError                       0x08005078   Section        0  port.o(i.prvTaskExitError)
    prvTaskExitError                         0x08005079   Thumb Code    36  port.o(i.prvTaskExitError)
    i.prvUnlockQueue                         0x080050a0   Section        0  queue.o(i.prvUnlockQueue)
    prvUnlockQueue                           0x080050a1   Thumb Code   106  queue.o(i.prvUnlockQueue)
    i.pvPortMalloc                           0x0800510c   Section        0  heap_4.o(i.pvPortMalloc)
    i.pvTaskIncrementMutexHeldCount          0x080051e4   Section        0  tasks.o(i.pvTaskIncrementMutexHeldCount)
    i.pxPortInitialiseStack                  0x080051fc   Section        0  port.o(i.pxPortInitialiseStack)
    i.uxListRemove                           0x08005220   Section        0  list.o(i.uxListRemove)
    i.vApplicationGetIdleTaskMemory          0x08005248   Section        0  freertos.o(i.vApplicationGetIdleTaskMemory)
    i.vListInitialise                        0x0800525c   Section        0  list.o(i.vListInitialise)
    i.vListInitialiseItem                    0x08005272   Section        0  list.o(i.vListInitialiseItem)
    i.vListInsert                            0x08005278   Section        0  list.o(i.vListInsert)
    i.vListInsertEnd                         0x080052a8   Section        0  list.o(i.vListInsertEnd)
    i.vPortEnterCritical                     0x080052c0   Section        0  port.o(i.vPortEnterCritical)
    i.vPortExitCritical                      0x08005300   Section        0  port.o(i.vPortExitCritical)
    i.vPortFree                              0x08005328   Section        0  heap_4.o(i.vPortFree)
    i.vPortSetupTimerInterrupt               0x08005384   Section        0  port.o(i.vPortSetupTimerInterrupt)
    i.vPortValidateInterruptPriority         0x080053a8   Section        0  port.o(i.vPortValidateInterruptPriority)
    i.vTaskDelay                             0x080053fc   Section        0  tasks.o(i.vTaskDelay)
    i.vTaskInternalSetTimeOutState           0x08005448   Section        0  tasks.o(i.vTaskInternalSetTimeOutState)
    i.vTaskMissedYield                       0x08005458   Section        0  tasks.o(i.vTaskMissedYield)
    i.vTaskPlaceOnEventList                  0x08005464   Section        0  tasks.o(i.vTaskPlaceOnEventList)
    i.vTaskPriorityDisinheritAfterTimeout    0x08005494   Section        0  tasks.o(i.vTaskPriorityDisinheritAfterTimeout)
    i.vTaskStartScheduler                    0x0800553c   Section        0  tasks.o(i.vTaskStartScheduler)
    i.vTaskSuspendAll                        0x080055a8   Section        0  tasks.o(i.vTaskSuspendAll)
    i.vTaskSwitchContext                     0x080055b8   Section        0  tasks.o(i.vTaskSwitchContext)
    i.xPortStartScheduler                    0x08005614   Section        0  port.o(i.xPortStartScheduler)
    i.xQueueGenericCreate                    0x080056bc   Section        0  queue.o(i.xQueueGenericCreate)
    i.xQueueGenericCreateStatic              0x08005704   Section        0  queue.o(i.xQueueGenericCreateStatic)
    i.xQueueGenericReset                     0x0800576c   Section        0  queue.o(i.xQueueGenericReset)
    i.xQueueGenericSend                      0x080057f4   Section        0  queue.o(i.xQueueGenericSend)
    i.xQueueGiveFromISR                      0x08005954   Section        0  queue.o(i.xQueueGiveFromISR)
    i.xQueueReceiveFromISR                   0x080059f0   Section        0  queue.o(i.xQueueReceiveFromISR)
    i.xQueueSemaphoreTake                    0x08005a8c   Section        0  queue.o(i.xQueueSemaphoreTake)
    i.xTaskCheckForTimeOut                   0x08005c04   Section        0  tasks.o(i.xTaskCheckForTimeOut)
    i.xTaskCreate                            0x08005c78   Section        0  tasks.o(i.xTaskCreate)
    i.xTaskCreateStatic                      0x08005cd2   Section        0  tasks.o(i.xTaskCreateStatic)
    i.xTaskGetSchedulerState                 0x08005d28   Section        0  tasks.o(i.xTaskGetSchedulerState)
    i.xTaskIncrementTick                     0x08005d44   Section        0  tasks.o(i.xTaskIncrementTick)
    i.xTaskPriorityDisinherit                0x08005e0c   Section        0  tasks.o(i.xTaskPriorityDisinherit)
    i.xTaskPriorityInherit                   0x08005ea4   Section        0  tasks.o(i.xTaskPriorityInherit)
    i.xTaskRemoveFromEventList               0x08005f38   Section        0  tasks.o(i.xTaskRemoveFromEventList)
    i.xTaskResumeAll                         0x08005fac   Section        0  tasks.o(i.xTaskResumeAll)
    .constdata                               0x08006070   Section      172  freertos.o(.constdata)
    .constdata                               0x0800611c   Section       16  system_stm32f1xx.o(.constdata)
    .constdata                               0x0800612c   Section        8  system_stm32f1xx.o(.constdata)
    .constdata                               0x08006134   Section     3072  st7735.o(.constdata)
    Font5x7                                  0x08006134   Data         960  st7735.o(.constdata)
    Font7x11                                 0x080064f4   Data        2112  st7735.o(.constdata)
    .constdata                               0x08006d34   Section     1800  display_number.o(.constdata)
    Font32x36                                0x08006d34   Data        1728  display_number.o(.constdata)
    Point_Graph                              0x080073f4   Data          72  display_number.o(.constdata)
    .constdata                               0x0800743c   Section       30  data_colour.o(.constdata)
    .constdata                               0x0800745a   Section       30  data_colour.o(.constdata)
    .constdata                               0x08007478   Section       30  data_colour.o(.constdata)
    .constdata                               0x08007496   Section       30  data_colour.o(.constdata)
    .constdata                               0x080074b4   Section       30  data_colour.o(.constdata)
    .constdata                               0x080074d2   Section       30  data_colour.o(.constdata)
    .constdata                               0x080074f0   Section      512  crc16.o(.constdata)
    .conststring                             0x080076f0   Section       92  main.o(.conststring)
    .conststring                             0x0800774c   Section       56  freertos.o(.conststring)
    .data                                    0x20000000   Section        4  main.o(.data)
    .data                                    0x20000004   Section       32  main.o(.data)
    .data                                    0x20000024   Section       22  main.o(.data)
    .data                                    0x2000003c   Section       36  freertos.o(.data)
    .data                                    0x20000060   Section       12  stm32f1xx_hal.o(.data)
    .data                                    0x2000006c   Section        4  system_stm32f1xx.o(.data)
    .data                                    0x20000070   Section       60  tasks.o(.data)
    pxDelayedTaskList                        0x20000074   Data           4  tasks.o(.data)
    pxOverflowDelayedTaskList                0x20000078   Data           4  tasks.o(.data)
    uxDeletedTasksWaitingCleanUp             0x2000007c   Data           4  tasks.o(.data)
    uxCurrentNumberOfTasks                   0x20000080   Data           4  tasks.o(.data)
    xTickCount                               0x20000084   Data           4  tasks.o(.data)
    uxTopReadyPriority                       0x20000088   Data           4  tasks.o(.data)
    xSchedulerRunning                        0x2000008c   Data           4  tasks.o(.data)
    uxPendedTicks                            0x20000090   Data           4  tasks.o(.data)
    xYieldPending                            0x20000094   Data           4  tasks.o(.data)
    xNumOfOverflows                          0x20000098   Data           4  tasks.o(.data)
    uxTaskNumber                             0x2000009c   Data           4  tasks.o(.data)
    xNextTaskUnblockTime                     0x200000a0   Data           4  tasks.o(.data)
    xIdleTaskHandle                          0x200000a4   Data           4  tasks.o(.data)
    uxSchedulerSuspended                     0x200000a8   Data           4  tasks.o(.data)
    .data                                    0x200000ac   Section       24  heap_4.o(.data)
    pxEnd                                    0x200000ac   Data           4  heap_4.o(.data)
    xFreeBytesRemaining                      0x200000b0   Data           4  heap_4.o(.data)
    xMinimumEverFreeBytesRemaining           0x200000b4   Data           4  heap_4.o(.data)
    xBlockAllocatedBit                       0x200000b8   Data           4  heap_4.o(.data)
    xStart                                   0x200000bc   Data           8  heap_4.o(.data)
    .data                                    0x200000c4   Section       12  port.o(.data)
    ucMaxSysCallPriority                     0x200000c4   Data           1  port.o(.data)
    uxCriticalNesting                        0x200000c8   Data           4  port.o(.data)
    ulMaxPRIGROUPValue                       0x200000cc   Data           4  port.o(.data)
    .data                                    0x200000d0   Section        1  key.o(.data)
    .data                                    0x200000d1   Section        7  pm25.o(.data)
    .data                                    0x200000d8   Section        4  pm25.o(.data)
    .data                                    0x200000dc   Section        6  sht2x_i2c.o(.data)
    .data                                    0x200000e2   Section        4  st7735.o(.data)
    .data                                    0x200000e6   Section        9  tvoc.o(.data)
    .data                                    0x200000ef   Section        6  tvoc.o(.data)
    .data                                    0x200000f8   Section       12  modbus.o(.data)
    .bss                                     0x20000104   Section       72  freertos.o(.bss)
    .bss                                     0x2000014c   Section       72  freertos.o(.bss)
    .bss                                     0x20000194   Section       72  freertos.o(.bss)
    .bss                                     0x200001dc   Section       72  freertos.o(.bss)
    .bss                                     0x20000224   Section      340  freertos.o(.bss)
    xIdleTaskTCBBuffer                       0x20000224   Data          84  freertos.o(.bss)
    xIdleStack                               0x20000278   Data         256  freertos.o(.bss)
    .bss                                     0x20000378   Section       88  spi.o(.bss)
    .bss                                     0x200003d0   Section       72  tim.o(.bss)
    .bss                                     0x20000418   Section      396  usart.o(.bss)
    .bss                                     0x200005a4   Section       72  stm32f1xx_hal_timebase_tim.o(.bss)
    .bss                                     0x200005ec   Section      240  tasks.o(.bss)
    pxReadyTasksLists                        0x200005ec   Data         140  tasks.o(.bss)
    xDelayedTaskList1                        0x20000678   Data          20  tasks.o(.bss)
    xDelayedTaskList2                        0x2000068c   Data          20  tasks.o(.bss)
    xPendingReadyList                        0x200006a0   Data          20  tasks.o(.bss)
    xTasksWaitingTermination                 0x200006b4   Data          20  tasks.o(.bss)
    xSuspendedTaskList                       0x200006c8   Data          20  tasks.o(.bss)
    .bss                                     0x200006dc   Section     3136  heap_4.o(.bss)
    ucHeap                                   0x200006dc   Data        3136  heap_4.o(.bss)
    .bss                                     0x2000131c   Section       34  pm25.o(.bss)
    .bss                                     0x2000133e   Section       20  tvoc.o(.bss)
    .bss                                     0x20001352   Section       64  modbus.o(.bss)
    STACK                                    0x20001398   Section     1024  startup_stm32f103xb.o(STACK)

    Global Symbols

    Symbol Name                              Value     Ov Type        Size  Object(Section)

    BuildAttributes$$THM_ISAv4$P$D$K$B$S$PE$A:L22UL41UL21$X:L11$S22US41US21$IEEE1$IW$USESV6$~STKCKD$USESV7$~SHL$OTIME$ROPI$EBA8$MICROLIB$REQ8$PRES8$EABIv2 0x00000000   Number         0  anon$$obj.o ABSOLUTE
    __ARM_use_no_argv                        0x00000000   Number         0  main.o ABSOLUTE
    _printf_a                                0x00000000   Number         0  stubs.o ABSOLUTE
    _printf_c                                0x00000000   Number         0  stubs.o ABSOLUTE
    _printf_charcount                        0x00000000   Number         0  stubs.o ABSOLUTE
    _printf_d                                0x00000000   Number         0  stubs.o ABSOLUTE
    _printf_e                                0x00000000   Number         0  stubs.o ABSOLUTE
    _printf_f                                0x00000000   Number         0  stubs.o ABSOLUTE
    _printf_flags                            0x00000000   Number         0  stubs.o ABSOLUTE
    _printf_fp_dec                           0x00000000   Number         0  stubs.o ABSOLUTE
    _printf_fp_hex                           0x00000000   Number         0  stubs.o ABSOLUTE
    _printf_g                                0x00000000   Number         0  stubs.o ABSOLUTE
    _printf_i                                0x00000000   Number         0  stubs.o ABSOLUTE
    _printf_int_dec                          0x00000000   Number         0  stubs.o ABSOLUTE
    _printf_l                                0x00000000   Number         0  stubs.o ABSOLUTE
    _printf_lc                               0x00000000   Number         0  stubs.o ABSOLUTE
    _printf_ll                               0x00000000   Number         0  stubs.o ABSOLUTE
    _printf_lld                              0x00000000   Number         0  stubs.o ABSOLUTE
    _printf_lli                              0x00000000   Number         0  stubs.o ABSOLUTE
    _printf_llo                              0x00000000   Number         0  stubs.o ABSOLUTE
    _printf_llu                              0x00000000   Number         0  stubs.o ABSOLUTE
    _printf_llx                              0x00000000   Number         0  stubs.o ABSOLUTE
    _printf_longlong_dec                     0x00000000   Number         0  stubs.o ABSOLUTE
    _printf_longlong_hex                     0x00000000   Number         0  stubs.o ABSOLUTE
    _printf_longlong_oct                     0x00000000   Number         0  stubs.o ABSOLUTE
    _printf_ls                               0x00000000   Number         0  stubs.o ABSOLUTE
    _printf_mbtowc                           0x00000000   Number         0  stubs.o ABSOLUTE
    _printf_n                                0x00000000   Number         0  stubs.o ABSOLUTE
    _printf_o                                0x00000000   Number         0  stubs.o ABSOLUTE
    _printf_p                                0x00000000   Number         0  stubs.o ABSOLUTE
    _printf_percent                          0x00000000   Number         0  stubs.o ABSOLUTE
    _printf_pre_padding                      0x00000000   Number         0  stubs.o ABSOLUTE
    _printf_return_value                     0x00000000   Number         0  stubs.o ABSOLUTE
    _printf_s                                0x00000000   Number         0  stubs.o ABSOLUTE
    _printf_sizespec                         0x00000000   Number         0  stubs.o ABSOLUTE
    _printf_str                              0x00000000   Number         0  stubs.o ABSOLUTE
    _printf_truncate_signed                  0x00000000   Number         0  stubs.o ABSOLUTE
    _printf_truncate_unsigned                0x00000000   Number         0  stubs.o ABSOLUTE
    _printf_u                                0x00000000   Number         0  stubs.o ABSOLUTE
    _printf_wc                               0x00000000   Number         0  stubs.o ABSOLUTE
    _printf_wctomb                           0x00000000   Number         0  stubs.o ABSOLUTE
    _printf_widthprec                        0x00000000   Number         0  stubs.o ABSOLUTE
    _printf_x                                0x00000000   Number         0  stubs.o ABSOLUTE
    __cpp_initialize__aeabi_                  - Undefined Weak Reference
    __cxa_finalize                            - Undefined Weak Reference
    __decompress                              - Undefined Weak Reference
    _clock_init                               - Undefined Weak Reference
    _microlib_exit                            - Undefined Weak Reference
    __Vectors_Size                           0x000000ec   Number         0  startup_stm32f103xb.o ABSOLUTE
    __Vectors                                0x08000000   Data           4  startup_stm32f103xb.o(RESET)
    __Vectors_End                            0x080000ec   Data           0  startup_stm32f103xb.o(RESET)
    __main                                   0x080000ed   Thumb Code     0  entry.o(.ARM.Collect$$$$00000000)
    _main_stk                                0x080000ed   Thumb Code     0  entry2.o(.ARM.Collect$$$$00000001)
    _main_scatterload                        0x080000f1   Thumb Code     0  entry5.o(.ARM.Collect$$$$00000004)
    __main_after_scatterload                 0x080000f5   Thumb Code     0  entry5.o(.ARM.Collect$$$$00000004)
    _main_clock                              0x080000f5   Thumb Code     0  entry7b.o(.ARM.Collect$$$$00000008)
    _main_cpp_init                           0x080000f5   Thumb Code     0  entry8b.o(.ARM.Collect$$$$0000000A)
    _main_init                               0x080000f5   Thumb Code     0  entry9a.o(.ARM.Collect$$$$0000000B)
    __rt_final_cpp                           0x080000fd   Thumb Code     0  entry10a.o(.ARM.Collect$$$$0000000D)
    __rt_final_exit                          0x080000fd   Thumb Code     0  entry11a.o(.ARM.Collect$$$$0000000F)
    SVC_Handler                              0x08000101   Thumb Code    32  port.o(.emb_text)
    __asm___6_port_c_39a90d8d__prvStartFirstTask 0x08000125   Thumb Code    28  port.o(.emb_text)
    PendSV_Handler                           0x08000145   Thumb Code    72  port.o(.emb_text)
    vPortGetIPSR                             0x08000191   Thumb Code     6  port.o(.emb_text)
    Reset_Handler                            0x08000199   Thumb Code     8  startup_stm32f103xb.o(.text)
    ADC1_2_IRQHandler                        0x080001b3   Thumb Code     0  startup_stm32f103xb.o(.text)
    CAN1_RX1_IRQHandler                      0x080001b3   Thumb Code     0  startup_stm32f103xb.o(.text)
    CAN1_SCE_IRQHandler                      0x080001b3   Thumb Code     0  startup_stm32f103xb.o(.text)
    DMA1_Channel1_IRQHandler                 0x080001b3   Thumb Code     0  startup_stm32f103xb.o(.text)
    DMA1_Channel3_IRQHandler                 0x080001b3   Thumb Code     0  startup_stm32f103xb.o(.text)
    DMA1_Channel5_IRQHandler                 0x080001b3   Thumb Code     0  startup_stm32f103xb.o(.text)
    DMA1_Channel6_IRQHandler                 0x080001b3   Thumb Code     0  startup_stm32f103xb.o(.text)
    EXTI0_IRQHandler                         0x080001b3   Thumb Code     0  startup_stm32f103xb.o(.text)
    EXTI15_10_IRQHandler                     0x080001b3   Thumb Code     0  startup_stm32f103xb.o(.text)
    EXTI1_IRQHandler                         0x080001b3   Thumb Code     0  startup_stm32f103xb.o(.text)
    EXTI2_IRQHandler                         0x080001b3   Thumb Code     0  startup_stm32f103xb.o(.text)
    EXTI3_IRQHandler                         0x080001b3   Thumb Code     0  startup_stm32f103xb.o(.text)
    EXTI4_IRQHandler                         0x080001b3   Thumb Code     0  startup_stm32f103xb.o(.text)
    EXTI9_5_IRQHandler                       0x080001b3   Thumb Code     0  startup_stm32f103xb.o(.text)
    FLASH_IRQHandler                         0x080001b3   Thumb Code     0  startup_stm32f103xb.o(.text)
    I2C1_ER_IRQHandler                       0x080001b3   Thumb Code     0  startup_stm32f103xb.o(.text)
    I2C1_EV_IRQHandler                       0x080001b3   Thumb Code     0  startup_stm32f103xb.o(.text)
    I2C2_ER_IRQHandler                       0x080001b3   Thumb Code     0  startup_stm32f103xb.o(.text)
    I2C2_EV_IRQHandler                       0x080001b3   Thumb Code     0  startup_stm32f103xb.o(.text)
    PVD_IRQHandler                           0x080001b3   Thumb Code     0  startup_stm32f103xb.o(.text)
    RCC_IRQHandler                           0x080001b3   Thumb Code     0  startup_stm32f103xb.o(.text)
    RTC_Alarm_IRQHandler                     0x080001b3   Thumb Code     0  startup_stm32f103xb.o(.text)
    RTC_IRQHandler                           0x080001b3   Thumb Code     0  startup_stm32f103xb.o(.text)
    SPI1_IRQHandler                          0x080001b3   Thumb Code     0  startup_stm32f103xb.o(.text)
    SPI2_IRQHandler                          0x080001b3   Thumb Code     0  startup_stm32f103xb.o(.text)
    TAMPER_IRQHandler                        0x080001b3   Thumb Code     0  startup_stm32f103xb.o(.text)
    TIM1_BRK_IRQHandler                      0x080001b3   Thumb Code     0  startup_stm32f103xb.o(.text)
    TIM1_CC_IRQHandler                       0x080001b3   Thumb Code     0  startup_stm32f103xb.o(.text)
    TIM1_TRG_COM_IRQHandler                  0x080001b3   Thumb Code     0  startup_stm32f103xb.o(.text)
    TIM2_IRQHandler                          0x080001b3   Thumb Code     0  startup_stm32f103xb.o(.text)
    TIM3_IRQHandler                          0x080001b3   Thumb Code     0  startup_stm32f103xb.o(.text)
    USBWakeUp_IRQHandler                     0x080001b3   Thumb Code     0  startup_stm32f103xb.o(.text)
    USB_HP_CAN1_TX_IRQHandler                0x080001b3   Thumb Code     0  startup_stm32f103xb.o(.text)
    USB_LP_CAN1_RX0_IRQHandler               0x080001b3   Thumb Code     0  startup_stm32f103xb.o(.text)
    WWDG_IRQHandler                          0x080001b3   Thumb Code     0  startup_stm32f103xb.o(.text)
    __aeabi_llsr                             0x080001bd   Thumb Code    32  llushr.o(.text)
    _ll_ushift_r                             0x080001bd   Thumb Code     0  llushr.o(.text)
    __aeabi_memcpy                           0x080001dd   Thumb Code    36  memcpya.o(.text)
    __aeabi_memcpy4                          0x080001dd   Thumb Code     0  memcpya.o(.text)
    __aeabi_memcpy8                          0x080001dd   Thumb Code     0  memcpya.o(.text)
    __aeabi_memset                           0x08000201   Thumb Code    14  memseta.o(.text)
    __aeabi_memset4                          0x08000201   Thumb Code     0  memseta.o(.text)
    __aeabi_memset8                          0x08000201   Thumb Code     0  memseta.o(.text)
    __aeabi_memclr                           0x0800020f   Thumb Code     4  memseta.o(.text)
    __aeabi_memclr4                          0x0800020f   Thumb Code     0  memseta.o(.text)
    __aeabi_memclr8                          0x0800020f   Thumb Code     0  memseta.o(.text)
    memset                                   0x08000213   Thumb Code    18  memseta.o(.text)
    __aeabi_fdiv                             0x08000225   Thumb Code   124  fdiv.o(.text)
    __aeabi_i2f                              0x080002a1   Thumb Code    18  fflti.o(.text)
    __aeabi_f2d                              0x080002b3   Thumb Code    38  f2d.o(.text)
    __aeabi_uidiv                            0x080002d9   Thumb Code     0  uidiv.o(.text)
    __aeabi_uidivmod                         0x080002d9   Thumb Code    44  uidiv.o(.text)
    __aeabi_uldivmod                         0x08000305   Thumb Code    98  uldiv.o(.text)
    __I$use$fp                               0x08000367   Thumb Code     0  iusefp.o(.text)
    _float_round                             0x08000367   Thumb Code    18  fepilogue.o(.text)
    _float_epilogue                          0x08000379   Thumb Code    92  fepilogue.o(.text)
    __aeabi_dadd                             0x080003d5   Thumb Code   322  dadd.o(.text)
    __aeabi_dsub                             0x08000517   Thumb Code     6  dadd.o(.text)
    __aeabi_drsub                            0x0800051d   Thumb Code     6  dadd.o(.text)
    __aeabi_dmul                             0x08000523   Thumb Code   228  dmul.o(.text)
    __aeabi_ddiv                             0x08000607   Thumb Code   222  ddiv.o(.text)
    __aeabi_d2ulz                            0x080006e5   Thumb Code    48  dfixul.o(.text)
    __aeabi_cdrcmple                         0x08000715   Thumb Code    48  cdrcmple.o(.text)
    __scatterload                            0x08000745   Thumb Code    28  init.o(.text)
    __scatterload_rt2                        0x08000745   Thumb Code     0  init.o(.text)
    __aeabi_llsl                             0x08000769   Thumb Code    30  llshl.o(.text)
    _ll_shift_l                              0x08000769   Thumb Code     0  llshl.o(.text)
    __aeabi_lasr                             0x08000787   Thumb Code    36  llsshr.o(.text)
    _ll_sshift_r                             0x08000787   Thumb Code     0  llsshr.o(.text)
    _double_round                            0x080007ab   Thumb Code    30  depilogue.o(.text)
    _double_epilogue                         0x080007c9   Thumb Code   156  depilogue.o(.text)
    Analysis_Modbus_Rx_Data                  0x08000865   Thumb Code   128  modbus.o(i.Analysis_Modbus_Rx_Data)
    Build_Modbus_Tx_Data                     0x080008ed   Thumb Code   142  modbus.o(i.Build_Modbus_Tx_Data)
    BusFault_Handler                         0x08000985   Thumb Code     2  stm32f1xx_it.o(i.BusFault_Handler)
    CRC_Compute                              0x08000987   Thumb Code    52  tvoc.o(i.CRC_Compute)
    DMA1_Channel2_IRQHandler                 0x080009bd   Thumb Code     6  stm32f1xx_it.o(i.DMA1_Channel2_IRQHandler)
    DMA1_Channel4_IRQHandler                 0x080009c9   Thumb Code     6  stm32f1xx_it.o(i.DMA1_Channel4_IRQHandler)
    DMA1_Channel7_IRQHandler                 0x080009d5   Thumb Code     6  stm32f1xx_it.o(i.DMA1_Channel7_IRQHandler)
    DebugMon_Handler                         0x08000a0b   Thumb Code     2  stm32f1xx_it.o(i.DebugMon_Handler)
    Error_Handler                            0x08000a0d   Thumb Code     2  main.o(i.Error_Handler)
    Get_CRC16                                0x08000a11   Thumb Code    78  crc16.o(i.Get_CRC16)
    Get_CRC8                                 0x08000a69   Thumb Code    48  sht2x_i2c.o(i.Get_CRC8)
    Get_Pm25                                 0x08000a99   Thumb Code   156  pm25.o(i.Get_Pm25)
    Get_SHT2x_Rh                             0x08000b45   Thumb Code    36  sht2x_i2c.o(i.Get_SHT2x_Rh)
    Get_SHT2x_Temp                           0x08000b6d   Thumb Code    38  sht2x_i2c.o(i.Get_SHT2x_Temp)
    Get_Tvoc                                 0x08000b99   Thumb Code   164  tvoc.o(i.Get_Tvoc)
    HAL_DMA_Abort_IT                         0x08000c4d   Thumb Code   148  stm32f1xx_hal_dma.o(i.HAL_DMA_Abort_IT)
    HAL_DMA_IRQHandler                       0x08000ce5   Thumb Code   316  stm32f1xx_hal_dma.o(i.HAL_DMA_IRQHandler)
    HAL_DMA_Init                             0x08000e39   Thumb Code    84  stm32f1xx_hal_dma.o(i.HAL_DMA_Init)
    HAL_DMA_Start_IT                         0x08000e95   Thumb Code   112  stm32f1xx_hal_dma.o(i.HAL_DMA_Start_IT)
    HAL_Delay                                0x08000f05   Thumb Code    32  stm32f1xx_hal.o(i.HAL_Delay)
    HAL_GPIO_Init                            0x08000f29   Thumb Code   446  stm32f1xx_hal_gpio.o(i.HAL_GPIO_Init)
    HAL_GPIO_ReadPin                         0x08001109   Thumb Code    10  stm32f1xx_hal_gpio.o(i.HAL_GPIO_ReadPin)
    HAL_GPIO_WritePin                        0x08001113   Thumb Code    10  stm32f1xx_hal_gpio.o(i.HAL_GPIO_WritePin)
    HAL_GetTick                              0x0800111d   Thumb Code     6  stm32f1xx_hal.o(i.HAL_GetTick)
    HAL_IncTick                              0x08001129   Thumb Code    12  stm32f1xx_hal.o(i.HAL_IncTick)
    HAL_Init                                 0x08001139   Thumb Code    32  stm32f1xx_hal.o(i.HAL_Init)
    HAL_InitTick                             0x0800115d   Thumb Code    98  stm32f1xx_hal_timebase_tim.o(i.HAL_InitTick)
    HAL_MspInit                              0x080011d1   Thumb Code    62  stm32f1xx_hal_msp.o(i.HAL_MspInit)
    HAL_NVIC_EnableIRQ                       0x08001219   Thumb Code    26  stm32f1xx_hal_cortex.o(i.HAL_NVIC_EnableIRQ)
    HAL_NVIC_SetPriority                     0x08001235   Thumb Code    60  stm32f1xx_hal_cortex.o(i.HAL_NVIC_SetPriority)
    HAL_NVIC_SetPriorityGrouping             0x08001275   Thumb Code    26  stm32f1xx_hal_cortex.o(i.HAL_NVIC_SetPriorityGrouping)
    HAL_RCC_ClockConfig                      0x08001299   Thumb Code   280  stm32f1xx_hal_rcc.o(i.HAL_RCC_ClockConfig)
    HAL_RCC_GetClockConfig                   0x080013c5   Thumb Code    54  stm32f1xx_hal_rcc.o(i.HAL_RCC_GetClockConfig)
    HAL_RCC_GetPCLK1Freq                     0x08001405   Thumb Code    20  stm32f1xx_hal_rcc.o(i.HAL_RCC_GetPCLK1Freq)
    HAL_RCC_GetPCLK2Freq                     0x08001425   Thumb Code    20  stm32f1xx_hal_rcc.o(i.HAL_RCC_GetPCLK2Freq)
    HAL_RCC_GetSysClockFreq                  0x08001445   Thumb Code    74  stm32f1xx_hal_rcc.o(i.HAL_RCC_GetSysClockFreq)
    HAL_RCC_OscConfig                        0x080014b1   Thumb Code   778  stm32f1xx_hal_rcc.o(i.HAL_RCC_OscConfig)
    HAL_SPI_Init                             0x080017d1   Thumb Code   178  stm32f1xx_hal_spi.o(i.HAL_SPI_Init)
    HAL_SPI_MspInit                          0x08001885   Thumb Code    94  spi.o(i.HAL_SPI_MspInit)
    HAL_SPI_Transmit                         0x080018f5   Thumb Code   358  stm32f1xx_hal_spi.o(i.HAL_SPI_Transmit)
    HAL_TIMEx_BreakCallback                  0x08001a5b   Thumb Code     2  stm32f1xx_hal_tim_ex.o(i.HAL_TIMEx_BreakCallback)
    HAL_TIMEx_CommutCallback                 0x08001a5d   Thumb Code     2  stm32f1xx_hal_tim_ex.o(i.HAL_TIMEx_CommutCallback)
    HAL_TIMEx_MasterConfigSynchronization    0x08001a61   Thumb Code    92  stm32f1xx_hal_tim_ex.o(i.HAL_TIMEx_MasterConfigSynchronization)
    HAL_TIM_Base_Init                        0x08001ac9   Thumb Code    90  stm32f1xx_hal_tim.o(i.HAL_TIM_Base_Init)
    HAL_TIM_Base_MspInit                     0x08001b25   Thumb Code    50  tim.o(i.HAL_TIM_Base_MspInit)
    HAL_TIM_Base_Start_IT                    0x08001b61   Thumb Code    76  stm32f1xx_hal_tim.o(i.HAL_TIM_Base_Start_IT)
    HAL_TIM_ConfigClockSource                0x08001bb9   Thumb Code   214  stm32f1xx_hal_tim.o(i.HAL_TIM_ConfigClockSource)
    HAL_TIM_IC_CaptureCallback               0x08001c8f   Thumb Code     2  stm32f1xx_hal_tim.o(i.HAL_TIM_IC_CaptureCallback)
    HAL_TIM_IRQHandler                       0x08001c91   Thumb Code   358  stm32f1xx_hal_tim.o(i.HAL_TIM_IRQHandler)
    HAL_TIM_OC_DelayElapsedCallback          0x08001df7   Thumb Code     2  stm32f1xx_hal_tim.o(i.HAL_TIM_OC_DelayElapsedCallback)
    HAL_TIM_PWM_PulseFinishedCallback        0x08001df9   Thumb Code     2  stm32f1xx_hal_tim.o(i.HAL_TIM_PWM_PulseFinishedCallback)
    HAL_TIM_PeriodElapsedCallback            0x08001dfd   Thumb Code    34  main.o(i.HAL_TIM_PeriodElapsedCallback)
    HAL_TIM_TriggerCallback                  0x08001e29   Thumb Code     2  stm32f1xx_hal_tim.o(i.HAL_TIM_TriggerCallback)
    HAL_UART_ErrorCallback                   0x08001e2b   Thumb Code     2  stm32f1xx_hal_uart.o(i.HAL_UART_ErrorCallback)
    HAL_UART_IRQHandler                      0x08001e2d   Thumb Code   344  stm32f1xx_hal_uart.o(i.HAL_UART_IRQHandler)
    HAL_UART_Init                            0x08001f89   Thumb Code    98  stm32f1xx_hal_uart.o(i.HAL_UART_Init)
    HAL_UART_MspInit                         0x08001fed   Thumb Code   494  usart.o(i.HAL_UART_MspInit)
    HAL_UART_Receive                         0x080021fd   Thumb Code   188  stm32f1xx_hal_uart.o(i.HAL_UART_Receive)
    HAL_UART_Receive_IT                      0x080022b9   Thumb Code    82  stm32f1xx_hal_uart.o(i.HAL_UART_Receive_IT)
    HAL_UART_RxCpltCallback                  0x0800230d   Thumb Code    54  main.o(i.HAL_UART_RxCpltCallback)
    HAL_UART_Transmit                        0x08002359   Thumb Code   178  stm32f1xx_hal_uart.o(i.HAL_UART_Transmit)
    HAL_UART_Transmit_DMA                    0x0800240d   Thumb Code   114  stm32f1xx_hal_uart.o(i.HAL_UART_Transmit_DMA)
    HAL_UART_TxCpltCallback                  0x0800248d   Thumb Code    14  main.o(i.HAL_UART_TxCpltCallback)
    HAL_UART_TxHalfCpltCallback              0x080024a1   Thumb Code     2  stm32f1xx_hal_uart.o(i.HAL_UART_TxHalfCpltCallback)
    HardFault_Handler                        0x080024a3   Thumb Code     2  stm32f1xx_it.o(i.HardFault_Handler)
    Init_Modbus                              0x080024a5   Thumb Code    38  modbus.o(i.Init_Modbus)
    Init_Pm25                                0x080024d5   Thumb Code    26  pm25.o(i.Init_Pm25)
    Init_Tvoc                                0x080024ef   Thumb Code    26  tvoc.o(i.Init_Tvoc)
    MX_DMA_Init                              0x08002509   Thumb Code    72  dma.o(i.MX_DMA_Init)
    MX_FREERTOS_Init                         0x08002555   Thumb Code   194  freertos.o(i.MX_FREERTOS_Init)
    MX_GPIO_Init                             0x08002621   Thumb Code   208  gpio.o(i.MX_GPIO_Init)
    MX_SPI1_Init                             0x08002701   Thumb Code    62  spi.o(i.MX_SPI1_Init)
    MX_TIM4_Init                             0x08002749   Thumb Code    92  tim.o(i.MX_TIM4_Init)
    MX_USART1_UART_Init                      0x080027ad   Thumb Code    48  usart.o(i.MX_USART1_UART_Init)
    MX_USART2_UART_Init                      0x080027e5   Thumb Code    48  usart.o(i.MX_USART2_UART_Init)
    MX_USART3_UART_Init                      0x0800281d   Thumb Code    48  usart.o(i.MX_USART3_UART_Init)
    MemManage_Handler                        0x08002855   Thumb Code     2  stm32f1xx_it.o(i.MemManage_Handler)
    Modbus_Send_Data                         0x08002859   Thumb Code    30  modbus.o(i.Modbus_Send_Data)
    Modbus_Timer_Process                     0x08002881   Thumb Code    46  modbus.o(i.Modbus_Timer_Process)
    Modbus_Uart_Rx_Int_Process               0x080028b9   Thumb Code    48  modbus.o(i.Modbus_Uart_Rx_Int_Process)
    Modbus_Uart_Tx_Complete_Process          0x080028f5   Thumb Code    12  modbus.o(i.Modbus_Uart_Tx_Complete_Process)
    NMI_Handler                              0x08002905   Thumb Code     2  stm32f1xx_it.o(i.NMI_Handler)
    Pm25_Set_Read_Mod                        0x08002909   Thumb Code   110  pm25.o(i.Pm25_Set_Read_Mod)
    Read_Key                                 0x08002989   Thumb Code   190  key.o(i.Read_Key)
    Read_SHT2x_Data                          0x08002a51   Thumb Code   150  sht2x_i2c.o(i.Read_SHT2x_Data)
    SHT2x_Init                               0x08002ae7   Thumb Code    52  sht2x_i2c.o(i.SHT2x_Init)
    SHT2x_SoftReset                          0x08002b1b   Thumb Code    36  sht2x_i2c.o(i.SHT2x_SoftReset)
    ST7735_AddrSet                           0x08002c19   Thumb Code   114  st7735.o(i.ST7735_AddrSet)
    ST7735_Clear                             0x08002c91   Thumb Code   102  st7735.o(i.ST7735_Clear)
    ST7735_Draw_Monochromatic_Graph          0x08002d05   Thumb Code   162  display_number.o(i.ST7735_Draw_Monochromatic_Graph)
    ST7735_HLine                             0x08002db1   Thumb Code    96  st7735.o(i.ST7735_HLine)
    ST7735_Init                              0x08002e19   Thumb Code   292  st7735.o(i.ST7735_Init)
    ST7735_Orientation                       0x08002f45   Thumb Code    88  st7735.o(i.ST7735_Orientation)
    ST7735_PutChar7x11                       0x08002fa5   Thumb Code   248  st7735.o(i.ST7735_PutChar7x11)
    ST7735_PutChar_Big_Number                0x080030a9   Thumb Code   148  display_number.o(i.ST7735_PutChar_Big_Number)
    ST7735_PutStr7x11                        0x08003149   Thumb Code    80  st7735.o(i.ST7735_PutStr7x11)
    ST7735_Put_3Bits_Big_Percent_Number      0x0800319d   Thumb Code   154  display_number.o(i.ST7735_Put_3Bits_Big_Percent_Number)
    ST7735_Put_4Bits_Big_Number              0x0800323d   Thumb Code   152  display_number.o(i.ST7735_Put_4Bits_Big_Number)
    ST7735_Rect                              0x080032d5   Thumb Code    64  st7735.o(i.ST7735_Rect)
    ST7735_VLine                             0x08003315   Thumb Code    96  st7735.o(i.ST7735_VLine)
    ST7735_cmd                               0x0800337d   Thumb Code    24  st7735.o(i.ST7735_cmd)
    ST7735_data                              0x08003399   Thumb Code    24  st7735.o(i.ST7735_data)
    ST7735_write                             0x080033b5   Thumb Code    16  st7735.o(i.ST7735_write)
    Set_Aqi_Colour                           0x080033c9   Thumb Code   104  data_colour.o(i.Set_Aqi_Colour)
    Set_Temperature_Colour                   0x08003431   Thumb Code   104  data_colour.o(i.Set_Temperature_Colour)
    Standby_Pm25                             0x08003499   Thumb Code    30  pm25.o(i.Standby_Pm25)
    StartDefaultTask                         0x080034c5   Thumb Code   110  freertos.o(i.StartDefaultTask)
    StartTask_Atmosphere                     0x0800354d   Thumb Code   184  freertos.o(i.StartTask_Atmosphere)
    StartTask_LCD_Display                    0x08003625   Thumb Code   272  freertos.o(i.StartTask_LCD_Display)
    StartTask_Modbus                         0x0800379d   Thumb Code    12  freertos.o(i.StartTask_Modbus)
    StartTask_TH_Sensor                      0x080037a9   Thumb Code    12  freertos.o(i.StartTask_TH_Sensor)
    Sum_Compute                              0x080037b5   Thumb Code    24  pm25.o(i.Sum_Compute)
    SysTick_Handler                          0x080037cd   Thumb Code    38  port.o(i.SysTick_Handler)
    SystemClock_Config                       0x080037f9   Thumb Code    78  main.o(i.SystemClock_Config)
    SystemInit                               0x08003847   Thumb Code     2  system_stm32f1xx.o(i.SystemInit)
    TIM1_UP_IRQHandler                       0x08003849   Thumb Code     6  stm32f1xx_it.o(i.TIM1_UP_IRQHandler)
    TIM4_IRQHandler                          0x08003855   Thumb Code     6  stm32f1xx_it.o(i.TIM4_IRQHandler)
    TIM_Base_SetConfig                       0x08003861   Thumb Code    94  stm32f1xx_hal_tim.o(i.TIM_Base_SetConfig)
    TIM_ETR_SetConfig                        0x080038cd   Thumb Code    20  stm32f1xx_hal_tim.o(i.TIM_ETR_SetConfig)
    Task_Modbus                              0x08003939   Thumb Code    72  modbus.o(i.Task_Modbus)
    Task_TH_Sensor                           0x08003991   Thumb Code   116  sht2x_i2c.o(i.Task_TH_Sensor)
    Tvoc_Set_Read_Mod                        0x08003a0d   Thumb Code   112  tvoc.o(i.Tvoc_Set_Read_Mod)
    USART1_IRQHandler                        0x08003cf9   Thumb Code     6  stm32f1xx_it.o(i.USART1_IRQHandler)
    USART2_IRQHandler                        0x08003d05   Thumb Code     6  stm32f1xx_it.o(i.USART2_IRQHandler)
    USART3_IRQHandler                        0x08003d11   Thumb Code     6  stm32f1xx_it.o(i.USART3_IRQHandler)
    UsageFault_Handler                       0x08003d1d   Thumb Code     2  stm32f1xx_it.o(i.UsageFault_Handler)
    Work_Pm25                                0x08003d21   Thumb Code    30  pm25.o(i.Work_Pm25)
    __0sprintf                               0x08003d4d   Thumb Code    34  printfa.o(i.__0sprintf)
    __1sprintf                               0x08003d4d   Thumb Code     0  printfa.o(i.__0sprintf)
    __2sprintf                               0x08003d4d   Thumb Code     0  printfa.o(i.__0sprintf)
    __c89sprintf                             0x08003d4d   Thumb Code     0  printfa.o(i.__0sprintf)
    sprintf                                  0x08003d4d   Thumb Code     0  printfa.o(i.__0sprintf)
    __scatterload_copy                       0x08003d95   Thumb Code    14  handlers.o(i.__scatterload_copy)
    __scatterload_null                       0x08003da3   Thumb Code     2  handlers.o(i.__scatterload_null)
    __scatterload_zeroinit                   0x08003da5   Thumb Code    14  handlers.o(i.__scatterload_zeroinit)
    i2c_Ack                                  0x08004671   Thumb Code    38  bsp_i2c_gpio.o(i.i2c_Ack)
    i2c_CfgGpio                              0x0800469d   Thumb Code    72  bsp_i2c_gpio.o(i.i2c_CfgGpio)
    i2c_NAck                                 0x080046f9   Thumb Code    34  bsp_i2c_gpio.o(i.i2c_NAck)
    i2c_ReadByte                             0x08004721   Thumb Code    68  bsp_i2c_gpio.o(i.i2c_ReadByte)
    i2c_SendByte                             0x08004769   Thumb Code    80  bsp_i2c_gpio.o(i.i2c_SendByte)
    i2c_Start                                0x080047bd   Thumb Code    38  bsp_i2c_gpio.o(i.i2c_Start)
    i2c_Stop                                 0x080047e9   Thumb Code    26  bsp_i2c_gpio.o(i.i2c_Stop)
    i2c_WaitAck                              0x08004809   Thumb Code    52  bsp_i2c_gpio.o(i.i2c_WaitAck)
    main                                     0x0800484d   Thumb Code   658  main.o(i.main)
    osDelay                                  0x08004b39   Thumb Code    14  cmsis_os.o(i.osDelay)
    osKernelStart                            0x08004b47   Thumb Code    10  cmsis_os.o(i.osKernelStart)
    osSemaphoreCreate                        0x08004b51   Thumb Code    62  cmsis_os.o(i.osSemaphoreCreate)
    osSemaphoreRelease                       0x08004b91   Thumb Code    74  cmsis_os.o(i.osSemaphoreRelease)
    osSemaphoreWait                          0x08004be1   Thumb Code    96  cmsis_os.o(i.osSemaphoreWait)
    osThreadCreate                           0x08004c45   Thumb Code    84  cmsis_os.o(i.osThreadCreate)
    pvPortMalloc                             0x0800510d   Thumb Code   210  heap_4.o(i.pvPortMalloc)
    pvTaskIncrementMutexHeldCount            0x080051e5   Thumb Code    18  tasks.o(i.pvTaskIncrementMutexHeldCount)
    pxPortInitialiseStack                    0x080051fd   Thumb Code    32  port.o(i.pxPortInitialiseStack)
    uxListRemove                             0x08005221   Thumb Code    38  list.o(i.uxListRemove)
    vApplicationGetIdleTaskMemory            0x08005249   Thumb Code    16  freertos.o(i.vApplicationGetIdleTaskMemory)
    vListInitialise                          0x0800525d   Thumb Code    22  list.o(i.vListInitialise)
    vListInitialiseItem                      0x08005273   Thumb Code     6  list.o(i.vListInitialiseItem)
    vListInsert                              0x08005279   Thumb Code    48  list.o(i.vListInsert)
    vListInsertEnd                           0x080052a9   Thumb Code    24  list.o(i.vListInsertEnd)
    vPortEnterCritical                       0x080052c1   Thumb Code    54  port.o(i.vPortEnterCritical)
    vPortExitCritical                        0x08005301   Thumb Code    34  port.o(i.vPortExitCritical)
    vPortFree                                0x08005329   Thumb Code    88  heap_4.o(i.vPortFree)
    vPortSetupTimerInterrupt                 0x08005385   Thumb Code    32  port.o(i.vPortSetupTimerInterrupt)
    vPortValidateInterruptPriority           0x080053a9   Thumb Code    74  port.o(i.vPortValidateInterruptPriority)
    vTaskDelay                               0x080053fd   Thumb Code    66  tasks.o(i.vTaskDelay)
    vTaskInternalSetTimeOutState             0x08005449   Thumb Code    12  tasks.o(i.vTaskInternalSetTimeOutState)
    vTaskMissedYield                         0x08005459   Thumb Code     8  tasks.o(i.vTaskMissedYield)
    vTaskPlaceOnEventList                    0x08005465   Thumb Code    44  tasks.o(i.vTaskPlaceOnEventList)
    vTaskPriorityDisinheritAfterTimeout      0x08005495   Thumb Code   160  tasks.o(i.vTaskPriorityDisinheritAfterTimeout)
    vTaskStartScheduler                      0x0800553d   Thumb Code    90  tasks.o(i.vTaskStartScheduler)
    vTaskSuspendAll                          0x080055a9   Thumb Code    10  tasks.o(i.vTaskSuspendAll)
    vTaskSwitchContext                       0x080055b9   Thumb Code    82  tasks.o(i.vTaskSwitchContext)
    xPortStartScheduler                      0x08005615   Thumb Code   154  port.o(i.xPortStartScheduler)
    xQueueGenericCreate                      0x080056bd   Thumb Code    72  queue.o(i.xQueueGenericCreate)
    xQueueGenericCreateStatic                0x08005705   Thumb Code   102  queue.o(i.xQueueGenericCreateStatic)
    xQueueGenericReset                       0x0800576d   Thumb Code   132  queue.o(i.xQueueGenericReset)
    xQueueGenericSend                        0x080057f5   Thumb Code   346  queue.o(i.xQueueGenericSend)
    xQueueGiveFromISR                        0x08005955   Thumb Code   156  queue.o(i.xQueueGiveFromISR)
    xQueueReceiveFromISR                     0x080059f1   Thumb Code   154  queue.o(i.xQueueReceiveFromISR)
    xQueueSemaphoreTake                      0x08005a8d   Thumb Code   372  queue.o(i.xQueueSemaphoreTake)
    xTaskCheckForTimeOut                     0x08005c05   Thumb Code   112  tasks.o(i.xTaskCheckForTimeOut)
    xTaskCreate                              0x08005c79   Thumb Code    90  tasks.o(i.xTaskCreate)
    xTaskCreateStatic                        0x08005cd3   Thumb Code    86  tasks.o(i.xTaskCreateStatic)
    xTaskGetSchedulerState                   0x08005d29   Thumb Code    22  tasks.o(i.xTaskGetSchedulerState)
    xTaskIncrementTick                       0x08005d45   Thumb Code   192  tasks.o(i.xTaskIncrementTick)
    xTaskPriorityDisinherit                  0x08005e0d   Thumb Code   144  tasks.o(i.xTaskPriorityDisinherit)
    xTaskPriorityInherit                     0x08005ea5   Thumb Code   138  tasks.o(i.xTaskPriorityInherit)
    xTaskRemoveFromEventList                 0x08005f39   Thumb Code   108  tasks.o(i.xTaskRemoveFromEventList)
    xTaskResumeAll                           0x08005fad   Thumb Code   182  tasks.o(i.xTaskResumeAll)
    AHBPrescTable                            0x0800611c   Data          16  system_stm32f1xx.o(.constdata)
    APBPrescTable                            0x0800612c   Data           8  system_stm32f1xx.o(.constdata)
    Co2_Colour_Table                         0x0800743c   Data          30  data_colour.o(.constdata)
    Hcho_Colour_Table                        0x0800745a   Data          30  data_colour.o(.constdata)
    Tvoc_Colour_Table                        0x08007478   Data          30  data_colour.o(.constdata)
    Pm25_Colour_Table                        0x08007496   Data          30  data_colour.o(.constdata)
    Pm10_Colour_Table                        0x080074b4   Data          30  data_colour.o(.constdata)
    Temperature_Colour_Table                 0x080074d2   Data          30  data_colour.o(.constdata)
    Region$$Table$$Base                      0x08007784   Number         0  anon$$obj.o(Region$$Table)
    Region$$Table$$Limit                     0x080077a4   Number         0  anon$$obj.o(Region$$Table)
    Display_Sensor_Type                      0x20000000   Data           4  main.o(.data)
    String_Display_Sensor_Type               0x20000004   Data          32  main.o(.data)
    Temperature_Data                         0x20000024   Data           2  main.o(.data)
    Humidity_Data                            0x20000026   Data           2  main.o(.data)
    Pm25_Data                                0x20000028   Data           2  main.o(.data)
    Pm10_Data                                0x2000002a   Data           2  main.o(.data)
    Eco2_Data                                0x2000002c   Data           2  main.o(.data)
    Tvoc_Data                                0x2000002e   Data           2  main.o(.data)
    Ch2o_Data                                0x20000030   Data           2  main.o(.data)
    Lcd_Display_Buff                         0x20000032   Data           8  main.o(.data)
    defaultTaskHandle                        0x2000003c   Data           4  freertos.o(.data)
    LCD_DisplayHandle                        0x20000040   Data           4  freertos.o(.data)
    TH_SensorHandle                          0x20000044   Data           4  freertos.o(.data)
    AtmosphereHandle                         0x20000048   Data           4  freertos.o(.data)
    ModbusHandle                             0x2000004c   Data           4  freertos.o(.data)
    MODBUS_RX_CPLHandle                      0x20000050   Data           4  freertos.o(.data)
    VOC_RX_CPLHandle                         0x20000054   Data           4  freertos.o(.data)
    PM25_RX_CPLHandle                        0x20000058   Data           4  freertos.o(.data)
    RUSH_DISPLAY_REQUESTHandle               0x2000005c   Data           4  freertos.o(.data)
    uwTickFreq                               0x20000060   Data           1  stm32f1xx_hal.o(.data)
    uwTickPrio                               0x20000064   Data           4  stm32f1xx_hal.o(.data)
    uwTick                                   0x20000068   Data           4  stm32f1xx_hal.o(.data)
    SystemCoreClock                          0x2000006c   Data           4  system_stm32f1xx.o(.data)
    pxCurrentTCB                             0x20000070   Data           4  tasks.o(.data)
    Key_State                                0x200000d0   Data           1  key.o(.data)
    Pm25_DMA_Command_Buff                    0x200000d1   Data           7  pm25.o(.data)
    Pm25_Data_Buff                           0x200000d8   Data           4  pm25.o(.data)
    Sht20_Exist                              0x200000dc   Data           1  sht2x_i2c.o(.data)
    Actual_Temperature_Data                  0x200000de   Data           2  sht2x_i2c.o(.data)
    Actual_Humidity_Data                     0x200000e0   Data           2  sht2x_i2c.o(.data)
    scr_width                                0x200000e2   Data           2  st7735.o(.data)
    scr_height                               0x200000e4   Data           2  st7735.o(.data)
    Tvoc_DMA_Command_Buff                    0x200000e6   Data           9  tvoc.o(.data)
    Tvoc_Data_Buff                           0x200000ef   Data           6  tvoc.o(.data)
    Modbus_Rx_Buff_Index                     0x200000f8   Data           1  modbus.o(.data)
    Modbus_Rx_Timer                          0x200000f9   Data           1  modbus.o(.data)
    Modbus_Rx_Timer_Limiter                  0x200000fa   Data           1  modbus.o(.data)
    Modbus_Receive_Length                    0x200000fb   Data           1  modbus.o(.data)
    Modbus_Reply_Delay_Time                  0x200000fc   Data           1  modbus.o(.data)
    Modbus_New_Receive_Start_Flag            0x200000fd   Data           1  modbus.o(.data)
    Modbus_Receive_Last_Index                0x200000fe   Data           1  modbus.o(.data)
    My_Modbus_Address                        0x200000ff   Data           1  modbus.o(.data)
    Modbus_Memory_Address                    0x20000100   Data           4  modbus.o(.data)
    MODBUS_RX_CPL_ControlBlock               0x20000104   Data          72  freertos.o(.bss)
    VOC_RX_CPLControlBlock                   0x2000014c   Data          72  freertos.o(.bss)
    PM25_RX_CPLControlBlock                  0x20000194   Data          72  freertos.o(.bss)
    RUSH_DISPLAY_REQUESTControlBlock         0x200001dc   Data          72  freertos.o(.bss)
    hspi1                                    0x20000378   Data          88  spi.o(.bss)
    htim4                                    0x200003d0   Data          72  tim.o(.bss)
    huart1                                   0x20000418   Data          64  usart.o(.bss)
    huart2                                   0x20000458   Data          64  usart.o(.bss)
    huart3                                   0x20000498   Data          64  usart.o(.bss)
    hdma_usart1_tx                           0x200004d8   Data          68  usart.o(.bss)
    hdma_usart2_tx                           0x2000051c   Data          68  usart.o(.bss)
    hdma_usart3_tx                           0x20000560   Data          68  usart.o(.bss)
    htim1                                    0x200005a4   Data          72  stm32f1xx_hal_timebase_tim.o(.bss)
    Pm25_Read_Uart_Buff                      0x2000131c   Data          34  pm25.o(.bss)
    Tvoc_Read_Uart_Buff                      0x2000133e   Data          20  tvoc.o(.bss)
    Modbus_Rx_Buff                           0x20001352   Data          32  modbus.o(.bss)
    Modbus_Tx_Buff                           0x20001372   Data          32  modbus.o(.bss)
    __initial_sp                             0x20001798   Data           0  startup_stm32f103xb.o(STACK)



==============================================================================

Memory Map of the image

  Image Entry point : 0x080000ed

  Load Region LR_IROM1 (Base: 0x08000000, Size: 0x000078a8, Max: 0x00010000, ABSOLUTE)

    Execution Region ER_IROM1 (Exec base: 0x08000000, Load base: 0x08000000, Size: 0x000077a4, Max: 0x00010000, ABSOLUTE)

    Exec Addr    Load Addr    Size         Type   Attr      Idx    E Section Name        Object

    0x08000000   0x08000000   0x000000ec   Data   RO            3    RESET               startup_stm32f103xb.o
    0x080000ec   0x080000ec   0x00000000   Code   RO         5219  * .ARM.Collect$$$$00000000  mc_w.l(entry.o)
    0x080000ec   0x080000ec   0x00000004   Code   RO         5499    .ARM.Collect$$$$00000001  mc_w.l(entry2.o)
    0x080000f0   0x080000f0   0x00000004   Code   RO         5502    .ARM.Collect$$$$00000004  mc_w.l(entry5.o)
    0x080000f4   0x080000f4   0x00000000   Code   RO         5504    .ARM.Collect$$$$00000008  mc_w.l(entry7b.o)
    0x080000f4   0x080000f4   0x00000000   Code   RO         5506    .ARM.Collect$$$$0000000A  mc_w.l(entry8b.o)
    0x080000f4   0x080000f4   0x00000008   Code   RO         5507    .ARM.Collect$$$$0000000B  mc_w.l(entry9a.o)
    0x080000fc   0x080000fc   0x00000000   Code   RO         5509    .ARM.Collect$$$$0000000D  mc_w.l(entry10a.o)
    0x080000fc   0x080000fc   0x00000000   Code   RO         5511    .ARM.Collect$$$$0000000F  mc_w.l(entry11a.o)
    0x080000fc   0x080000fc   0x00000004   Code   RO         5500    .ARM.Collect$$$$00002712  mc_w.l(entry2.o)
    0x08000100   0x08000100   0x00000096   Code   RO         4560    .emb_text           port.o
    0x08000196   0x08000196   0x00000002   PAD
    0x08000198   0x08000198   0x00000024   Code   RO            4    .text               startup_stm32f103xb.o
    0x080001bc   0x080001bc   0x00000020   Code   RO         5222    .text               mc_w.l(llushr.o)
    0x080001dc   0x080001dc   0x00000024   Code   RO         5224    .text               mc_w.l(memcpya.o)
    0x08000200   0x08000200   0x00000024   Code   RO         5228    .text               mc_w.l(memseta.o)
    0x08000224   0x08000224   0x0000007c   Code   RO         5493    .text               mf_w.l(fdiv.o)
    0x080002a0   0x080002a0   0x00000012   Code   RO         5495    .text               mf_w.l(fflti.o)
    0x080002b2   0x080002b2   0x00000026   Code   RO         5497    .text               mf_w.l(f2d.o)
    0x080002d8   0x080002d8   0x0000002c   Code   RO         5516    .text               mc_w.l(uidiv.o)
    0x08000304   0x08000304   0x00000062   Code   RO         5518    .text               mc_w.l(uldiv.o)
    0x08000366   0x08000366   0x00000000   Code   RO         5520    .text               mc_w.l(iusefp.o)
    0x08000366   0x08000366   0x0000006e   Code   RO         5521    .text               mf_w.l(fepilogue.o)
    0x080003d4   0x080003d4   0x0000014e   Code   RO         5523    .text               mf_w.l(dadd.o)
    0x08000522   0x08000522   0x000000e4   Code   RO         5525    .text               mf_w.l(dmul.o)
    0x08000606   0x08000606   0x000000de   Code   RO         5527    .text               mf_w.l(ddiv.o)
    0x080006e4   0x080006e4   0x00000030   Code   RO         5529    .text               mf_w.l(dfixul.o)
    0x08000714   0x08000714   0x00000030   Code   RO         5531    .text               mf_w.l(cdrcmple.o)
    0x08000744   0x08000744   0x00000024   Code   RO         5533    .text               mc_w.l(init.o)
    0x08000768   0x08000768   0x0000001e   Code   RO         5536    .text               mc_w.l(llshl.o)
    0x08000786   0x08000786   0x00000024   Code   RO         5538    .text               mc_w.l(llsshr.o)
    0x080007aa   0x080007aa   0x000000ba   Code   RO         5541    .text               mf_w.l(depilogue.o)
    0x08000864   0x08000864   0x00000088   Code   RO         5152    i.Analysis_Modbus_Rx_Data  modbus.o
    0x080008ec   0x080008ec   0x00000098   Code   RO         5153    i.Build_Modbus_Tx_Data  modbus.o
    0x08000984   0x08000984   0x00000002   Code   RO          539    i.BusFault_Handler  stm32f1xx_it.o
    0x08000986   0x08000986   0x00000034   Code   RO         5006    i.CRC_Compute       tvoc.o
    0x080009ba   0x080009ba   0x00000002   PAD
    0x080009bc   0x080009bc   0x0000000c   Code   RO          540    i.DMA1_Channel2_IRQHandler  stm32f1xx_it.o
    0x080009c8   0x080009c8   0x0000000c   Code   RO          541    i.DMA1_Channel4_IRQHandler  stm32f1xx_it.o
    0x080009d4   0x080009d4   0x0000000c   Code   RO          542    i.DMA1_Channel7_IRQHandler  stm32f1xx_it.o
    0x080009e0   0x080009e0   0x0000002a   Code   RO         1122    i.DMA_SetConfig     stm32f1xx_hal_dma.o
    0x08000a0a   0x08000a0a   0x00000002   Code   RO          543    i.DebugMon_Handler  stm32f1xx_it.o
    0x08000a0c   0x08000a0c   0x00000002   Code   RO           13    i.Error_Handler     main.o
    0x08000a0e   0x08000a0e   0x00000002   PAD
    0x08000a10   0x08000a10   0x00000058   Code   RO         5136    i.Get_CRC16         crc16.o
    0x08000a68   0x08000a68   0x00000030   Code   RO         4812    i.Get_CRC8          sht2x_i2c.o
    0x08000a98   0x08000a98   0x000000ac   Code   RO         4744    i.Get_Pm25          pm25.o
    0x08000b44   0x08000b44   0x00000028   Code   RO         4813    i.Get_SHT2x_Rh      sht2x_i2c.o
    0x08000b6c   0x08000b6c   0x0000002c   Code   RO         4814    i.Get_SHT2x_Temp    sht2x_i2c.o
    0x08000b98   0x08000b98   0x000000b4   Code   RO         5007    i.Get_Tvoc          tvoc.o
    0x08000c4c   0x08000c4c   0x00000098   Code   RO         1124    i.HAL_DMA_Abort_IT  stm32f1xx_hal_dma.o
    0x08000ce4   0x08000ce4   0x00000154   Code   RO         1128    i.HAL_DMA_IRQHandler  stm32f1xx_hal_dma.o
    0x08000e38   0x08000e38   0x0000005c   Code   RO         1129    i.HAL_DMA_Init      stm32f1xx_hal_dma.o
    0x08000e94   0x08000e94   0x00000070   Code   RO         1133    i.HAL_DMA_Start_IT  stm32f1xx_hal_dma.o
    0x08000f04   0x08000f04   0x00000024   Code   RO          751    i.HAL_Delay         stm32f1xx_hal.o
    0x08000f28   0x08000f28   0x000001e0   Code   RO         1059    i.HAL_GPIO_Init     stm32f1xx_hal_gpio.o
    0x08001108   0x08001108   0x0000000a   Code   RO         1061    i.HAL_GPIO_ReadPin  stm32f1xx_hal_gpio.o
    0x08001112   0x08001112   0x0000000a   Code   RO         1063    i.HAL_GPIO_WritePin  stm32f1xx_hal_gpio.o
    0x0800111c   0x0800111c   0x0000000c   Code   RO          755    i.HAL_GetTick       stm32f1xx_hal.o
    0x08001128   0x08001128   0x00000010   Code   RO          761    i.HAL_IncTick       stm32f1xx_hal.o
    0x08001138   0x08001138   0x00000024   Code   RO          762    i.HAL_Init          stm32f1xx_hal.o
    0x0800115c   0x0800115c   0x00000074   Code   RO          669    i.HAL_InitTick      stm32f1xx_hal_timebase_tim.o
    0x080011d0   0x080011d0   0x00000048   Code   RO          645    i.HAL_MspInit       stm32f1xx_hal_msp.o
    0x08001218   0x08001218   0x0000001a   Code   RO         1219    i.HAL_NVIC_EnableIRQ  stm32f1xx_hal_cortex.o
    0x08001232   0x08001232   0x00000002   PAD
    0x08001234   0x08001234   0x00000040   Code   RO         1225    i.HAL_NVIC_SetPriority  stm32f1xx_hal_cortex.o
    0x08001274   0x08001274   0x00000024   Code   RO         1226    i.HAL_NVIC_SetPriorityGrouping  stm32f1xx_hal_cortex.o
    0x08001298   0x08001298   0x0000012c   Code   RO          919    i.HAL_RCC_ClockConfig  stm32f1xx_hal_rcc.o
    0x080013c4   0x080013c4   0x00000040   Code   RO          923    i.HAL_RCC_GetClockConfig  stm32f1xx_hal_rcc.o
    0x08001404   0x08001404   0x00000020   Code   RO          926    i.HAL_RCC_GetPCLK1Freq  stm32f1xx_hal_rcc.o
    0x08001424   0x08001424   0x00000020   Code   RO          927    i.HAL_RCC_GetPCLK2Freq  stm32f1xx_hal_rcc.o
    0x08001444   0x08001444   0x0000006c   Code   RO          928    i.HAL_RCC_GetSysClockFreq  stm32f1xx_hal_rcc.o
    0x080014b0   0x080014b0   0x00000320   Code   RO          931    i.HAL_RCC_OscConfig  stm32f1xx_hal_rcc.o
    0x080017d0   0x080017d0   0x000000b2   Code   RO         1730    i.HAL_SPI_Init      stm32f1xx_hal_spi.o
    0x08001882   0x08001882   0x00000002   PAD
    0x08001884   0x08001884   0x00000070   Code   RO          402    i.HAL_SPI_MspInit   spi.o
    0x080018f4   0x080018f4   0x00000166   Code   RO         1738    i.HAL_SPI_Transmit  stm32f1xx_hal_spi.o
    0x08001a5a   0x08001a5a   0x00000002   Code   RO         2747    i.HAL_TIMEx_BreakCallback  stm32f1xx_hal_tim_ex.o
    0x08001a5c   0x08001a5c   0x00000002   Code   RO         2748    i.HAL_TIMEx_CommutCallback  stm32f1xx_hal_tim_ex.o
    0x08001a5e   0x08001a5e   0x00000002   PAD
    0x08001a60   0x08001a60   0x00000068   Code   RO         2766    i.HAL_TIMEx_MasterConfigSynchronization  stm32f1xx_hal_tim_ex.o
    0x08001ac8   0x08001ac8   0x0000005a   Code   RO         2043    i.HAL_TIM_Base_Init  stm32f1xx_hal_tim.o
    0x08001b22   0x08001b22   0x00000002   PAD
    0x08001b24   0x08001b24   0x0000003c   Code   RO          444    i.HAL_TIM_Base_MspInit  tim.o
    0x08001b60   0x08001b60   0x00000058   Code   RO         2048    i.HAL_TIM_Base_Start_IT  stm32f1xx_hal_tim.o
    0x08001bb8   0x08001bb8   0x000000d6   Code   RO         2052    i.HAL_TIM_ConfigClockSource  stm32f1xx_hal_tim.o
    0x08001c8e   0x08001c8e   0x00000002   Code   RO         2077    i.HAL_TIM_IC_CaptureCallback  stm32f1xx_hal_tim.o
    0x08001c90   0x08001c90   0x00000166   Code   RO         2091    i.HAL_TIM_IRQHandler  stm32f1xx_hal_tim.o
    0x08001df6   0x08001df6   0x00000002   Code   RO         2094    i.HAL_TIM_OC_DelayElapsedCallback  stm32f1xx_hal_tim.o
    0x08001df8   0x08001df8   0x00000002   Code   RO         2121    i.HAL_TIM_PWM_PulseFinishedCallback  stm32f1xx_hal_tim.o
    0x08001dfa   0x08001dfa   0x00000002   PAD
    0x08001dfc   0x08001dfc   0x0000002c   Code   RO           14    i.HAL_TIM_PeriodElapsedCallback  main.o
    0x08001e28   0x08001e28   0x00000002   Code   RO         2134    i.HAL_TIM_TriggerCallback  stm32f1xx_hal_tim.o
    0x08001e2a   0x08001e2a   0x00000002   Code   RO         3035    i.HAL_UART_ErrorCallback  stm32f1xx_hal_uart.o
    0x08001e2c   0x08001e2c   0x0000015c   Code   RO         3038    i.HAL_UART_IRQHandler  stm32f1xx_hal_uart.o
    0x08001f88   0x08001f88   0x00000062   Code   RO         3039    i.HAL_UART_Init     stm32f1xx_hal_uart.o
    0x08001fea   0x08001fea   0x00000002   PAD
    0x08001fec   0x08001fec   0x00000210   Code   RO          486    i.HAL_UART_MspInit  usart.o
    0x080021fc   0x080021fc   0x000000bc   Code   RO         3042    i.HAL_UART_Receive  stm32f1xx_hal_uart.o
    0x080022b8   0x080022b8   0x00000052   Code   RO         3044    i.HAL_UART_Receive_IT  stm32f1xx_hal_uart.o
    0x0800230a   0x0800230a   0x00000002   PAD
    0x0800230c   0x0800230c   0x0000004c   Code   RO           15    i.HAL_UART_RxCpltCallback  main.o
    0x08002358   0x08002358   0x000000b2   Code   RO         3047    i.HAL_UART_Transmit  stm32f1xx_hal_uart.o
    0x0800240a   0x0800240a   0x00000002   PAD
    0x0800240c   0x0800240c   0x00000080   Code   RO         3048    i.HAL_UART_Transmit_DMA  stm32f1xx_hal_uart.o
    0x0800248c   0x0800248c   0x00000014   Code   RO           16    i.HAL_UART_TxCpltCallback  main.o
    0x080024a0   0x080024a0   0x00000002   Code   RO         3051    i.HAL_UART_TxHalfCpltCallback  stm32f1xx_hal_uart.o
    0x080024a2   0x080024a2   0x00000002   Code   RO          544    i.HardFault_Handler  stm32f1xx_it.o
    0x080024a4   0x080024a4   0x00000030   Code   RO         5154    i.Init_Modbus       modbus.o
    0x080024d4   0x080024d4   0x0000001a   Code   RO         4745    i.Init_Pm25         pm25.o
    0x080024ee   0x080024ee   0x0000001a   Code   RO         5008    i.Init_Tvoc         tvoc.o
    0x08002508   0x08002508   0x0000004c   Code   RO          279    i.MX_DMA_Init       dma.o
    0x08002554   0x08002554   0x000000cc   Code   RO          303    i.MX_FREERTOS_Init  freertos.o
    0x08002620   0x08002620   0x000000e0   Code   RO          255    i.MX_GPIO_Init      gpio.o
    0x08002700   0x08002700   0x00000048   Code   RO          403    i.MX_SPI1_Init      spi.o
    0x08002748   0x08002748   0x00000064   Code   RO          445    i.MX_TIM4_Init      tim.o
    0x080027ac   0x080027ac   0x00000038   Code   RO          487    i.MX_USART1_UART_Init  usart.o
    0x080027e4   0x080027e4   0x00000038   Code   RO          488    i.MX_USART2_UART_Init  usart.o
    0x0800281c   0x0800281c   0x00000038   Code   RO          489    i.MX_USART3_UART_Init  usart.o
    0x08002854   0x08002854   0x00000002   Code   RO          545    i.MemManage_Handler  stm32f1xx_it.o
    0x08002856   0x08002856   0x00000002   PAD
    0x08002858   0x08002858   0x00000028   Code   RO         5155    i.Modbus_Send_Data  modbus.o
    0x08002880   0x08002880   0x00000038   Code   RO         5156    i.Modbus_Timer_Process  modbus.o
    0x080028b8   0x080028b8   0x0000003c   Code   RO         5157    i.Modbus_Uart_Rx_Int_Process  modbus.o
    0x080028f4   0x080028f4   0x00000010   Code   RO         5158    i.Modbus_Uart_Tx_Complete_Process  modbus.o
    0x08002904   0x08002904   0x00000002   Code   RO          546    i.NMI_Handler       stm32f1xx_it.o
    0x08002906   0x08002906   0x00000002   PAD
    0x08002908   0x08002908   0x00000080   Code   RO         4746    i.Pm25_Set_Read_Mod  pm25.o
    0x08002988   0x08002988   0x000000c8   Code   RO         4717    i.Read_Key          key.o
    0x08002a50   0x08002a50   0x00000096   Code   RO         4815    i.Read_SHT2x_Data   sht2x_i2c.o
    0x08002ae6   0x08002ae6   0x00000034   Code   RO         4816    i.SHT2x_Init        sht2x_i2c.o
    0x08002b1a   0x08002b1a   0x00000024   Code   RO         4817    i.SHT2x_SoftReset   sht2x_i2c.o
    0x08002b3e   0x08002b3e   0x00000020   Code   RO         1768    i.SPI_EndRxTxTransaction  stm32f1xx_hal_spi.o
    0x08002b5e   0x08002b5e   0x00000002   PAD
    0x08002b60   0x08002b60   0x000000b8   Code   RO         1773    i.SPI_WaitFlagStateUntilTimeout  stm32f1xx_hal_spi.o
    0x08002c18   0x08002c18   0x00000078   Code   RO         4874    i.ST7735_AddrSet    st7735.o
    0x08002c90   0x08002c90   0x00000074   Code   RO         4875    i.ST7735_Clear      st7735.o
    0x08002d04   0x08002d04   0x000000ac   Code   RO         5054    i.ST7735_Draw_Monochromatic_Graph  display_number.o
    0x08002db0   0x08002db0   0x00000068   Code   RO         4877    i.ST7735_HLine      st7735.o
    0x08002e18   0x08002e18   0x0000012c   Code   RO         4878    i.ST7735_Init       st7735.o
    0x08002f44   0x08002f44   0x00000060   Code   RO         4880    i.ST7735_Orientation  st7735.o
    0x08002fa4   0x08002fa4   0x00000104   Code   RO         4883    i.ST7735_PutChar7x11  st7735.o
    0x080030a8   0x080030a8   0x000000a0   Code   RO         5055    i.ST7735_PutChar_Big_Number  display_number.o
    0x08003148   0x08003148   0x00000054   Code   RO         4885    i.ST7735_PutStr7x11  st7735.o
    0x0800319c   0x0800319c   0x000000a0   Code   RO         5056    i.ST7735_Put_3Bits_Big_Percent_Number  display_number.o
    0x0800323c   0x0800323c   0x00000098   Code   RO         5057    i.ST7735_Put_4Bits_Big_Number  display_number.o
    0x080032d4   0x080032d4   0x00000040   Code   RO         4886    i.ST7735_Rect       st7735.o
    0x08003314   0x08003314   0x00000068   Code   RO         4887    i.ST7735_VLine      st7735.o
    0x0800337c   0x0800337c   0x0000001c   Code   RO         4888    i.ST7735_cmd        st7735.o
    0x08003398   0x08003398   0x0000001c   Code   RO         4889    i.ST7735_data       st7735.o
    0x080033b4   0x080033b4   0x00000014   Code   RO         4890    i.ST7735_write      st7735.o
    0x080033c8   0x080033c8   0x00000068   Code   RO         5099    i.Set_Aqi_Colour    data_colour.o
    0x08003430   0x08003430   0x00000068   Code   RO         5100    i.Set_Temperature_Colour  data_colour.o
    0x08003498   0x08003498   0x0000002c   Code   RO         4748    i.Standby_Pm25      pm25.o
    0x080034c4   0x080034c4   0x00000088   Code   RO          304    i.StartDefaultTask  freertos.o
    0x0800354c   0x0800354c   0x000000d8   Code   RO          305    i.StartTask_Atmosphere  freertos.o
    0x08003624   0x08003624   0x00000178   Code   RO          306    i.StartTask_LCD_Display  freertos.o
    0x0800379c   0x0800379c   0x0000000c   Code   RO          307    i.StartTask_Modbus  freertos.o
    0x080037a8   0x080037a8   0x0000000c   Code   RO          308    i.StartTask_TH_Sensor  freertos.o
    0x080037b4   0x080037b4   0x00000018   Code   RO         4749    i.Sum_Compute       pm25.o
    0x080037cc   0x080037cc   0x0000002c   Code   RO         4561    i.SysTick_Handler   port.o
    0x080037f8   0x080037f8   0x0000004e   Code   RO           17    i.SystemClock_Config  main.o
    0x08003846   0x08003846   0x00000002   Code   RO         3336    i.SystemInit        system_stm32f1xx.o
    0x08003848   0x08003848   0x0000000c   Code   RO          547    i.TIM1_UP_IRQHandler  stm32f1xx_it.o
    0x08003854   0x08003854   0x0000000c   Code   RO          548    i.TIM4_IRQHandler   stm32f1xx_it.o
    0x08003860   0x08003860   0x0000006c   Code   RO         2136    i.TIM_Base_SetConfig  stm32f1xx_hal_tim.o
    0x080038cc   0x080038cc   0x00000014   Code   RO         2147    i.TIM_ETR_SetConfig  stm32f1xx_hal_tim.o
    0x080038e0   0x080038e0   0x00000010   Code   RO         2148    i.TIM_ITRx_SetConfig  stm32f1xx_hal_tim.o
    0x080038f0   0x080038f0   0x00000022   Code   RO         2154    i.TIM_TI1_ConfigInputStage  stm32f1xx_hal_tim.o
    0x08003912   0x08003912   0x00000024   Code   RO         2156    i.TIM_TI2_ConfigInputStage  stm32f1xx_hal_tim.o
    0x08003936   0x08003936   0x00000002   PAD
    0x08003938   0x08003938   0x00000058   Code   RO         5159    i.Task_Modbus       modbus.o
    0x08003990   0x08003990   0x0000007c   Code   RO         4818    i.Task_TH_Sensor    sht2x_i2c.o
    0x08003a0c   0x08003a0c   0x00000084   Code   RO         5009    i.Tvoc_Set_Read_Mod  tvoc.o
    0x08003a90   0x08003a90   0x00000010   Code   RO         3052    i.UART_DMAAbortOnError  stm32f1xx_hal_uart.o
    0x08003aa0   0x08003aa0   0x0000004a   Code   RO         3053    i.UART_DMAError     stm32f1xx_hal_uart.o
    0x08003aea   0x08003aea   0x0000002e   Code   RO         3058    i.UART_DMATransmitCplt  stm32f1xx_hal_uart.o
    0x08003b18   0x08003b18   0x0000000a   Code   RO         3060    i.UART_DMATxHalfCplt  stm32f1xx_hal_uart.o
    0x08003b22   0x08003b22   0x0000001c   Code   RO         3062    i.UART_EndRxTransfer  stm32f1xx_hal_uart.o
    0x08003b3e   0x08003b3e   0x00000012   Code   RO         3063    i.UART_EndTxTransfer  stm32f1xx_hal_uart.o
    0x08003b50   0x08003b50   0x0000008c   Code   RO         3064    i.UART_Receive_IT   stm32f1xx_hal_uart.o
    0x08003bdc   0x08003bdc   0x000000b8   Code   RO         3065    i.UART_SetConfig    stm32f1xx_hal_uart.o
    0x08003c94   0x08003c94   0x00000064   Code   RO         3066    i.UART_WaitOnFlagUntilTimeout  stm32f1xx_hal_uart.o
    0x08003cf8   0x08003cf8   0x0000000c   Code   RO          549    i.USART1_IRQHandler  stm32f1xx_it.o
    0x08003d04   0x08003d04   0x0000000c   Code   RO          550    i.USART2_IRQHandler  stm32f1xx_it.o
    0x08003d10   0x08003d10   0x0000000c   Code   RO          551    i.USART3_IRQHandler  stm32f1xx_it.o
    0x08003d1c   0x08003d1c   0x00000002   Code   RO          552    i.UsageFault_Handler  stm32f1xx_it.o
    0x08003d1e   0x08003d1e   0x00000002   PAD
    0x08003d20   0x08003d20   0x0000002c   Code   RO         4750    i.Work_Pm25         pm25.o
    0x08003d4c   0x08003d4c   0x00000028   Code   RO         5467    i.__0sprintf        mc_w.l(printfa.o)
    0x08003d74   0x08003d74   0x00000020   Code   RO         1232    i.__NVIC_SetPriority  stm32f1xx_hal_cortex.o
    0x08003d94   0x08003d94   0x0000000e   Code   RO         5545    i.__scatterload_copy  mc_w.l(handlers.o)
    0x08003da2   0x08003da2   0x00000002   Code   RO         5546    i.__scatterload_null  mc_w.l(handlers.o)
    0x08003da4   0x08003da4   0x0000000e   Code   RO         5547    i.__scatterload_zeroinit  mc_w.l(handlers.o)
    0x08003db2   0x08003db2   0x00000002   PAD
    0x08003db4   0x08003db4   0x00000184   Code   RO         5472    i._fp_digits        mc_w.l(printfa.o)
    0x08003f38   0x08003f38   0x000006dc   Code   RO         5473    i._printf_core      mc_w.l(printfa.o)
    0x08004614   0x08004614   0x00000024   Code   RO         5474    i._printf_post_padding  mc_w.l(printfa.o)
    0x08004638   0x08004638   0x0000002e   Code   RO         5475    i._printf_pre_padding  mc_w.l(printfa.o)
    0x08004666   0x08004666   0x0000000a   Code   RO         5477    i._sputc            mc_w.l(printfa.o)
    0x08004670   0x08004670   0x0000002c   Code   RO         4640    i.i2c_Ack           bsp_i2c_gpio.o
    0x0800469c   0x0800469c   0x00000050   Code   RO         4641    i.i2c_CfgGpio       bsp_i2c_gpio.o
    0x080046ec   0x080046ec   0x0000000c   Code   RO         4642    i.i2c_Delay         bsp_i2c_gpio.o
    0x080046f8   0x080046f8   0x00000028   Code   RO         4643    i.i2c_NAck          bsp_i2c_gpio.o
    0x08004720   0x08004720   0x00000048   Code   RO         4644    i.i2c_ReadByte      bsp_i2c_gpio.o
    0x08004768   0x08004768   0x00000054   Code   RO         4645    i.i2c_SendByte      bsp_i2c_gpio.o
    0x080047bc   0x080047bc   0x0000002c   Code   RO         4646    i.i2c_Start         bsp_i2c_gpio.o
    0x080047e8   0x080047e8   0x00000020   Code   RO         4647    i.i2c_Stop          bsp_i2c_gpio.o
    0x08004808   0x08004808   0x00000038   Code   RO         4648    i.i2c_WaitAck       bsp_i2c_gpio.o
    0x08004840   0x08004840   0x0000000c   Code   RO         4130    i.inHandlerMode     cmsis_os.o
    0x0800484c   0x0800484c   0x000002e0   Code   RO           18    i.main              main.o
    0x08004b2c   0x08004b2c   0x0000000c   Code   RO         4132    i.makeFreeRtosPriority  cmsis_os.o
    0x08004b38   0x08004b38   0x0000000e   Code   RO         4134    i.osDelay           cmsis_os.o
    0x08004b46   0x08004b46   0x0000000a   Code   RO         4137    i.osKernelStart     cmsis_os.o
    0x08004b50   0x08004b50   0x0000003e   Code   RO         4163    i.osSemaphoreCreate  cmsis_os.o
    0x08004b8e   0x08004b8e   0x00000002   PAD
    0x08004b90   0x08004b90   0x00000050   Code   RO         4166    i.osSemaphoreRelease  cmsis_os.o
    0x08004be0   0x08004be0   0x00000064   Code   RO         4167    i.osSemaphoreWait   cmsis_os.o
    0x08004c44   0x08004c44   0x00000054   Code   RO         4171    i.osThreadCreate    cmsis_os.o
    0x08004c98   0x08004c98   0x00000070   Code   RO         3829    i.prvAddCurrentTaskToDelayedList  tasks.o
    0x08004d08   0x08004d08   0x000000d0   Code   RO         3830    i.prvAddNewTaskToReadyList  tasks.o
    0x08004dd8   0x08004dd8   0x00000026   Code   RO         3514    i.prvCopyDataFromQueue  queue.o
    0x08004dfe   0x08004dfe   0x0000006c   Code   RO         3515    i.prvCopyDataToQueue  queue.o
    0x08004e6a   0x08004e6a   0x00000034   Code   RO         3831    i.prvDeleteTCB      tasks.o
    0x08004e9e   0x08004e9e   0x00000002   PAD
    0x08004ea0   0x08004ea0   0x0000004c   Code   RO         4499    i.prvHeapInit       heap_4.o
    0x08004eec   0x08004eec   0x00000060   Code   RO         3832    i.prvIdleTask       tasks.o
    0x08004f4c   0x08004f4c   0x00000016   Code   RO         3517    i.prvInitialiseNewQueue  queue.o
    0x08004f62   0x08004f62   0x0000008e   Code   RO         3833    i.prvInitialiseNewTask  tasks.o
    0x08004ff0   0x08004ff0   0x0000004c   Code   RO         4500    i.prvInsertBlockIntoFreeList  heap_4.o
    0x0800503c   0x0800503c   0x0000001c   Code   RO         3518    i.prvIsQueueEmpty   queue.o
    0x08005058   0x08005058   0x00000020   Code   RO         3834    i.prvResetNextTaskUnblockTime  tasks.o
    0x08005078   0x08005078   0x00000028   Code   RO         4562    i.prvTaskExitError  port.o
    0x080050a0   0x080050a0   0x0000006a   Code   RO         3519    i.prvUnlockQueue    queue.o
    0x0800510a   0x0800510a   0x00000002   PAD
    0x0800510c   0x0800510c   0x000000d8   Code   RO         4501    i.pvPortMalloc      heap_4.o
    0x080051e4   0x080051e4   0x00000018   Code   RO         3836    i.pvTaskIncrementMutexHeldCount  tasks.o
    0x080051fc   0x080051fc   0x00000024   Code   RO         4563    i.pxPortInitialiseStack  port.o
    0x08005220   0x08005220   0x00000026   Code   RO         3474    i.uxListRemove      list.o
    0x08005246   0x08005246   0x00000002   PAD
    0x08005248   0x08005248   0x00000014   Code   RO          309    i.vApplicationGetIdleTaskMemory  freertos.o
    0x0800525c   0x0800525c   0x00000016   Code   RO         3475    i.vListInitialise   list.o
    0x08005272   0x08005272   0x00000006   Code   RO         3476    i.vListInitialiseItem  list.o
    0x08005278   0x08005278   0x00000030   Code   RO         3477    i.vListInsert       list.o
    0x080052a8   0x080052a8   0x00000018   Code   RO         3478    i.vListInsertEnd    list.o
    0x080052c0   0x080052c0   0x00000040   Code   RO         4565    i.vPortEnterCritical  port.o
    0x08005300   0x08005300   0x00000028   Code   RO         4566    i.vPortExitCritical  port.o
    0x08005328   0x08005328   0x0000005c   Code   RO         4502    i.vPortFree         heap_4.o
    0x08005384   0x08005384   0x00000024   Code   RO         4567    i.vPortSetupTimerInterrupt  port.o
    0x080053a8   0x080053a8   0x00000054   Code   RO         4568    i.vPortValidateInterruptPriority  port.o
    0x080053fc   0x080053fc   0x0000004c   Code   RO         3842    i.vTaskDelay        tasks.o
    0x08005448   0x08005448   0x00000010   Code   RO         3845    i.vTaskInternalSetTimeOutState  tasks.o
    0x08005458   0x08005458   0x0000000c   Code   RO         3846    i.vTaskMissedYield  tasks.o
    0x08005464   0x08005464   0x00000030   Code   RO         3848    i.vTaskPlaceOnEventList  tasks.o
    0x08005494   0x08005494   0x000000a8   Code   RO         3850    i.vTaskPriorityDisinheritAfterTimeout  tasks.o
    0x0800553c   0x0800553c   0x0000006c   Code   RO         3855    i.vTaskStartScheduler  tasks.o
    0x080055a8   0x080055a8   0x00000010   Code   RO         3857    i.vTaskSuspendAll   tasks.o
    0x080055b8   0x080055b8   0x0000005c   Code   RO         3858    i.vTaskSwitchContext  tasks.o
    0x08005614   0x08005614   0x000000a8   Code   RO         4569    i.xPortStartScheduler  port.o
    0x080056bc   0x080056bc   0x00000048   Code   RO         3528    i.xQueueGenericCreate  queue.o
    0x08005704   0x08005704   0x00000066   Code   RO         3529    i.xQueueGenericCreateStatic  queue.o
    0x0800576a   0x0800576a   0x00000002   PAD
    0x0800576c   0x0800576c   0x00000088   Code   RO         3530    i.xQueueGenericReset  queue.o
    0x080057f4   0x080057f4   0x00000160   Code   RO         3531    i.xQueueGenericSend  queue.o
    0x08005954   0x08005954   0x0000009c   Code   RO         3533    i.xQueueGiveFromISR  queue.o
    0x080059f0   0x080059f0   0x0000009a   Code   RO         3539    i.xQueueReceiveFromISR  queue.o
    0x08005a8a   0x08005a8a   0x00000002   PAD
    0x08005a8c   0x08005a8c   0x00000178   Code   RO         3540    i.xQueueSemaphoreTake  queue.o
    0x08005c04   0x08005c04   0x00000074   Code   RO         3859    i.xTaskCheckForTimeOut  tasks.o
    0x08005c78   0x08005c78   0x0000005a   Code   RO         3860    i.xTaskCreate       tasks.o
    0x08005cd2   0x08005cd2   0x00000056   Code   RO         3861    i.xTaskCreateStatic  tasks.o
    0x08005d28   0x08005d28   0x0000001c   Code   RO         3865    i.xTaskGetSchedulerState  tasks.o
    0x08005d44   0x08005d44   0x000000c8   Code   RO         3868    i.xTaskIncrementTick  tasks.o
    0x08005e0c   0x08005e0c   0x00000098   Code   RO         3871    i.xTaskPriorityDisinherit  tasks.o
    0x08005ea4   0x08005ea4   0x00000094   Code   RO         3872    i.xTaskPriorityInherit  tasks.o
    0x08005f38   0x08005f38   0x00000074   Code   RO         3873    i.xTaskRemoveFromEventList  tasks.o
    0x08005fac   0x08005fac   0x000000c4   Code   RO         3874    i.xTaskResumeAll    tasks.o
    0x08006070   0x08006070   0x000000ac   Data   RO          315    .constdata          freertos.o
    0x0800611c   0x0800611c   0x00000010   Data   RO         3337    .constdata          system_stm32f1xx.o
    0x0800612c   0x0800612c   0x00000008   Data   RO         3338    .constdata          system_stm32f1xx.o
    0x08006134   0x08006134   0x00000c00   Data   RO         4891    .constdata          st7735.o
    0x08006d34   0x08006d34   0x00000708   Data   RO         5058    .constdata          display_number.o
    0x0800743c   0x0800743c   0x0000001e   Data   RO         5101    .constdata          data_colour.o
    0x0800745a   0x0800745a   0x0000001e   Data   RO         5103    .constdata          data_colour.o
    0x08007478   0x08007478   0x0000001e   Data   RO         5104    .constdata          data_colour.o
    0x08007496   0x08007496   0x0000001e   Data   RO         5105    .constdata          data_colour.o
    0x080074b4   0x080074b4   0x0000001e   Data   RO         5106    .constdata          data_colour.o
    0x080074d2   0x080074d2   0x0000001e   Data   RO         5107    .constdata          data_colour.o
    0x080074f0   0x080074f0   0x00000200   Data   RO         5137    .constdata          crc16.o
    0x080076f0   0x080076f0   0x0000005c   Data   RO           19    .conststring        main.o
    0x0800774c   0x0800774c   0x00000038   Data   RO          316    .conststring        freertos.o
    0x08007784   0x08007784   0x00000020   Data   RO         5543    Region$$Table       anon$$obj.o


    Execution Region RW_IRAM1 (Exec base: 0x20000000, Load base: 0x080077a4, Size: 0x00001798, Max: 0x00005000, ABSOLUTE)

    Exec Addr    Load Addr    Size         Type   Attr      Idx    E Section Name        Object

    0x20000000   0x080077a4   0x00000004   Data   RW           20    .data               main.o
    0x20000004   0x080077a8   0x00000020   Data   RW           21    .data               main.o
    0x20000024   0x080077c8   0x00000016   Data   RW           22    .data               main.o
    0x2000003a   0x080077de   0x00000002   PAD
    0x2000003c   0x080077e0   0x00000024   Data   RW          317    .data               freertos.o
    0x20000060   0x08007804   0x0000000c   Data   RW          769    .data               stm32f1xx_hal.o
    0x2000006c   0x08007810   0x00000004   Data   RW         3339    .data               system_stm32f1xx.o
    0x20000070   0x08007814   0x0000003c   Data   RW         3877    .data               tasks.o
    0x200000ac   0x08007850   0x00000018   Data   RW         4507    .data               heap_4.o
    0x200000c4   0x08007868   0x0000000c   Data   RW         4570    .data               port.o
    0x200000d0   0x08007874   0x00000001   Data   RW         4718    .data               key.o
    0x200000d1   0x08007875   0x00000007   Data   RW         4752    .data               pm25.o
    0x200000d8   0x0800787c   0x00000004   Data   RW         4753    .data               pm25.o
    0x200000dc   0x08007880   0x00000006   Data   RW         4819    .data               sht2x_i2c.o
    0x200000e2   0x08007886   0x00000004   Data   RW         4892    .data               st7735.o
    0x200000e6   0x0800788a   0x00000009   Data   RW         5011    .data               tvoc.o
    0x200000ef   0x08007893   0x00000006   Data   RW         5012    .data               tvoc.o
    0x200000f5   0x08007899   0x00000003   PAD
    0x200000f8   0x0800789c   0x0000000c   Data   RW         5161    .data               modbus.o
    0x20000104        -       0x00000048   Zero   RW          310    .bss                freertos.o
    0x2000014c        -       0x00000048   Zero   RW          311    .bss                freertos.o
    0x20000194        -       0x00000048   Zero   RW          312    .bss                freertos.o
    0x200001dc        -       0x00000048   Zero   RW          313    .bss                freertos.o
    0x20000224        -       0x00000154   Zero   RW          314    .bss                freertos.o
    0x20000378        -       0x00000058   Zero   RW          404    .bss                spi.o
    0x200003d0        -       0x00000048   Zero   RW          446    .bss                tim.o
    0x20000418        -       0x0000018c   Zero   RW          490    .bss                usart.o
    0x200005a4        -       0x00000048   Zero   RW          672    .bss                stm32f1xx_hal_timebase_tim.o
    0x200005ec        -       0x000000f0   Zero   RW         3876    .bss                tasks.o
    0x200006dc        -       0x00000c40   Zero   RW         4506    .bss                heap_4.o
    0x2000131c        -       0x00000022   Zero   RW         4751    .bss                pm25.o
    0x2000133e        -       0x00000014   Zero   RW         5010    .bss                tvoc.o
    0x20001352        -       0x00000040   Zero   RW         5160    .bss                modbus.o
    0x20001392   0x080078a8   0x00000006   PAD
    0x20001398        -       0x00000400   Zero   RW            1    STACK               startup_stm32f103xb.o


==============================================================================

Image component sizes


      Code (inc. data)   RO Data    RW Data    ZI Data      Debug   Object Name

       464         44          0          0          0       5010   bsp_i2c_gpio.o
       374         10          0          0          0      28944   cmsis_os.o
        88         10        512          0          0       1044   crc16.o
       208          0        180          0          0       2364   data_colour.o
       644         28       1800          0          0       4078   display_number.o
        76          4          0          0          0        766   dma.o
         0          0          0          0          0      18216   event_groups.o
       976        184        228         36        628       7796   freertos.o
       224         16          0          0          0        975   gpio.o
       460         24          0         24       3136       7283   heap_4.o
       200         10          0          1          0        883   key.o
       138          0          0          0          0       3438   list.o
       956        116         92         58          0     467967   main.o
       596         80          0         12         64       5806   modbus.o
       438         62          0         11         34       9053   pm25.o
       662         70          0         12          0      11245   port.o
      1650         14          0          0          0      15252   queue.o
       494         18          0          6          0       5448   sht2x_i2c.o
       184         28          0          0         88       1657   spi.o
      1324         80       3072          4          0      10253   st7735.o
        36          8        236          0       1024        808   startup_stm32f103xb.o
       100         18          0         12          0       5282   stm32f1xx_hal.o
       158         14          0          0          0      28218   stm32f1xx_hal_cortex.o
       738         36          0          0          0       4358   stm32f1xx_hal_dma.o
       500         34          0          0          0       3543   stm32f1xx_hal_gpio.o
        72         10          0          0          0        858   stm32f1xx_hal_msp.o
      1336        110          0          0          0       5869   stm32f1xx_hal_rcc.o
       752          4          0          0          0       4430   stm32f1xx_hal_spi.o
       972         26          0          0          0       9753   stm32f1xx_hal_tim.o
       108         12          0          0          0       2401   stm32f1xx_hal_tim_ex.o
       116         18          0          0         72       1415   stm32f1xx_hal_timebase_tim.o
      1642         24          0          0          0      13318   stm32f1xx_hal_uart.o
       108         48          0          0          0       6077   stm32f1xx_it.o
         0          0          0          0          0        392   stream_buffer.o
         2          0         24          4          0       1111   system_stm32f1xx.o
      2334        172          0         60        240      24203   tasks.o
       160         18          0          0         72       1646   tim.o
       390         36          0         15         20       3547   tvoc.o
       696         58          0          0        396       3289   usart.o

    ----------------------------------------------------------------------
     20420       1444       6176        260       5780     727996   Object Totals
         0          0         32          0          0          0   (incl. Generated)
        44          0          0          5          6          0   (incl. Padding)

    ----------------------------------------------------------------------

      Code (inc. data)   RO Data    RW Data    ZI Data      Debug   Library Member Name

         0          0          0          0          0          0   entry.o
         0          0          0          0          0          0   entry10a.o
         0          0          0          0          0          0   entry11a.o
         8          4          0          0          0          0   entry2.o
         4          0          0          0          0          0   entry5.o
         0          0          0          0          0          0   entry7b.o
         0          0          0          0          0          0   entry8b.o
         8          4          0          0          0          0   entry9a.o
        30          0          0          0          0          0   handlers.o
        36          8          0          0          0         68   init.o
         0          0          0          0          0          0   iusefp.o
        30          0          0          0          0         68   llshl.o
        36          0          0          0          0         68   llsshr.o
        32          0          0          0          0         68   llushr.o
        36          0          0          0          0         68   memcpya.o
        36          0          0          0          0        108   memseta.o
      2276         86          0          0          0        520   printfa.o
        44          0          0          0          0         80   uidiv.o
        98          0          0          0          0         92   uldiv.o
        48          0          0          0          0         68   cdrcmple.o
       334          0          0          0          0        148   dadd.o
       222          0          0          0          0        100   ddiv.o
       186          0          0          0          0        176   depilogue.o
        48          0          0          0          0         68   dfixul.o
       228          0          0          0          0         96   dmul.o
        38          0          0          0          0         68   f2d.o
       124          0          0          0          0         88   fdiv.o
       110          0          0          0          0        168   fepilogue.o
        18          0          0          0          0         68   fflti.o

    ----------------------------------------------------------------------
      4032        102          0          0          0       2188   Library Totals
         2          0          0          0          0          0   (incl. Padding)

    ----------------------------------------------------------------------

      Code (inc. data)   RO Data    RW Data    ZI Data      Debug   Library Name

      2674        102          0          0          0       1140   mc_w.l
      1356          0          0          0          0       1048   mf_w.l

    ----------------------------------------------------------------------
      4032        102          0          0          0       2188   Library Totals

    ----------------------------------------------------------------------

==============================================================================


      Code (inc. data)   RO Data    RW Data    ZI Data      Debug   

     24452       1546       6176        260       5780     718116   Grand Totals
     24452       1546       6176        260       5780     718116   ELF Image Totals
     24452       1546       6176        260          0          0   ROM Totals

==============================================================================

    Total RO  Size (Code + RO Data)                30628 (  29.91kB)
    Total RW  Size (RW Data + ZI Data)              6040 (   5.90kB)
    Total ROM Size (Code + RO Data + RW Data)      30888 (  30.16kB)

==============================================================================

